Archive member included to satisfy reference by file (symbol)

c:/st/stm32cubeide_1.8.0/stm32cubeide/plugins/com.st.stm32cube.ide.mcu.externaltools.gnu-tools-for-stm32.10.3-2021.10.win32_1.0.0.202111181127/tools/bin/../lib/gcc/arm-none-eabi/10.3.1/../../../../arm-none-eabi/lib/thumb/v7e-m+fp/hard\libc_nano.a(lib_a-errno.o)
                              ./Core/Src/syscalls.o (__errno)
c:/st/stm32cubeide_1.8.0/stm32cubeide/plugins/com.st.stm32cube.ide.mcu.externaltools.gnu-tools-for-stm32.10.3-2021.10.win32_1.0.0.202111181127/tools/bin/../lib/gcc/arm-none-eabi/10.3.1/../../../../arm-none-eabi/lib/thumb/v7e-m+fp/hard\libc_nano.a(lib_a-exit.o)
                              c:/st/stm32cubeide_1.8.0/stm32cubeide/plugins/com.st.stm32cube.ide.mcu.externaltools.gnu-tools-for-stm32.10.3-2021.10.win32_1.0.0.202111181127/tools/bin/../lib/gcc/arm-none-eabi/10.3.1/../../../../arm-none-eabi/lib/thumb/v7e-m+fp/hard/crt0.o (exit)
c:/st/stm32cubeide_1.8.0/stm32cubeide/plugins/com.st.stm32cube.ide.mcu.externaltools.gnu-tools-for-stm32.10.3-2021.10.win32_1.0.0.202111181127/tools/bin/../lib/gcc/arm-none-eabi/10.3.1/../../../../arm-none-eabi/lib/thumb/v7e-m+fp/hard\libc_nano.a(lib_a-impure.o)
                              c:/st/stm32cubeide_1.8.0/stm32cubeide/plugins/com.st.stm32cube.ide.mcu.externaltools.gnu-tools-for-stm32.10.3-2021.10.win32_1.0.0.202111181127/tools/bin/../lib/gcc/arm-none-eabi/10.3.1/../../../../arm-none-eabi/lib/thumb/v7e-m+fp/hard\libc_nano.a(lib_a-exit.o) (_global_impure_ptr)
c:/st/stm32cubeide_1.8.0/stm32cubeide/plugins/com.st.stm32cube.ide.mcu.externaltools.gnu-tools-for-stm32.10.3-2021.10.win32_1.0.0.202111181127/tools/bin/../lib/gcc/arm-none-eabi/10.3.1/../../../../arm-none-eabi/lib/thumb/v7e-m+fp/hard\libc_nano.a(lib_a-init.o)
                              c:/st/stm32cubeide_1.8.0/stm32cubeide/plugins/com.st.stm32cube.ide.mcu.externaltools.gnu-tools-for-stm32.10.3-2021.10.win32_1.0.0.202111181127/tools/bin/../lib/gcc/arm-none-eabi/10.3.1/../../../../arm-none-eabi/lib/thumb/v7e-m+fp/hard/crt0.o (__libc_init_array)
c:/st/stm32cubeide_1.8.0/stm32cubeide/plugins/com.st.stm32cube.ide.mcu.externaltools.gnu-tools-for-stm32.10.3-2021.10.win32_1.0.0.202111181127/tools/bin/../lib/gcc/arm-none-eabi/10.3.1/../../../../arm-none-eabi/lib/thumb/v7e-m+fp/hard\libc_nano.a(lib_a-malloc.o)
                              ./Core/Src/main.o (malloc)
c:/st/stm32cubeide_1.8.0/stm32cubeide/plugins/com.st.stm32cube.ide.mcu.externaltools.gnu-tools-for-stm32.10.3-2021.10.win32_1.0.0.202111181127/tools/bin/../lib/gcc/arm-none-eabi/10.3.1/../../../../arm-none-eabi/lib/thumb/v7e-m+fp/hard\libc_nano.a(lib_a-memset.o)
                              c:/st/stm32cubeide_1.8.0/stm32cubeide/plugins/com.st.stm32cube.ide.mcu.externaltools.gnu-tools-for-stm32.10.3-2021.10.win32_1.0.0.202111181127/tools/bin/../lib/gcc/arm-none-eabi/10.3.1/../../../../arm-none-eabi/lib/thumb/v7e-m+fp/hard/crt0.o (memset)
c:/st/stm32cubeide_1.8.0/stm32cubeide/plugins/com.st.stm32cube.ide.mcu.externaltools.gnu-tools-for-stm32.10.3-2021.10.win32_1.0.0.202111181127/tools/bin/../lib/gcc/arm-none-eabi/10.3.1/../../../../arm-none-eabi/lib/thumb/v7e-m+fp/hard\libc_nano.a(lib_a-nano-freer.o)
                              c:/st/stm32cubeide_1.8.0/stm32cubeide/plugins/com.st.stm32cube.ide.mcu.externaltools.gnu-tools-for-stm32.10.3-2021.10.win32_1.0.0.202111181127/tools/bin/../lib/gcc/arm-none-eabi/10.3.1/../../../../arm-none-eabi/lib/thumb/v7e-m+fp/hard\libc_nano.a(lib_a-malloc.o) (_free_r)
c:/st/stm32cubeide_1.8.0/stm32cubeide/plugins/com.st.stm32cube.ide.mcu.externaltools.gnu-tools-for-stm32.10.3-2021.10.win32_1.0.0.202111181127/tools/bin/../lib/gcc/arm-none-eabi/10.3.1/../../../../arm-none-eabi/lib/thumb/v7e-m+fp/hard\libc_nano.a(lib_a-nano-mallocr.o)
                              c:/st/stm32cubeide_1.8.0/stm32cubeide/plugins/com.st.stm32cube.ide.mcu.externaltools.gnu-tools-for-stm32.10.3-2021.10.win32_1.0.0.202111181127/tools/bin/../lib/gcc/arm-none-eabi/10.3.1/../../../../arm-none-eabi/lib/thumb/v7e-m+fp/hard\libc_nano.a(lib_a-malloc.o) (_malloc_r)
c:/st/stm32cubeide_1.8.0/stm32cubeide/plugins/com.st.stm32cube.ide.mcu.externaltools.gnu-tools-for-stm32.10.3-2021.10.win32_1.0.0.202111181127/tools/bin/../lib/gcc/arm-none-eabi/10.3.1/../../../../arm-none-eabi/lib/thumb/v7e-m+fp/hard\libc_nano.a(lib_a-sbrkr.o)
                              c:/st/stm32cubeide_1.8.0/stm32cubeide/plugins/com.st.stm32cube.ide.mcu.externaltools.gnu-tools-for-stm32.10.3-2021.10.win32_1.0.0.202111181127/tools/bin/../lib/gcc/arm-none-eabi/10.3.1/../../../../arm-none-eabi/lib/thumb/v7e-m+fp/hard\libc_nano.a(lib_a-nano-mallocr.o) (_sbrk_r)
c:/st/stm32cubeide_1.8.0/stm32cubeide/plugins/com.st.stm32cube.ide.mcu.externaltools.gnu-tools-for-stm32.10.3-2021.10.win32_1.0.0.202111181127/tools/bin/../lib/gcc/arm-none-eabi/10.3.1/../../../../arm-none-eabi/lib/thumb/v7e-m+fp/hard\libc_nano.a(lib_a-sprintf.o)
                              ./Core/Src/fatfs_storage.o (sprintf)
[...]
Memory Configuration

Name             Origin             Length             Attributes
RAM              0x0000000020000000 0x0000000000050000 xrw
FLASH            0x0000000008000000 0x0000000000100000 xr
*default*        0x0000000000000000 0xffffffffffffffff

Linker script and memory map

LOAD c:/st/stm32cubeide_1.8.0/stm32cubeide/plugins/com.st.stm32cube.ide.mcu.externaltools.gnu-tools-for-stm32.10.3-2021.10.win32_1.0.0.202111181127/tools/bin/../lib/gcc/arm-none-eabi/10.3.1/thumb/v7e-m+fp/hard/crti.o
LOAD c:/st/stm32cubeide_1.8.0/stm32cubeide/plugins/com.st.stm32cube.ide.mcu.externaltools.gnu-tools-for-stm32.10.3-2021.10.win32_1.0.0.202111181127/tools/bin/../lib/gcc/arm-none-eabi/10.3.1/thumb/v7e-m+fp/hard/crtbegin.o
LOAD c:/st/stm32cubeide_1.8.0/stm32cubeide/plugins/com.st.stm32cube.ide.mcu.externaltools.gnu-tools-for-stm32.10.3-2021.10.win32_1.0.0.202111181127/tools/bin/../lib/gcc/arm-none-eabi/10.3.1/../../../../arm-none-eabi/lib/thumb/v7e-m+fp/hard/crt0.o
LOAD ./Core/Src/fatfs_storage.o
LOAD ./Core/Src/main.o
LOAD ./Core/Src/sd_diskio.o
LOAD ./Core/Src/stm32f7xx_hal_msp.o
LOAD ./Core/Src/stm32f7xx_it.o
LOAD ./Core/Src/syscalls.o
LOAD ./Core/Src/sysmem.o
LOAD ./Core/Src/system_stm32f7xx.o
LOAD ./Core/Startup/startup_stm32f746nghx.o
LOAD ./Drivers/STM32F7xx_HAL_Driver/Src/stm32f7xx_hal.o
LOAD ./Drivers/STM32F7xx_HAL_Driver/Src/stm32f7xx_hal_cortex.o
LOAD ./Drivers/STM32F7xx_HAL_Driver/Src/stm32f7xx_hal_crc.o
LOAD ./Drivers/STM32F7xx_HAL_Driver/Src/stm32f7xx_hal_crc_ex.o
LOAD ./Drivers/STM32F7xx_HAL_Driver/Src/stm32f7xx_hal_dma.o
LOAD ./Drivers/STM32F7xx_HAL_Driver/Src/stm32f7xx_hal_dma2d.o
LOAD ./Drivers/STM32F7xx_HAL_Driver/Src/stm32f7xx_hal_dma_ex.o
LOAD ./Drivers/STM32F7xx_HAL_Driver/Src/stm32f7xx_hal_exti.o
LOAD ./Drivers/STM32F7xx_HAL_Driver/Src/stm32f7xx_hal_flash.o
LOAD ./Drivers/STM32F7xx_HAL_Driver/Src/stm32f7xx_hal_flash_ex.o
LOAD ./Drivers/STM32F7xx_HAL_Driver/Src/stm32f7xx_hal_gpio.o
LOAD ./Drivers/STM32F7xx_HAL_Driver/Src/stm32f7xx_hal_i2c.o
LOAD ./Drivers/STM32F7xx_HAL_Driver/Src/stm32f7xx_hal_i2c_ex.o
LOAD ./Drivers/STM32F7xx_HAL_Driver/Src/stm32f7xx_hal_ltdc.o
LOAD ./Drivers/STM32F7xx_HAL_Driver/Src/stm32f7xx_hal_ltdc_ex.o
LOAD ./Drivers/STM32F7xx_HAL_Driver/Src/stm32f7xx_hal_pwr.o
LOAD ./Drivers/STM32F7xx_HAL_Driver/Src/stm32f7xx_hal_pwr_ex.o
LOAD ./Drivers/STM32F7xx_HAL_Driver/Src/stm32f7xx_hal_rcc.o
LOAD ./Drivers/STM32F7xx_HAL_Driver/Src/stm32f7xx_hal_rcc_ex.o
LOAD ./Drivers/STM32F7xx_HAL_Driver/Src/stm32f7xx_hal_sd.o
LOAD ./Drivers/STM32F7xx_HAL_Driver/Src/stm32f7xx_hal_sdram.o
LOAD ./Drivers/STM32F7xx_HAL_Driver/Src/stm32f7xx_hal_tim.o
LOAD ./Drivers/STM32F7xx_HAL_Driver/Src/stm32f7xx_hal_tim_ex.o
LOAD ./Drivers/STM32F7xx_HAL_Driver/Src/stm32f7xx_hal_uart.o
LOAD ./Drivers/STM32F7xx_HAL_Driver/Src/stm32f7xx_ll_fmc.o
LOAD ./Drivers/STM32F7xx_HAL_Driver/Src/stm32f7xx_ll_sdmmc.o
LOAD ./FATFS/diskio.o
LOAD ./FATFS/ff.o
LOAD ./FATFS/ff_gen_drv.o
LOAD ./FATFS/syscall.o
LOAD ./FATFS/unicode.o
LOAD ./GUI files/font12.o
LOAD ./GUI files/font16.o
LOAD ./GUI files/font20.o
LOAD ./GUI files/font24.o
LOAD ./GUI files/font8.o
LOAD ./GUI files/ft5336.o
LOAD ./GUI files/stm32746g_discovery.o
LOAD ./GUI files/stm32746g_discovery_lcd.o
LOAD ./GUI files/stm32746g_discovery_sd.o
LOAD ./GUI files/stm32746g_discovery_sdram.o
LOAD ./GUI files/stm32746g_discovery_ts.o
START GROUP
LOAD c:/st/stm32cubeide_1.8.0/stm32cubeide/plugins/com.st.stm32cube.ide.mcu.externaltools.gnu-tools-for-stm32.10.3-2021.10.win32_1.0.0.202111181127/tools/bin/../lib/gcc/arm-none-eabi/10.3.1/../../../../arm-none-eabi/lib/thumb/v7e-m+fp/hard\libc_nano.a
LOAD c:/st/stm32cubeide_1.8.0/stm32cubeide/plugins/com.st.stm32cube.ide.mcu.externaltools.gnu-tools-for-stm32.10.3-2021.10.win32_1.0.0.202111181127/tools/bin/../lib/gcc/arm-none-eabi/10.3.1/../../../../arm-none-eabi/lib/thumb/v7e-m+fp/hard\libm.a
END GROUP
START GROUP
LOAD c:/st/stm32cubeide_1.8.0/stm32cubeide/plugins/com.st.stm32cube.ide.mcu.externaltools.gnu-tools-for-stm32.10.3-2021.10.win32_1.0.0.202111181127/tools/bin/../lib/gcc/arm-none-eabi/10.3.1/thumb/v7e-m+fp/hard\libgcc.a
LOAD c:/st/stm32cubeide_1.8.0/stm32cubeide/plugins/com.st.stm32cube.ide.mcu.externaltools.gnu-tools-for-stm32.10.3-2021.10.win32_1.0.0.202111181127/tools/bin/../lib/gcc/arm-none-eabi/10.3.1/../../../../arm-none-eabi/lib/thumb/v7e-m+fp/hard\libc_nano.a
END GROUP
START GROUP
LOAD c:/st/stm32cubeide_1.8.0/stm32cubeide/plugins/com.st.stm32cube.ide.mcu.externaltools.gnu-tools-for-stm32.10.3-2021.10.win32_1.0.0.202111181127/tools/bin/../lib/gcc/arm-none-eabi/10.3.1/thumb/v7e-m+fp/hard\libgcc.a
LOAD c:/st/stm32cubeide_1.8.0/stm32cubeide/plugins/com.st.stm32cube.ide.mcu.externaltools.gnu-tools-for-stm32.10.3-2021.10.win32_1.0.0.202111181127/tools/bin/../lib/gcc/arm-none-eabi/10.3.1/../../../../arm-none-eabi/lib/thumb/v7e-m+fp/hard\libc_nano.a
LOAD c:/st/stm32cubeide_1.8.0/stm32cubeide/plugins/com.st.stm32cube.ide.mcu.externaltools.gnu-tools-for-stm32.10.3-2021.10.win32_1.0.0.202111181127/tools/bin/../lib/gcc/arm-none-eabi/10.3.1/../../../../arm-none-eabi/lib/thumb/v7e-m+fp/hard\libnosys.a
END GROUP
START GROUP
LOAD c:/st/stm32cubeide_1.8.0/stm32cubeide/plugins/com.st.stm32cube.ide.mcu.externaltools.gnu-tools-for-stm32.10.3-2021.10.win32_1.0.0.202111181127/tools/bin/../lib/gcc/arm-none-eabi/10.3.1/thumb/v7e-m+fp/hard\libgcc.a
LOAD c:/st/stm32cubeide_1.8.0/stm32cubeide/plugins/com.st.stm32cube.ide.mcu.externaltools.gnu-tools-for-stm32.10.3-2021.10.win32_1.0.0.202111181127/tools/bin/../lib/gcc/arm-none-eabi/10.3.1/../../../../arm-none-eabi/lib/thumb/v7e-m+fp/hard\libc_nano.a
LOAD c:/st/stm32cubeide_1.8.0/stm32cubeide/plugins/com.st.stm32cube.ide.mcu.externaltools.gnu-tools-for-stm32.10.3-2021.10.win32_1.0.0.202111181127/tools/bin/../lib/gcc/arm-none-eabi/10.3.1/../../../../arm-none-eabi/lib/thumb/v7e-m+fp/hard\libnosys.a
END GROUP
LOAD c:/st/stm32cubeide_1.8.0/stm32cubeide/plugins/com.st.stm32cube.ide.mcu.externaltools.gnu-tools-for-stm32.10.3-2021.10.win32_1.0.0.202111181127/tools/bin/../lib/gcc/arm-none-eabi/10.3.1/thumb/v7e-m+fp/hard/crtend.o
LOAD c:/st/stm32cubeide_1.8.0/stm32cubeide/plugins/com.st.stm32cube.ide.mcu.externaltools.gnu-tools-for-stm32.10.3-2021.10.win32_1.0.0.202111181127/tools/bin/../lib/gcc/arm-none-eabi/10.3.1/thumb/v7e-m+fp/hard/crtn.o
                0x0000000020050000                _estack = (ORIGIN (RAM) + LENGTH (RAM))
                0x0000000000000200                _Min_Heap_Size = 0x200
                0x0000000000000400                _Min_Stack_Size = 0x400

.isr_vector     0x0000000008000000      0x1c8
                0x0000000008000000                . = ALIGN (0x4)
 *(.isr_vector)
 .isr_vector    0x0000000008000000      0x1c8 ./Core/Startup/startup_stm32f746nghx.o
                0x0000000008000000                g_pfnVectors
                0x00000000080001c8                . = ALIGN (0x4)

.text           0x00000000080001d0     0xa0d4
                0x00000000080001d0                . = ALIGN (0x4)
 *(.text)
 .text          0x00000000080001d0       0x40 c:/st/stm32cubeide_1.8.0/stm32cubeide/plugins/com.st.stm32cube.ide.mcu.externaltools.gnu-tools-for-stm32.10.3-2021.10.win32_1.0.0.202111181127/tools/bin/../lib/gcc/arm-none-eabi/10.3.1/thumb/v7e-m+fp/hard/crtbegin.o
 .text          0x0000000008000210       0xa0 c:/st/stm32cubeide_1.8.0/stm32cubeide/plugins/com.st.stm32cube.ide.mcu.externaltools.gnu-tools-for-stm32.10.3-2021.10.win32_1.0.0.202111181127/tools/bin/../lib/gcc/arm-none-eabi/10.3.1/../../../../arm-none-eabi/lib/thumb/v7e-m+fp/hard\libc_nano.a(lib_a-memchr.o)
                0x0000000008000210                memchr
 .text          0x00000000080002b0       0x30 c:/st/stm32cubeide_1.8.0/stm32cubeide/plugins/com.st.stm32cube.ide.mcu.externaltools.gnu-tools-for-stm32.10.3-2021.10.win32_1.0.0.202111181127/tools/bin/../lib/gcc/arm-none-eabi/10.3.1/thumb/v7e-m+fp/hard\libgcc.a(_aeabi_uldivmod.o)
                0x00000000080002b0                __aeabi_uldivmod
 .text          0x00000000080002e0      0x2d0 c:/st/stm32cubeide_1.8.0/stm32cubeide/plugins/com.st.stm32cube.ide.mcu.externaltools.gnu-tools-for-stm32.10.3-2021.10.win32_1.0.0.202111181127/tools/bin/../lib/gcc/arm-none-eabi/10.3.1/thumb/v7e-m+fp/hard\libgcc.a(_udivmoddi4.o)
                0x00000000080002e0                __udivmoddi4
 .text          0x00000000080005b0        0x4 c:/st/stm32cubeide_1.8.0/stm32cubeide/plugins/com.st.stm32cube.ide.mcu.externaltools.gnu-tools-for-stm32.10.3-2021.10.win32_1.0.0.202111181127/tools/bin/../lib/gcc/arm-none-eabi/10.3.1/thumb/v7e-m+fp/hard\libgcc.a(_dvmd_tls.o)
                0x00000000080005b0                __aeabi_idiv0
                0x00000000080005b0                __aeabi_ldiv0
 *(.text*)
 .text.Storage_OpenReadFile
                0x00000000080005b4      0x180 ./Core/Src/fatfs_storage.o
                0x00000000080005b4                Storage_OpenReadFile
 .text.Storage_CheckBitmapFile
                0x0000000008000734       0x74 ./Core/Src/fatfs_storage.o
                0x0000000008000734                Storage_CheckBitmapFile
 .text.Storage_GetDirectoryBitmapFiles
                0x00000000080007a8       0xa0 ./Core/Src/fatfs_storage.o
                0x00000000080007a8                Storage_GetDirectoryBitmapFiles
 .text.Buffercmp
                0x0000000008000848       0x44 ./Core/Src/fatfs_storage.o
                0x0000000008000848                Buffercmp
 .text.SCB_EnableICache
                0x000000000800088c       0x4c ./Core/Src/main.o
 .text.SCB_EnableDCache
                0x00000000080008d8       0x88 ./Core/Src/main.o
 .text.main     0x0000000008000960      0x348 ./Core/Src/main.o
                0x0000000008000960                main
 .text.SystemClock_Config
                0x0000000008000ca8       0xd8 ./Core/Src/main.o
                0x0000000008000ca8                SystemClock_Config
 .text.MX_CRC_Init
                0x0000000008000d80       0x44 ./Core/Src/main.o
 .text.MX_DMA2D_Init
                0x0000000008000dc4       0x64 ./Core/Src/main.o
 .text.MX_GPIO_Init
                0x0000000008000e28       0x7c ./Core/Src/main.o
 .text.Error_Handler
                0x0000000008000ea4        0xa ./Core/Src/main.o
                0x0000000008000ea4                Error_Handler
 *fill*         0x0000000008000eae        0x2 
 .text.SD_CheckStatus
                0x0000000008000eb0       0x3c ./Core/Src/sd_diskio.o
 .text.SD_initialize
                0x0000000008000eec       0x3c ./Core/Src/sd_diskio.o
                0x0000000008000eec                SD_initialize
 .text.SD_status
                0x0000000008000f28       0x1c ./Core/Src/sd_diskio.o
                0x0000000008000f28                SD_status
 .text.SD_read  0x0000000008000f44       0x42 ./Core/Src/sd_diskio.o
                0x0000000008000f44                SD_read
 .text.SD_write
                0x0000000008000f86       0x42 ./Core/Src/sd_diskio.o
                0x0000000008000f86                SD_write
 .text.SD_ioctl
                0x0000000008000fc8       0xb0 ./Core/Src/sd_diskio.o
                0x0000000008000fc8                SD_ioctl
 .text.HAL_MspInit
                0x0000000008001078       0x48 ./Core/Src/stm32f7xx_hal_msp.o
                0x0000000008001078                HAL_MspInit
 .text.HAL_CRC_MspInit
                0x00000000080010c0       0x40 ./Core/Src/stm32f7xx_hal_msp.o
                0x00000000080010c0                HAL_CRC_MspInit
 .text.HAL_DMA2D_MspInit
                0x0000000008001100       0x40 ./Core/Src/stm32f7xx_hal_msp.o
                0x0000000008001100                HAL_DMA2D_MspInit
 .text.NMI_Handler
                0x0000000008001140        0x6 ./Core/Src/stm32f7xx_it.o
                0x0000000008001140                NMI_Handler
 .text.HardFault_Handler
                0x0000000008001146        0x6 ./Core/Src/stm32f7xx_it.o
                0x0000000008001146                HardFault_Handler
 .text.MemManage_Handler
                0x000000000800114c        0x6 ./Core/Src/stm32f7xx_it.o
                0x000000000800114c                MemManage_Handler
 .text.BusFault_Handler
                0x0000000008001152        0x6 ./Core/Src/stm32f7xx_it.o
                0x0000000008001152                BusFault_Handler
 .text.UsageFault_Handler
                0x0000000008001158        0x6 ./Core/Src/stm32f7xx_it.o
                0x0000000008001158                UsageFault_Handler
 .text.SVC_Handler
                0x000000000800115e        0xe ./Core/Src/stm32f7xx_it.o
                0x000000000800115e                SVC_Handler
 .text.DebugMon_Handler
                0x000000000800116c        0xe ./Core/Src/stm32f7xx_it.o
                0x000000000800116c                DebugMon_Handler
 .text.PendSV_Handler
                0x000000000800117a        0xe ./Core/Src/stm32f7xx_it.o
                0x000000000800117a                PendSV_Handler
 .text.SysTick_Handler
                0x0000000008001188        0xc ./Core/Src/stm32f7xx_it.o
                0x0000000008001188                SysTick_Handler
 .text.LTDC_IRQHandler
                0x0000000008001194       0x14 ./Core/Src/stm32f7xx_it.o
                0x0000000008001194                LTDC_IRQHandler
 .text._sbrk    0x00000000080011a8       0x6c ./Core/Src/sysmem.o
                0x00000000080011a8                _sbrk
 .text.SystemInit
                0x0000000008001214       0x24 ./Core/Src/system_stm32f7xx.o
                0x0000000008001214                SystemInit
 .text.Reset_Handler
                0x0000000008001238       0x50 ./Core/Startup/startup_stm32f746nghx.o
                0x0000000008001238                Reset_Handler
 .text.Default_Handler
                0x0000000008001288        0x2 ./Core/Startup/startup_stm32f746nghx.o
                0x0000000008001288                RTC_Alarm_IRQHandler
                0x0000000008001288                EXTI2_IRQHandler
                0x0000000008001288                TIM8_CC_IRQHandler
                0x0000000008001288                UART8_IRQHandler
                0x0000000008001288                SPI4_IRQHandler
                0x0000000008001288                TIM1_CC_IRQHandler
                0x0000000008001288                DMA2_Stream5_IRQHandler
                0x0000000008001288                DMA1_Stream5_IRQHandler
                0x0000000008001288                PVD_IRQHandler
                0x0000000008001288                TAMP_STAMP_IRQHandler
                0x0000000008001288                CAN2_RX1_IRQHandler
                0x0000000008001288                EXTI3_IRQHandler
                0x0000000008001288                TIM8_TRG_COM_TIM14_IRQHandler
                0x0000000008001288                TIM1_UP_TIM10_IRQHandler
                0x0000000008001288                TIM8_UP_TIM13_IRQHandler
                0x0000000008001288                I2C3_ER_IRQHandler
                0x0000000008001288                EXTI0_IRQHandler
                0x0000000008001288                I2C2_EV_IRQHandler
                0x0000000008001288                DMA1_Stream2_IRQHandler
                0x0000000008001288                CAN1_RX0_IRQHandler
                0x0000000008001288                FPU_IRQHandler
                0x0000000008001288                OTG_HS_WKUP_IRQHandler
                0x0000000008001288                LTDC_ER_IRQHandler
                0x0000000008001288                CAN2_SCE_IRQHandler
                0x0000000008001288                DMA2_Stream2_IRQHandler
                0x0000000008001288                SPI1_IRQHandler
                0x0000000008001288                TIM6_DAC_IRQHandler
                0x0000000008001288                TIM1_BRK_TIM9_IRQHandler
                0x0000000008001288                DCMI_IRQHandler
                0x0000000008001288                CAN2_RX0_IRQHandler
                0x0000000008001288                DMA2_Stream3_IRQHandler
                0x0000000008001288                SAI2_IRQHandler
                0x0000000008001288                USART6_IRQHandler
                0x0000000008001288                USART3_IRQHandler
                0x0000000008001288                CAN1_RX1_IRQHandler
                0x0000000008001288                UART5_IRQHandler
                0x0000000008001288                DMA2_Stream0_IRQHandler
                0x0000000008001288                TIM4_IRQHandler
                0x0000000008001288                QUADSPI_IRQHandler
                0x0000000008001288                I2C1_EV_IRQHandler
                0x0000000008001288                DMA1_Stream6_IRQHandler
                0x0000000008001288                DMA1_Stream1_IRQHandler
                0x0000000008001288                UART4_IRQHandler
                0x0000000008001288                TIM3_IRQHandler
                0x0000000008001288                RCC_IRQHandler
                0x0000000008001288                TIM8_BRK_TIM12_IRQHandler
                0x0000000008001288                Default_Handler
                0x0000000008001288                CEC_IRQHandler
                0x0000000008001288                EXTI15_10_IRQHandler
                0x0000000008001288                ADC_IRQHandler
                0x0000000008001288                DMA1_Stream7_IRQHandler
                0x0000000008001288                SPI5_IRQHandler
                0x0000000008001288                TIM7_IRQHandler
                0x0000000008001288                SDMMC1_IRQHandler
                0x0000000008001288                CAN2_TX_IRQHandler
                0x0000000008001288                TIM5_IRQHandler
                0x0000000008001288                DMA2_Stream7_IRQHandler
                0x0000000008001288                I2C3_EV_IRQHandler
                0x0000000008001288                EXTI9_5_IRQHandler
                0x0000000008001288                RTC_WKUP_IRQHandler
                0x0000000008001288                ETH_WKUP_IRQHandler
                0x0000000008001288                SPDIF_RX_IRQHandler
                0x0000000008001288                SPI2_IRQHandler
                0x0000000008001288                OTG_HS_EP1_IN_IRQHandler
                0x0000000008001288                DMA1_Stream0_IRQHandler
                0x0000000008001288                CAN1_TX_IRQHandler
                0x0000000008001288                EXTI4_IRQHandler
                0x0000000008001288                RNG_IRQHandler
                0x0000000008001288                ETH_IRQHandler
                0x0000000008001288                OTG_HS_EP1_OUT_IRQHandler
                0x0000000008001288                WWDG_IRQHandler
                0x0000000008001288                SPI6_IRQHandler
                0x0000000008001288                I2C4_EV_IRQHandler
                0x0000000008001288                TIM2_IRQHandler
                0x0000000008001288                OTG_FS_WKUP_IRQHandler
                0x0000000008001288                TIM1_TRG_COM_TIM11_IRQHandler
                0x0000000008001288                OTG_HS_IRQHandler
                0x0000000008001288                DMA2D_IRQHandler
                0x0000000008001288                EXTI1_IRQHandler
                0x0000000008001288                UART7_IRQHandler
                0x0000000008001288                USART2_IRQHandler
                0x0000000008001288                I2C2_ER_IRQHandler
                0x0000000008001288                DMA2_Stream1_IRQHandler
                0x0000000008001288                CAN1_SCE_IRQHandler
                0x0000000008001288                FLASH_IRQHandler
                0x0000000008001288                DMA2_Stream4_IRQHandler
                0x0000000008001288                USART1_IRQHandler
                0x0000000008001288                OTG_FS_IRQHandler
                0x0000000008001288                SPI3_IRQHandler
                0x0000000008001288                DMA1_Stream4_IRQHandler
                0x0000000008001288                I2C1_ER_IRQHandler
                0x0000000008001288                FMC_IRQHandler
                0x0000000008001288                LPTIM1_IRQHandler
                0x0000000008001288                I2C4_ER_IRQHandler
                0x0000000008001288                DMA2_Stream6_IRQHandler
                0x0000000008001288                SAI1_IRQHandler
                0x0000000008001288                DMA1_Stream3_IRQHandler
 .text.HAL_Init
                0x000000000800128a       0x1a ./Drivers/STM32F7xx_HAL_Driver/Src/stm32f7xx_hal.o
                0x000000000800128a                HAL_Init
 .text.HAL_InitTick
                0x00000000080012a4       0x60 ./Drivers/STM32F7xx_HAL_Driver/Src/stm32f7xx_hal.o
                0x00000000080012a4                HAL_InitTick
 .text.HAL_IncTick
                0x0000000008001304       0x28 ./Drivers/STM32F7xx_HAL_Driver/Src/stm32f7xx_hal.o
                0x0000000008001304                HAL_IncTick
 .text.HAL_GetTick
                0x000000000800132c       0x18 ./Drivers/STM32F7xx_HAL_Driver/Src/stm32f7xx_hal.o
                0x000000000800132c                HAL_GetTick
 .text.HAL_Delay
                0x0000000008001344       0x48 ./Drivers/STM32F7xx_HAL_Driver/Src/stm32f7xx_hal.o
                0x0000000008001344                HAL_Delay
 .text.__NVIC_SetPriorityGrouping
                0x000000000800138c       0x48 ./Drivers/STM32F7xx_HAL_Driver/Src/stm32f7xx_hal_cortex.o
 .text.__NVIC_GetPriorityGrouping
                0x00000000080013d4       0x1c ./Drivers/STM32F7xx_HAL_Driver/Src/stm32f7xx_hal_cortex.o
 .text.__NVIC_EnableIRQ
                0x00000000080013f0       0x3c ./Drivers/STM32F7xx_HAL_Driver/Src/stm32f7xx_hal_cortex.o
 .text.__NVIC_SetPriority
                0x000000000800142c       0x54 ./Drivers/STM32F7xx_HAL_Driver/Src/stm32f7xx_hal_cortex.o
 .text.NVIC_EncodePriority
                0x0000000008001480       0x66 ./Drivers/STM32F7xx_HAL_Driver/Src/stm32f7xx_hal_cortex.o
 *fill*         0x00000000080014e6        0x2 
 .text.SysTick_Config
                0x00000000080014e8       0x44 ./Drivers/STM32F7xx_HAL_Driver/Src/stm32f7xx_hal_cortex.o
 .text.HAL_NVIC_SetPriorityGrouping
                0x000000000800152c       0x16 ./Drivers/STM32F7xx_HAL_Driver/Src/stm32f7xx_hal_cortex.o
                0x000000000800152c                HAL_NVIC_SetPriorityGrouping
 .text.HAL_NVIC_SetPriority
                0x0000000008001542       0x38 ./Drivers/STM32F7xx_HAL_Driver/Src/stm32f7xx_hal_cortex.o
                0x0000000008001542                HAL_NVIC_SetPriority
 .text.HAL_NVIC_EnableIRQ
                0x000000000800157a       0x1c ./Drivers/STM32F7xx_HAL_Driver/Src/stm32f7xx_hal_cortex.o
                0x000000000800157a                HAL_NVIC_EnableIRQ
 .text.HAL_SYSTICK_Config
                0x0000000008001596       0x18 ./Drivers/STM32F7xx_HAL_Driver/Src/stm32f7xx_hal_cortex.o
                0x0000000008001596                HAL_SYSTICK_Config
 *fill*         0x00000000080015ae        0x2 
 .text.HAL_CRC_Init
                0x00000000080015b0       0xc8 ./Drivers/STM32F7xx_HAL_Driver/Src/stm32f7xx_hal_crc.o
                0x00000000080015b0                HAL_CRC_Init
 .text.HAL_CRCEx_Polynomial_Set
                0x0000000008001678      0x10c ./Drivers/STM32F7xx_HAL_Driver/Src/stm32f7xx_hal_crc_ex.o
                0x0000000008001678                HAL_CRCEx_Polynomial_Set
 .text.HAL_DMA_Init
                0x0000000008001784      0x15c ./Drivers/STM32F7xx_HAL_Driver/Src/stm32f7xx_hal_dma.o
                0x0000000008001784                HAL_DMA_Init
 .text.HAL_DMA_DeInit
                0x00000000080018e0       0xbc ./Drivers/STM32F7xx_HAL_Driver/Src/stm32f7xx_hal_dma.o
                0x00000000080018e0                HAL_DMA_DeInit
 .text.DMA_CalcBaseAndBitshift
                0x000000000800199c       0x6c ./Drivers/STM32F7xx_HAL_Driver/Src/stm32f7xx_hal_dma.o
 .text.DMA_CheckFifoParam
                0x0000000008001a08       0xf8 ./Drivers/STM32F7xx_HAL_Driver/Src/stm32f7xx_hal_dma.o
 .text.HAL_DMA2D_Init
                0x0000000008001b00       0x94 ./Drivers/STM32F7xx_HAL_Driver/Src/stm32f7xx_hal_dma2d.o
                0x0000000008001b00                HAL_DMA2D_Init
 .text.HAL_DMA2D_Start
                0x0000000008001b94       0x56 ./Drivers/STM32F7xx_HAL_Driver/Src/stm32f7xx_hal_dma2d.o
                0x0000000008001b94                HAL_DMA2D_Start
 .text.HAL_DMA2D_PollForTransfer
                0x0000000008001bea      0x1d2 ./Drivers/STM32F7xx_HAL_Driver/Src/stm32f7xx_hal_dma2d.o
                0x0000000008001bea                HAL_DMA2D_PollForTransfer
 .text.HAL_DMA2D_ConfigLayer
                0x0000000008001dbc      0x124 ./Drivers/STM32F7xx_HAL_Driver/Src/stm32f7xx_hal_dma2d.o
                0x0000000008001dbc                HAL_DMA2D_ConfigLayer
 .text.DMA2D_SetConfig
                0x0000000008001ee0      0x138 ./Drivers/STM32F7xx_HAL_Driver/Src/stm32f7xx_hal_dma2d.o
 .text.HAL_GPIO_Init
                0x0000000008002018      0x358 ./Drivers/STM32F7xx_HAL_Driver/Src/stm32f7xx_hal_gpio.o
                0x0000000008002018                HAL_GPIO_Init
 .text.HAL_GPIO_ReadPin
                0x0000000008002370       0x30 ./Drivers/STM32F7xx_HAL_Driver/Src/stm32f7xx_hal_gpio.o
                0x0000000008002370                HAL_GPIO_ReadPin
 .text.HAL_GPIO_WritePin
                0x00000000080023a0       0x32 ./Drivers/STM32F7xx_HAL_Driver/Src/stm32f7xx_hal_gpio.o
                0x00000000080023a0                HAL_GPIO_WritePin
 *fill*         0x00000000080023d2        0x2 
 .text.HAL_LTDC_Init
                0x00000000080023d4      0x1b8 ./Drivers/STM32F7xx_HAL_Driver/Src/stm32f7xx_hal_ltdc.o
                0x00000000080023d4                HAL_LTDC_Init
 .text.HAL_LTDC_MspInit
                0x000000000800258c       0x14 ./Drivers/STM32F7xx_HAL_Driver/Src/stm32f7xx_hal_ltdc.o
                0x000000000800258c                HAL_LTDC_MspInit
 .text.HAL_LTDC_IRQHandler
                0x00000000080025a0      0x158 ./Drivers/STM32F7xx_HAL_Driver/Src/stm32f7xx_hal_ltdc.o
                0x00000000080025a0                HAL_LTDC_IRQHandler
 .text.HAL_LTDC_ErrorCallback
                0x00000000080026f8       0x14 ./Drivers/STM32F7xx_HAL_Driver/Src/stm32f7xx_hal_ltdc.o
                0x00000000080026f8                HAL_LTDC_ErrorCallback
 .text.HAL_LTDC_LineEventCallback
                0x000000000800270c       0x14 ./Drivers/STM32F7xx_HAL_Driver/Src/stm32f7xx_hal_ltdc.o
                0x000000000800270c                HAL_LTDC_LineEventCallback
 .text.HAL_LTDC_ReloadEventCallback
                0x0000000008002720       0x14 ./Drivers/STM32F7xx_HAL_Driver/Src/stm32f7xx_hal_ltdc.o
                0x0000000008002720                HAL_LTDC_ReloadEventCallback
 .text.HAL_LTDC_ConfigLayer
                0x0000000008002734       0x7c ./Drivers/STM32F7xx_HAL_Driver/Src/stm32f7xx_hal_ltdc.o
                0x0000000008002734                HAL_LTDC_ConfigLayer
 .text.HAL_LTDC_SetAlpha
                0x00000000080027b0       0x6c ./Drivers/STM32F7xx_HAL_Driver/Src/stm32f7xx_hal_ltdc.o
                0x00000000080027b0                HAL_LTDC_SetAlpha
 .text.HAL_LTDC_GetState
                0x000000000800281c       0x1c ./Drivers/STM32F7xx_HAL_Driver/Src/stm32f7xx_hal_ltdc.o
                0x000000000800281c                HAL_LTDC_GetState
 .text.LTDC_SetConfig
                0x0000000008002838      0x340 ./Drivers/STM32F7xx_HAL_Driver/Src/stm32f7xx_hal_ltdc.o
 .text.HAL_PWREx_EnableOverDrive
                0x0000000008002b78       0xa0 ./Drivers/STM32F7xx_HAL_Driver/Src/stm32f7xx_hal_pwr_ex.o
                0x0000000008002b78                HAL_PWREx_EnableOverDrive
 .text.HAL_RCC_OscConfig
                0x0000000008002c18      0x548 ./Drivers/STM32F7xx_HAL_Driver/Src/stm32f7xx_hal_rcc.o
                0x0000000008002c18                HAL_RCC_OscConfig
 .text.HAL_RCC_ClockConfig
                0x0000000008003160      0x1d8 ./Drivers/STM32F7xx_HAL_Driver/Src/stm32f7xx_hal_rcc.o
                0x0000000008003160                HAL_RCC_ClockConfig
 .text.HAL_RCC_GetSysClockFreq
                0x0000000008003338      0x18c ./Drivers/STM32F7xx_HAL_Driver/Src/stm32f7xx_hal_rcc.o
                0x0000000008003338                HAL_RCC_GetSysClockFreq
 .text.HAL_RCCEx_PeriphCLKConfig
                0x00000000080034c4      0x7e0 ./Drivers/STM32F7xx_HAL_Driver/Src/stm32f7xx_hal_rcc_ex.o
                0x00000000080034c4                HAL_RCCEx_PeriphCLKConfig
 .text.HAL_SD_Init
                0x0000000008003ca4       0x56 ./Drivers/STM32F7xx_HAL_Driver/Src/stm32f7xx_hal_sd.o
                0x0000000008003ca4                HAL_SD_Init
 .text.HAL_SD_InitCard
                0x0000000008003cfa       0xc8 ./Drivers/STM32F7xx_HAL_Driver/Src/stm32f7xx_hal_sd.o
                0x0000000008003cfa                HAL_SD_InitCard
 .text.HAL_SD_MspInit
                0x0000000008003dc2       0x14 ./Drivers/STM32F7xx_HAL_Driver/Src/stm32f7xx_hal_sd.o
                0x0000000008003dc2                HAL_SD_MspInit
 .text.HAL_SD_ReadBlocks
                0x0000000008003dd6      0x32c ./Drivers/STM32F7xx_HAL_Driver/Src/stm32f7xx_hal_sd.o
                0x0000000008003dd6                HAL_SD_ReadBlocks
 .text.HAL_SD_WriteBlocks
                0x0000000008004102      0x2ce ./Drivers/STM32F7xx_HAL_Driver/Src/stm32f7xx_hal_sd.o
                0x0000000008004102                HAL_SD_WriteBlocks
 .text.HAL_SD_GetCardCSD
                0x00000000080043d0      0x450 ./Drivers/STM32F7xx_HAL_Driver/Src/stm32f7xx_hal_sd.o
                0x00000000080043d0                HAL_SD_GetCardCSD
 .text.HAL_SD_GetCardInfo
                0x0000000008004820       0x58 ./Drivers/STM32F7xx_HAL_Driver/Src/stm32f7xx_hal_sd.o
                0x0000000008004820                HAL_SD_GetCardInfo
 .text.HAL_SD_ConfigWideBusOperation
                0x0000000008004878       0xf8 ./Drivers/STM32F7xx_HAL_Driver/Src/stm32f7xx_hal_sd.o
                0x0000000008004878                HAL_SD_ConfigWideBusOperation
 .text.HAL_SD_GetCardState
                0x0000000008004970       0x4a ./Drivers/STM32F7xx_HAL_Driver/Src/stm32f7xx_hal_sd.o
                0x0000000008004970                HAL_SD_GetCardState
 .text.SD_InitCard
                0x00000000080049ba      0x194 ./Drivers/STM32F7xx_HAL_Driver/Src/stm32f7xx_hal_sd.o
 .text.SD_PowerON
                0x0000000008004b4e      0x150 ./Drivers/STM32F7xx_HAL_Driver/Src/stm32f7xx_hal_sd.o
 .text.SD_SendStatus
                0x0000000008004c9e       0x54 ./Drivers/STM32F7xx_HAL_Driver/Src/stm32f7xx_hal_sd.o
 .text.SD_WideBus_Enable
                0x0000000008004cf2       0x9a ./Drivers/STM32F7xx_HAL_Driver/Src/stm32f7xx_hal_sd.o
 .text.SD_WideBus_Disable
                0x0000000008004d8c       0x9a ./Drivers/STM32F7xx_HAL_Driver/Src/stm32f7xx_hal_sd.o
 .text.SD_FindSCR
                0x0000000008004e26      0x192 ./Drivers/STM32F7xx_HAL_Driver/Src/stm32f7xx_hal_sd.o
 .text.HAL_SDRAM_Init
                0x0000000008004fb8       0x68 ./Drivers/STM32F7xx_HAL_Driver/Src/stm32f7xx_hal_sdram.o
                0x0000000008004fb8                HAL_SDRAM_Init
 .text.HAL_SDRAM_MspInit
                0x0000000008005020       0x14 ./Drivers/STM32F7xx_HAL_Driver/Src/stm32f7xx_hal_sdram.o
                0x0000000008005020                HAL_SDRAM_MspInit
 .text.HAL_SDRAM_SendCommand
                0x0000000008005034       0x56 ./Drivers/STM32F7xx_HAL_Driver/Src/stm32f7xx_hal_sdram.o
                0x0000000008005034                HAL_SDRAM_SendCommand
 .text.HAL_SDRAM_ProgramRefreshRate
                0x000000000800508a       0x40 ./Drivers/STM32F7xx_HAL_Driver/Src/stm32f7xx_hal_sdram.o
                0x000000000800508a                HAL_SDRAM_ProgramRefreshRate
 *fill*         0x00000000080050ca        0x2 
 .text.FMC_SDRAM_Init
                0x00000000080050cc       0xe4 ./Drivers/STM32F7xx_HAL_Driver/Src/stm32f7xx_ll_fmc.o
                0x00000000080050cc                FMC_SDRAM_Init
 .text.FMC_SDRAM_Timing_Init
                0x00000000080051b0      0x100 ./Drivers/STM32F7xx_HAL_Driver/Src/stm32f7xx_ll_fmc.o
                0x00000000080051b0                FMC_SDRAM_Timing_Init
 .text.FMC_SDRAM_SendCommand
                0x00000000080052b0       0x42 ./Drivers/STM32F7xx_HAL_Driver/Src/stm32f7xx_ll_fmc.o
                0x00000000080052b0                FMC_SDRAM_SendCommand
 .text.FMC_SDRAM_ProgramRefreshRate
                0x00000000080052f2       0x26 ./Drivers/STM32F7xx_HAL_Driver/Src/stm32f7xx_ll_fmc.o
                0x00000000080052f2                FMC_SDRAM_ProgramRefreshRate
 .text.SDMMC_Init
                0x0000000008005318       0x58 ./Drivers/STM32F7xx_HAL_Driver/Src/stm32f7xx_ll_sdmmc.o
                0x0000000008005318                SDMMC_Init
 .text.SDMMC_ReadFIFO
                0x0000000008005370       0x1a ./Drivers/STM32F7xx_HAL_Driver/Src/stm32f7xx_ll_sdmmc.o
                0x0000000008005370                SDMMC_ReadFIFO
 .text.SDMMC_WriteFIFO
                0x000000000800538a       0x22 ./Drivers/STM32F7xx_HAL_Driver/Src/stm32f7xx_ll_sdmmc.o
                0x000000000800538a                SDMMC_WriteFIFO
 .text.SDMMC_PowerState_ON
                0x00000000080053ac       0x1c ./Drivers/STM32F7xx_HAL_Driver/Src/stm32f7xx_ll_sdmmc.o
                0x00000000080053ac                SDMMC_PowerState_ON
 .text.SDMMC_GetPowerState
                0x00000000080053c8       0x1c ./Drivers/STM32F7xx_HAL_Driver/Src/stm32f7xx_ll_sdmmc.o
                0x00000000080053c8                SDMMC_GetPowerState
 .text.SDMMC_SendCommand
                0x00000000080053e4       0x54 ./Drivers/STM32F7xx_HAL_Driver/Src/stm32f7xx_ll_sdmmc.o
                0x00000000080053e4                SDMMC_SendCommand
 .text.SDMMC_GetCommandResponse
                0x0000000008005438       0x1a ./Drivers/STM32F7xx_HAL_Driver/Src/stm32f7xx_ll_sdmmc.o
                0x0000000008005438                SDMMC_GetCommandResponse
 .text.SDMMC_GetResponse
                0x0000000008005452       0x2a ./Drivers/STM32F7xx_HAL_Driver/Src/stm32f7xx_ll_sdmmc.o
                0x0000000008005452                SDMMC_GetResponse
 .text.SDMMC_ConfigData
                0x000000000800547c       0x58 ./Drivers/STM32F7xx_HAL_Driver/Src/stm32f7xx_ll_sdmmc.o
                0x000000000800547c                SDMMC_ConfigData
 .text.SDMMC_CmdBlockLength
                0x00000000080054d4       0x48 ./Drivers/STM32F7xx_HAL_Driver/Src/stm32f7xx_ll_sdmmc.o
                0x00000000080054d4                SDMMC_CmdBlockLength
 .text.SDMMC_CmdReadSingleBlock
                0x000000000800551c       0x48 ./Drivers/STM32F7xx_HAL_Driver/Src/stm32f7xx_ll_sdmmc.o
                0x000000000800551c                SDMMC_CmdReadSingleBlock
 .text.SDMMC_CmdReadMultiBlock
                0x0000000008005564       0x48 ./Drivers/STM32F7xx_HAL_Driver/Src/stm32f7xx_ll_sdmmc.o
                0x0000000008005564                SDMMC_CmdReadMultiBlock
 .text.SDMMC_CmdWriteSingleBlock
                0x00000000080055ac       0x48 ./Drivers/STM32F7xx_HAL_Driver/Src/stm32f7xx_ll_sdmmc.o
                0x00000000080055ac                SDMMC_CmdWriteSingleBlock
 .text.SDMMC_CmdWriteMultiBlock
                0x00000000080055f4       0x48 ./Drivers/STM32F7xx_HAL_Driver/Src/stm32f7xx_ll_sdmmc.o
                0x00000000080055f4                SDMMC_CmdWriteMultiBlock
 .text.SDMMC_CmdStopTransfer
                0x000000000800563c       0x48 ./Drivers/STM32F7xx_HAL_Driver/Src/stm32f7xx_ll_sdmmc.o
                0x000000000800563c                SDMMC_CmdStopTransfer
 .text.SDMMC_CmdSelDesel
                0x0000000008005684       0x4a ./Drivers/STM32F7xx_HAL_Driver/Src/stm32f7xx_ll_sdmmc.o
                0x0000000008005684                SDMMC_CmdSelDesel
 .text.SDMMC_CmdGoIdleState
                0x00000000080056ce       0x40 ./Drivers/STM32F7xx_HAL_Driver/Src/stm32f7xx_ll_sdmmc.o
                0x00000000080056ce                SDMMC_CmdGoIdleState
 .text.SDMMC_CmdOperCond
                0x000000000800570e       0x42 ./Drivers/STM32F7xx_HAL_Driver/Src/stm32f7xx_ll_sdmmc.o
                0x000000000800570e                SDMMC_CmdOperCond
 .text.SDMMC_CmdAppCommand
                0x0000000008005750       0x48 ./Drivers/STM32F7xx_HAL_Driver/Src/stm32f7xx_ll_sdmmc.o
                0x0000000008005750                SDMMC_CmdAppCommand
 .text.SDMMC_CmdAppOperCommand
                0x0000000008005798       0x4c ./Drivers/STM32F7xx_HAL_Driver/Src/stm32f7xx_ll_sdmmc.o
                0x0000000008005798                SDMMC_CmdAppOperCommand
 .text.SDMMC_CmdBusWidth
                0x00000000080057e4       0x48 ./Drivers/STM32F7xx_HAL_Driver/Src/stm32f7xx_ll_sdmmc.o
                0x00000000080057e4                SDMMC_CmdBusWidth
 .text.SDMMC_CmdSendSCR
                0x000000000800582c       0x46 ./Drivers/STM32F7xx_HAL_Driver/Src/stm32f7xx_ll_sdmmc.o
                0x000000000800582c                SDMMC_CmdSendSCR
 .text.SDMMC_CmdSendCID
                0x0000000008005872       0x40 ./Drivers/STM32F7xx_HAL_Driver/Src/stm32f7xx_ll_sdmmc.o
                0x0000000008005872                SDMMC_CmdSendCID
 .text.SDMMC_CmdSendCSD
                0x00000000080058b2       0x42 ./Drivers/STM32F7xx_HAL_Driver/Src/stm32f7xx_ll_sdmmc.o
                0x00000000080058b2                SDMMC_CmdSendCSD
 .text.SDMMC_CmdSetRelAdd
                0x00000000080058f4       0x46 ./Drivers/STM32F7xx_HAL_Driver/Src/stm32f7xx_ll_sdmmc.o
                0x00000000080058f4                SDMMC_CmdSetRelAdd
 .text.SDMMC_CmdSendStatus
                0x000000000800593a       0x48 ./Drivers/STM32F7xx_HAL_Driver/Src/stm32f7xx_ll_sdmmc.o
                0x000000000800593a                SDMMC_CmdSendStatus
 *fill*         0x0000000008005982        0x2 
 .text.SDMMC_GetCmdError
                0x0000000008005984       0x54 ./Drivers/STM32F7xx_HAL_Driver/Src/stm32f7xx_ll_sdmmc.o
 .text.SDMMC_GetCmdResp1
                0x00000000080059d8      0x1cc ./Drivers/STM32F7xx_HAL_Driver/Src/stm32f7xx_ll_sdmmc.o
 .text.SDMMC_GetCmdResp2
                0x0000000008005ba4       0x80 ./Drivers/STM32F7xx_HAL_Driver/Src/stm32f7xx_ll_sdmmc.o
 .text.SDMMC_GetCmdResp3
                0x0000000008005c24       0x68 ./Drivers/STM32F7xx_HAL_Driver/Src/stm32f7xx_ll_sdmmc.o
 .text.SDMMC_GetCmdResp6
                0x0000000008005c8c       0xdc ./Drivers/STM32F7xx_HAL_Driver/Src/stm32f7xx_ll_sdmmc.o
 .text.SDMMC_GetCmdResp7
                0x0000000008005d68       0x74 ./Drivers/STM32F7xx_HAL_Driver/Src/stm32f7xx_ll_sdmmc.o
 .text.disk_status
                0x0000000008005ddc       0x34 ./FATFS/diskio.o
                0x0000000008005ddc                disk_status
 .text.disk_initialize
                0x0000000008005e10       0x4c ./FATFS/diskio.o
                0x0000000008005e10                disk_initialize
 .text.disk_read
                0x0000000008005e5c       0x40 ./FATFS/diskio.o
                0x0000000008005e5c                disk_read
 .text.disk_write
                0x0000000008005e9c       0x40 ./FATFS/diskio.o
                0x0000000008005e9c                disk_write
 .text.disk_ioctl
                0x0000000008005edc       0x3c ./FATFS/diskio.o
                0x0000000008005edc                disk_ioctl
 .text.get_fattime
                0x0000000008005f18       0x10 ./FATFS/diskio.o
                0x0000000008005f18                get_fattime
 .text.ld_word  0x0000000008005f28       0x30 ./FATFS/ff.o
 .text.ld_dword
                0x0000000008005f58       0x46 ./FATFS/ff.o
 .text.st_word  0x0000000008005f9e       0x36 ./FATFS/ff.o
 .text.st_dword
                0x0000000008005fd4       0x58 ./FATFS/ff.o
 .text.mem_cpy  0x000000000800602c       0x42 ./FATFS/ff.o
 .text.mem_set  0x000000000800606e       0x36 ./FATFS/ff.o
 .text.mem_cmp  0x00000000080060a4       0x4e ./FATFS/ff.o
 .text.chk_chr  0x00000000080060f2       0x36 ./FATFS/ff.o
 .text.chk_lock
                0x0000000008006128       0xb8 ./FATFS/ff.o
 .text.enq_lock
                0x00000000080061e0       0x44 ./FATFS/ff.o
 .text.inc_lock
                0x0000000008006224      0x11c ./FATFS/ff.o
 .text.dec_lock
                0x0000000008006340       0x78 ./FATFS/ff.o
 .text.clear_lock
                0x00000000080063b8       0x48 ./FATFS/ff.o
 .text.sync_window
                0x0000000008006400       0x88 ./FATFS/ff.o
 .text.move_window
                0x0000000008006488       0x5a ./FATFS/ff.o
 *fill*         0x00000000080064e2        0x2 
 .text.sync_fs  0x00000000080064e4       0xdc ./FATFS/ff.o
 .text.clust2sect
                0x00000000080065c0       0x3e ./FATFS/ff.o
 .text.get_fat  0x00000000080065fe      0x150 ./FATFS/ff.o
 .text.put_fat  0x000000000800674e      0x1d8 ./FATFS/ff.o
 .text.remove_chain
                0x0000000008006926       0xca ./FATFS/ff.o
 .text.create_chain
                0x00000000080069f0      0x130 ./FATFS/ff.o
 .text.clmt_clust
                0x0000000008006b20       0x68 ./FATFS/ff.o
 .text.dir_sdi  0x0000000008006b88       0xf6 ./FATFS/ff.o
 .text.dir_next
                0x0000000008006c7e      0x18a ./FATFS/ff.o
 .text.dir_alloc
                0x0000000008006e08       0x8e ./FATFS/ff.o
 .text.ld_clust
                0x0000000008006e96       0x3e ./FATFS/ff.o
 .text.st_clust
                0x0000000008006ed4       0x40 ./FATFS/ff.o
 .text.dir_read
                0x0000000008006f14       0xba ./FATFS/ff.o
 .text.dir_find
                0x0000000008006fce       0xaa ./FATFS/ff.o
 .text.dir_register
                0x0000000008007078       0x64 ./FATFS/ff.o
 .text.get_fileinfo
                0x00000000080070dc       0xbe ./FATFS/ff.o
 *fill*         0x000000000800719a        0x2 
 .text.get_achar
                0x000000000800719c       0x4c ./FATFS/ff.o
 .text.pattern_matching
                0x00000000080071e8       0xf6 ./FATFS/ff.o
 *fill*         0x00000000080072de        0x2 
 .text.create_name
                0x00000000080072e0      0x128 ./FATFS/ff.o
 .text.follow_path
                0x0000000008007408       0xe2 ./FATFS/ff.o
 .text.get_ldnumber
                0x00000000080074ea       0x88 ./FATFS/ff.o
 *fill*         0x0000000008007572        0x2 
 .text.check_fs
                0x0000000008007574       0xac ./FATFS/ff.o
 .text.find_volume
                0x0000000008007620      0x498 ./FATFS/ff.o
 .text.validate
                0x0000000008007ab8       0x6a ./FATFS/ff.o
 *fill*         0x0000000008007b22        0x2 
 .text.f_mount  0x0000000008007b24       0x8c ./FATFS/ff.o
                0x0000000008007b24                f_mount
 .text.f_open   0x0000000008007bb0      0x37c ./FATFS/ff.o
                0x0000000008007bb0                f_open
 .text.f_read   0x0000000008007f2c      0x27e ./FATFS/ff.o
                0x0000000008007f2c                f_read
 .text.f_sync   0x00000000080081aa       0xfc ./FATFS/ff.o
                0x00000000080081aa                f_sync
 .text.f_close  0x00000000080082a6       0x54 ./FATFS/ff.o
                0x00000000080082a6                f_close
 .text.f_opendir
                0x00000000080082fa       0xe6 ./FATFS/ff.o
                0x00000000080082fa                f_opendir
 .text.f_closedir
                0x00000000080083e0       0x4c ./FATFS/ff.o
                0x00000000080083e0                f_closedir
 .text.f_readdir
                0x000000000800842c       0x7a ./FATFS/ff.o
                0x000000000800842c                f_readdir
 .text.f_findnext
                0x00000000080084a6       0x50 ./FATFS/ff.o
                0x00000000080084a6                f_findnext
 .text.f_findfirst
                0x00000000080084f6       0x3c ./FATFS/ff.o
                0x00000000080084f6                f_findfirst
 *fill*         0x0000000008008532        0x2 
 .text.FATFS_LinkDriverEx
                0x0000000008008534       0x98 ./FATFS/ff_gen_drv.o
                0x0000000008008534                FATFS_LinkDriverEx
 .text.FATFS_LinkDriver
                0x00000000080085cc       0x1e ./FATFS/ff_gen_drv.o
                0x00000000080085cc                FATFS_LinkDriver
 *fill*         0x00000000080085ea        0x2 
 .text.BSP_PB_GetState
                0x00000000080085ec       0x34 ./GUI files/stm32746g_discovery.o
                0x00000000080085ec                BSP_PB_GetState
 .text.BSP_LCD_Init
                0x0000000008008620       0xe0 ./GUI files/stm32746g_discovery_lcd.o
                0x0000000008008620                BSP_LCD_Init
 .text.BSP_LCD_GetXSize
                0x0000000008008700       0x28 ./GUI files/stm32746g_discovery_lcd.o
                0x0000000008008700                BSP_LCD_GetXSize
 .text.BSP_LCD_GetYSize
                0x0000000008008728       0x28 ./GUI files/stm32746g_discovery_lcd.o
                0x0000000008008728                BSP_LCD_GetYSize
 .text.BSP_LCD_LayerDefaultInit
                0x0000000008008750       0xc0 ./GUI files/stm32746g_discovery_lcd.o
                0x0000000008008750                BSP_LCD_LayerDefaultInit
 .text.BSP_LCD_SelectLayer
                0x0000000008008810       0x20 ./GUI files/stm32746g_discovery_lcd.o
                0x0000000008008810                BSP_LCD_SelectLayer
 .text.BSP_LCD_SetTransparency
                0x0000000008008830       0x24 ./GUI files/stm32746g_discovery_lcd.o
                0x0000000008008830                BSP_LCD_SetTransparency
 .text.BSP_LCD_SetTextColor
                0x0000000008008854       0x30 ./GUI files/stm32746g_discovery_lcd.o
                0x0000000008008854                BSP_LCD_SetTextColor
 .text.BSP_LCD_SetFont
                0x0000000008008884       0x34 ./GUI files/stm32746g_discovery_lcd.o
                0x0000000008008884                BSP_LCD_SetFont
 .text.BSP_LCD_GetFont
                0x00000000080088b8       0x2c ./GUI files/stm32746g_discovery_lcd.o
                0x00000000080088b8                BSP_LCD_GetFont
 .text.BSP_LCD_Clear
                0x00000000080088e4       0x50 ./GUI files/stm32746g_discovery_lcd.o
                0x00000000080088e4                BSP_LCD_Clear
 .text.BSP_LCD_DisplayChar
                0x0000000008008934       0x88 ./GUI files/stm32746g_discovery_lcd.o
                0x0000000008008934                BSP_LCD_DisplayChar
 .text.BSP_LCD_DisplayStringAt
                0x00000000080089bc      0x190 ./GUI files/stm32746g_discovery_lcd.o
                0x00000000080089bc                BSP_LCD_DisplayStringAt
 .text.BSP_LCD_DisplayStringAtLine
                0x0000000008008b4c       0x2e ./GUI files/stm32746g_discovery_lcd.o
                0x0000000008008b4c                BSP_LCD_DisplayStringAtLine
 *fill*         0x0000000008008b7a        0x2 
 .text.BSP_LCD_DrawPixel
                0x0000000008008b7c       0x90 ./GUI files/stm32746g_discovery_lcd.o
                0x0000000008008b7c                BSP_LCD_DrawPixel
 .text.BSP_LCD_DrawBitmap
                0x0000000008008c0c      0x164 ./GUI files/stm32746g_discovery_lcd.o
                0x0000000008008c0c                BSP_LCD_DrawBitmap
 .text.BSP_LCD_DisplayOn
                0x0000000008008d70       0x3c ./GUI files/stm32746g_discovery_lcd.o
                0x0000000008008d70                BSP_LCD_DisplayOn
 .text.BSP_LCD_MspInit
                0x0000000008008dac      0x1b4 ./GUI files/stm32746g_discovery_lcd.o
                0x0000000008008dac                BSP_LCD_MspInit
 .text.BSP_LCD_ClockConfig
                0x0000000008008f60       0x38 ./GUI files/stm32746g_discovery_lcd.o
                0x0000000008008f60                BSP_LCD_ClockConfig
 .text.DrawChar
                0x0000000008008f98      0x170 ./GUI files/stm32746g_discovery_lcd.o
 .text.LL_FillBuffer
                0x0000000008009108       0x98 ./GUI files/stm32746g_discovery_lcd.o
 .text.LL_ConvertLineToARGB8888
                0x00000000080091a0       0x88 ./GUI files/stm32746g_discovery_lcd.o
 .text.BSP_SD_Init
                0x0000000008009228       0x94 ./GUI files/stm32746g_discovery_sd.o
                0x0000000008009228                BSP_SD_Init
 .text.BSP_SD_IsDetected
                0x00000000080092bc       0x30 ./GUI files/stm32746g_discovery_sd.o
                0x00000000080092bc                BSP_SD_IsDetected
 .text.BSP_SD_ReadBlocks
                0x00000000080092ec       0x38 ./GUI files/stm32746g_discovery_sd.o
                0x00000000080092ec                BSP_SD_ReadBlocks
 .text.BSP_SD_WriteBlocks
                0x0000000008009324       0x38 ./GUI files/stm32746g_discovery_sd.o
                0x0000000008009324                BSP_SD_WriteBlocks
 .text.BSP_SD_MspInit
                0x000000000800935c      0x1d8 ./GUI files/stm32746g_discovery_sd.o
                0x000000000800935c                BSP_SD_MspInit
 .text.BSP_SD_Detect_MspInit
                0x0000000008009534       0x50 ./GUI files/stm32746g_discovery_sd.o
                0x0000000008009534                BSP_SD_Detect_MspInit
 .text.BSP_SD_GetCardState
                0x0000000008009584       0x20 ./GUI files/stm32746g_discovery_sd.o
                0x0000000008009584                BSP_SD_GetCardState
 .text.BSP_SD_GetCardInfo
                0x00000000080095a4       0x1c ./GUI files/stm32746g_discovery_sd.o
                0x00000000080095a4                BSP_SD_GetCardInfo
 .text.BSP_SDRAM_Init
                0x00000000080095c0       0xbc ./GUI files/stm32746g_discovery_sdram.o
                0x00000000080095c0                BSP_SDRAM_Init
 .text.BSP_SDRAM_Initialization_sequence
                0x000000000800967c       0xc0 ./GUI files/stm32746g_discovery_sdram.o
                0x000000000800967c                BSP_SDRAM_Initialization_sequence
 .text.BSP_SDRAM_MspInit
                0x000000000800973c      0x1f0 ./GUI files/stm32746g_discovery_sdram.o
                0x000000000800973c                BSP_SDRAM_MspInit
 .text.__errno  0x000000000800992c        0xc c:/st/stm32cubeide_1.8.0/stm32cubeide/plugins/com.st.stm32cube.ide.mcu.externaltools.gnu-tools-for-stm32.10.3-2021.10.win32_1.0.0.202111181127/tools/bin/../lib/gcc/arm-none-eabi/10.3.1/../../../../arm-none-eabi/lib/thumb/v7e-m+fp/hard\libc_nano.a(lib_a-errno.o)
                0x000000000800992c                __errno
 .text.__libc_init_array
                0x0000000008009938       0x48 c:/st/stm32cubeide_1.8.0/stm32cubeide/plugins/com.st.stm32cube.ide.mcu.externaltools.gnu-tools-for-stm32.10.3-2021.10.win32_1.0.0.202111181127/tools/bin/../lib/gcc/arm-none-eabi/10.3.1/../../../../arm-none-eabi/lib/thumb/v7e-m+fp/hard\libc_nano.a(lib_a-init.o)
                0x0000000008009938                __libc_init_array
 .text.malloc   0x0000000008009980       0x10 c:/st/stm32cubeide_1.8.0/stm32cubeide/plugins/com.st.stm32cube.ide.mcu.externaltools.gnu-tools-for-stm32.10.3-2021.10.win32_1.0.0.202111181127/tools/bin/../lib/gcc/arm-none-eabi/10.3.1/../../../../arm-none-eabi/lib/thumb/v7e-m+fp/hard\libc_nano.a(lib_a-malloc.o)
                0x0000000008009980                malloc
 .text.free     0x0000000008009990       0x10 c:/st/stm32cubeide_1.8.0/stm32cubeide/plugins/com.st.stm32cube.ide.mcu.externaltools.gnu-tools-for-stm32.10.3-2021.10.win32_1.0.0.202111181127/tools/bin/../lib/gcc/arm-none-eabi/10.3.1/../../../../arm-none-eabi/lib/thumb/v7e-m+fp/hard\libc_nano.a(lib_a-malloc.o)
                0x0000000008009990                free
 .text.memset   0x00000000080099a0       0x10 c:/st/stm32cubeide_1.8.0/stm32cubeide/plugins/com.st.stm32cube.ide.mcu.externaltools.gnu-tools-for-stm32.10.3-2021.10.win32_1.0.0.202111181127/tools/bin/../lib/gcc/arm-none-eabi/10.3.1/../../../../arm-none-eabi/lib/thumb/v7e-m+fp/hard\libc_nano.a(lib_a-memset.o)
                0x00000000080099a0                memset
 .text._free_r  0x00000000080099b0       0x98 c:/st/stm32cubeide_1.8.0/stm32cubeide/plugins/com.st.stm32cube.ide.mcu.externaltools.gnu-tools-for-stm32.10.3-2021.10.win32_1.0.0.202111181127/tools/bin/../lib/gcc/arm-none-eabi/10.3.1/../../../../arm-none-eabi/lib/thumb/v7e-m+fp/hard\libc_nano.a(lib_a-nano-freer.o)
                0x00000000080099b0                _free_r
 .text.sbrk_aligned
                0x0000000008009a48       0x40 c:/st/stm32cubeide_1.8.0/stm32cubeide/plugins/com.st.stm32cube.ide.mcu.externaltools.gnu-tools-for-stm32.10.3-2021.10.win32_1.0.0.202111181127/tools/bin/../lib/gcc/arm-none-eabi/10.3.1/../../../../arm-none-eabi/lib/thumb/v7e-m+fp/hard\libc_nano.a(lib_a-nano-mallocr.o)
 .text._malloc_r
                0x0000000008009a88       0xe8 c:/st/stm32cubeide_1.8.0/stm32cubeide/plugins/com.st.stm32cube.ide.mcu.externaltools.gnu-tools-for-stm32.10.3-2021.10.win32_1.0.0.202111181127/tools/bin/../lib/gcc/arm-none-eabi/10.3.1/../../../../arm-none-eabi/lib/thumb/v7e-m+fp/hard\libc_nano.a(lib_a-nano-mallocr.o)
                0x0000000008009a88                _malloc_r
 .text._sbrk_r  0x0000000008009b70       0x20 c:/st/stm32cubeide_1.8.0/stm32cubeide/plugins/com.st.stm32cube.ide.mcu.externaltools.gnu-tools-for-stm32.10.3-2021.10.win32_1.0.0.202111181127/tools/bin/../lib/gcc/arm-none-eabi/10.3.1/../../../../arm-none-eabi/lib/thumb/v7e-m+fp/hard\libc_nano.a(lib_a-sbrkr.o)
                0x0000000008009b70                _sbrk_r
 .text.sprintf  0x0000000008009b90       0x40 c:/st/stm32cubeide_1.8.0/stm32cubeide/plugins/com.st.stm32cube.ide.mcu.externaltools.gnu-tools-for-stm32.10.3-2021.10.win32_1.0.0.202111181127/tools/bin/../lib/gcc/arm-none-eabi/10.3.1/../../../../arm-none-eabi/lib/thumb/v7e-m+fp/hard\libc_nano.a(lib_a-sprintf.o)
                0x0000000008009b90                siprintf
                0x0000000008009b90                sprintf
 .text.__malloc_lock
                0x0000000008009bd0        0xc c:/st/stm32cubeide_1.8.0/stm32cubeide/plugins/com.st.stm32cube.ide.mcu.externaltools.gnu-tools-for-stm32.10.3-2021.10.win32_1.0.0.202111181127/tools/bin/../lib/gcc/arm-none-eabi/10.3.1/../../../../arm-none-eabi/lib/thumb/v7e-m+fp/hard\libc_nano.a(lib_a-mlock.o)
                0x0000000008009bd0                __malloc_lock
 .text.__malloc_unlock
                0x0000000008009bdc        0xc c:/st/stm32cubeide_1.8.0/stm32cubeide/plugins/com.st.stm32cube.ide.mcu.externaltools.gnu-tools-for-stm32.10.3-2021.10.win32_1.0.0.202111181127/tools/bin/../lib/gcc/arm-none-eabi/10.3.1/../../../../arm-none-eabi/lib/thumb/v7e-m+fp/hard\libc_nano.a(lib_a-mlock.o)
                0x0000000008009bdc                __malloc_unlock
 .text.__ssputs_r
                0x0000000008009be8       0xb6 c:/st/stm32cubeide_1.8.0/stm32cubeide/plugins/com.st.stm32cube.ide.mcu.externaltools.gnu-tools-for-stm32.10.3-2021.10.win32_1.0.0.202111181127/tools/bin/../lib/gcc/arm-none-eabi/10.3.1/../../../../arm-none-eabi/lib/thumb/v7e-m+fp/hard\libc_nano.a(lib_a-nano-svfprintf.o)
                0x0000000008009be8                __ssputs_r
 *fill*         0x0000000008009c9e        0x2 
 .text._svfprintf_r
                0x0000000008009ca0      0x200 c:/st/stm32cubeide_1.8.0/stm32cubeide/plugins/com.st.stm32cube.ide.mcu.externaltools.gnu-tools-for-stm32.10.3-2021.10.win32_1.0.0.202111181127/tools/bin/../lib/gcc/arm-none-eabi/10.3.1/../../../../arm-none-eabi/lib/thumb/v7e-m+fp/hard\libc_nano.a(lib_a-nano-svfprintf.o)
                0x0000000008009ca0                _svfiprintf_r
                0x0000000008009ca0                _svfprintf_r
 .text._printf_common
                0x0000000008009ea0       0xda c:/st/stm32cubeide_1.8.0/stm32cubeide/plugins/com.st.stm32cube.ide.mcu.externaltools.gnu-tools-for-stm32.10.3-2021.10.win32_1.0.0.202111181127/tools/bin/../lib/gcc/arm-none-eabi/10.3.1/../../../../arm-none-eabi/lib/thumb/v7e-m+fp/hard\libc_nano.a(lib_a-nano-vfprintf_i.o)
                0x0000000008009ea0                _printf_common
 *fill*         0x0000000008009f7a        0x2 
 .text._printf_i
                0x0000000008009f7c      0x24c c:/st/stm32cubeide_1.8.0/stm32cubeide/plugins/com.st.stm32cube.ide.mcu.externaltools.gnu-tools-for-stm32.10.3-2021.10.win32_1.0.0.202111181127/tools/bin/../lib/gcc/arm-none-eabi/10.3.1/../../../../arm-none-eabi/lib/thumb/v7e-m+fp/hard\libc_nano.a(lib_a-nano-vfprintf_i.o)
                0x0000000008009f7c                _printf_i
 .text.__retarget_lock_acquire_recursive
                0x000000000800a1c8        0x2 c:/st/stm32cubeide_1.8.0/stm32cubeide/plugins/com.st.stm32cube.ide.mcu.externaltools.gnu-tools-for-stm32.10.3-2021.10.win32_1.0.0.202111181127/tools/bin/../lib/gcc/arm-none-eabi/10.3.1/../../../../arm-none-eabi/lib/thumb/v7e-m+fp/hard\libc_nano.a(lib_a-lock.o)
                0x000000000800a1c8                __retarget_lock_acquire_recursive
 .text.__retarget_lock_release_recursive
                0x000000000800a1ca        0x2 c:/st/stm32cubeide_1.8.0/stm32cubeide/plugins/com.st.stm32cube.ide.mcu.externaltools.gnu-tools-for-stm32.10.3-2021.10.win32_1.0.0.202111181127/tools/bin/../lib/gcc/arm-none-eabi/10.3.1/../../../../arm-none-eabi/lib/thumb/v7e-m+fp/hard\libc_nano.a(lib_a-lock.o)
                0x000000000800a1ca                __retarget_lock_release_recursive
 .text.memcpy   0x000000000800a1cc       0x1c c:/st/stm32cubeide_1.8.0/stm32cubeide/plugins/com.st.stm32cube.ide.mcu.externaltools.gnu-tools-for-stm32.10.3-2021.10.win32_1.0.0.202111181127/tools/bin/../lib/gcc/arm-none-eabi/10.3.1/../../../../arm-none-eabi/lib/thumb/v7e-m+fp/hard\libc_nano.a(lib_a-memcpy-stub.o)
                0x000000000800a1cc                memcpy
 .text.memmove  0x000000000800a1e8       0x34 c:/st/stm32cubeide_1.8.0/stm32cubeide/plugins/com.st.stm32cube.ide.mcu.externaltools.gnu-tools-for-stm32.10.3-2021.10.win32_1.0.0.202111181127/tools/bin/../lib/gcc/arm-none-eabi/10.3.1/../../../../arm-none-eabi/lib/thumb/v7e-m+fp/hard\libc_nano.a(lib_a-memmove.o)
                0x000000000800a1e8                memmove
 .text._realloc_r
                0x000000000800a21c       0x5e c:/st/stm32cubeide_1.8.0/stm32cubeide/plugins/com.st.stm32cube.ide.mcu.externaltools.gnu-tools-for-stm32.10.3-2021.10.win32_1.0.0.202111181127/tools/bin/../lib/gcc/arm-none-eabi/10.3.1/../../../../arm-none-eabi/lib/thumb/v7e-m+fp/hard\libc_nano.a(lib_a-nano-reallocr.o)
                0x000000000800a21c                _realloc_r
 .text._malloc_usable_size_r
                0x000000000800a27a       0x10 c:/st/stm32cubeide_1.8.0/stm32cubeide/plugins/com.st.stm32cube.ide.mcu.externaltools.gnu-tools-for-stm32.10.3-2021.10.win32_1.0.0.202111181127/tools/bin/../lib/gcc/arm-none-eabi/10.3.1/../../../../arm-none-eabi/lib/thumb/v7e-m+fp/hard\libc_nano.a(lib_a-nano-msizer.o)
                0x000000000800a27a                _malloc_usable_size_r
 *(.glue_7)
 .glue_7        0x000000000800a28a        0x0 linker stubs
 *(.glue_7t)
 .glue_7t       0x000000000800a28a        0x0 linker stubs
 *(.eh_frame)
 *fill*         0x000000000800a28a        0x2 
 .eh_frame      0x000000000800a28c        0x0 c:/st/stm32cubeide_1.8.0/stm32cubeide/plugins/com.st.stm32cube.ide.mcu.externaltools.gnu-tools-for-stm32.10.3-2021.10.win32_1.0.0.202111181127/tools/bin/../lib/gcc/arm-none-eabi/10.3.1/thumb/v7e-m+fp/hard/crtbegin.o
 *(.init)
 .init          0x000000000800a28c        0x4 c:/st/stm32cubeide_1.8.0/stm32cubeide/plugins/com.st.stm32cube.ide.mcu.externaltools.gnu-tools-for-stm32.10.3-2021.10.win32_1.0.0.202111181127/tools/bin/../lib/gcc/arm-none-eabi/10.3.1/thumb/v7e-m+fp/hard/crti.o
                0x000000000800a28c                _init
 .init          0x000000000800a290        0x8 c:/st/stm32cubeide_1.8.0/stm32cubeide/plugins/com.st.stm32cube.ide.mcu.externaltools.gnu-tools-for-stm32.10.3-2021.10.win32_1.0.0.202111181127/tools/bin/../lib/gcc/arm-none-eabi/10.3.1/thumb/v7e-m+fp/hard/crtn.o
 *(.fini)
 .fini          0x000000000800a298        0x4 c:/st/stm32cubeide_1.8.0/stm32cubeide/plugins/com.st.stm32cube.ide.mcu.externaltools.gnu-tools-for-stm32.10.3-2021.10.win32_1.0.0.202111181127/tools/bin/../lib/gcc/arm-none-eabi/10.3.1/thumb/v7e-m+fp/hard/crti.o
                0x000000000800a298                _fini
 .fini          0x000000000800a29c        0x8 c:/st/stm32cubeide_1.8.0/stm32cubeide/plugins/com.st.stm32cube.ide.mcu.externaltools.gnu-tools-for-stm32.10.3-2021.10.win32_1.0.0.202111181127/tools/bin/../lib/gcc/arm-none-eabi/10.3.1/thumb/v7e-m+fp/hard/crtn.o
                0x000000000800a2a4                . = ALIGN (0x4)
                0x000000000800a2a4                _etext = .

.vfp11_veneer   0x000000000800a2a4        0x0
 .vfp11_veneer  0x000000000800a2a4        0x0 linker stubs

.v4_bx          0x000000000800a2a4        0x0
 .v4_bx         0x000000000800a2a4        0x0 linker stubs

.iplt           0x000000000800a2a4        0x0
 .iplt          0x000000000800a2a4        0x0 c:/st/stm32cubeide_1.8.0/stm32cubeide/plugins/com.st.stm32cube.ide.mcu.externaltools.gnu-tools-for-stm32.10.3-2021.10.win32_1.0.0.202111181127/tools/bin/../lib/gcc/arm-none-eabi/10.3.1/thumb/v7e-m+fp/hard/crtbegin.o

.rodata         0x000000000800a2a4     0x1c94
                0x000000000800a2a4                . = ALIGN (0x4)
 *(.rodata)
 .rodata        0x000000000800a2a4        0xf ./Core/Src/fatfs_storage.o
 *fill*         0x000000000800a2b3        0x1 
 .rodata        0x000000000800a2b4       0x9a ./Core/Src/main.o
 *fill*         0x000000000800a34e        0x2 
 .rodata        0x000000000800a350       0x44 ./FATFS/ff.o
 *(.rodata*)
 .rodata.SlidesCheck
                0x000000000800a394        0x2 ./Core/Src/fatfs_storage.o
                0x000000000800a394                SlidesCheck
 *fill*         0x000000000800a396        0x2 
 .rodata.SD_Driver
                0x000000000800a398       0x14 ./Core/Src/sd_diskio.o
                0x000000000800a398                SD_Driver
 .rodata.AHBPrescTable
                0x000000000800a3ac       0x10 ./Core/Src/system_stm32f7xx.o
                0x000000000800a3ac                AHBPrescTable
 .rodata.flagBitshiftOffset.0
                0x000000000800a3bc        0x8 ./Drivers/STM32F7xx_HAL_Driver/Src/stm32f7xx_hal_dma.o
 .rodata.ExCvt  0x000000000800a3c4       0x80 ./FATFS/ff.o
 .rodata.Font24_Table
                0x000000000800a444     0x1ab8 ./GUI files/font24.o
                0x000000000800a444                Font24_Table
 .rodata.BUTTON_PIN
                0x000000000800befc        0x6 ./GUI files/stm32746g_discovery.o
                0x000000000800befc                BUTTON_PIN
 .rodata._svfprintf_r.str1.1
                0x000000000800bf02       0x11 c:/st/stm32cubeide_1.8.0/stm32cubeide/plugins/com.st.stm32cube.ide.mcu.externaltools.gnu-tools-for-stm32.10.3-2021.10.win32_1.0.0.202111181127/tools/bin/../lib/gcc/arm-none-eabi/10.3.1/../../../../arm-none-eabi/lib/thumb/v7e-m+fp/hard\libc_nano.a(lib_a-nano-svfprintf.o)
 .rodata._printf_i.str1.1
                0x000000000800bf13       0x22 c:/st/stm32cubeide_1.8.0/stm32cubeide/plugins/com.st.stm32cube.ide.mcu.externaltools.gnu-tools-for-stm32.10.3-2021.10.win32_1.0.0.202111181127/tools/bin/../lib/gcc/arm-none-eabi/10.3.1/../../../../arm-none-eabi/lib/thumb/v7e-m+fp/hard\libc_nano.a(lib_a-nano-vfprintf_i.o)
                0x000000000800bf38                . = ALIGN (0x4)
 *fill*         0x000000000800bf35        0x3 

.ARM.extab      0x000000000800bf38        0x0
                0x000000000800bf38                . = ALIGN (0x4)
 *(.ARM.extab* .gnu.linkonce.armextab.*)
                0x000000000800bf38                . = ALIGN (0x4)

.ARM            0x000000000800bf38        0x8
                0x000000000800bf38                . = ALIGN (0x4)
                0x000000000800bf38                __exidx_start = .
 *(.ARM.exidx*)
 .ARM.exidx     0x000000000800bf38        0x8 c:/st/stm32cubeide_1.8.0/stm32cubeide/plugins/com.st.stm32cube.ide.mcu.externaltools.gnu-tools-for-stm32.10.3-2021.10.win32_1.0.0.202111181127/tools/bin/../lib/gcc/arm-none-eabi/10.3.1/thumb/v7e-m+fp/hard\libgcc.a(_udivmoddi4.o)
                0x000000000800bf40                __exidx_end = .
                0x000000000800bf40                . = ALIGN (0x4)

.rel.dyn        0x000000000800bf40        0x0
 .rel.iplt      0x000000000800bf40        0x0 c:/st/stm32cubeide_1.8.0/stm32cubeide/plugins/com.st.stm32cube.ide.mcu.externaltools.gnu-tools-for-stm32.10.3-2021.10.win32_1.0.0.202111181127/tools/bin/../lib/gcc/arm-none-eabi/10.3.1/thumb/v7e-m+fp/hard/crtbegin.o

.preinit_array  0x000000000800bf40        0x0
                0x000000000800bf40                . = ALIGN (0x4)
                0x000000000800bf40                PROVIDE (__preinit_array_start = .)
 *(.preinit_array*)
                0x000000000800bf40                PROVIDE (__preinit_array_end = .)
                0x000000000800bf40                . = ALIGN (0x4)

.init_array     0x000000000800bf40        0x4
                0x000000000800bf40                . = ALIGN (0x4)
                0x000000000800bf40                PROVIDE (__init_array_start = .)
 *(SORT_BY_NAME(.init_array.*))
 *(.init_array*)
 .init_array    0x000000000800bf40        0x4 c:/st/stm32cubeide_1.8.0/stm32cubeide/plugins/com.st.stm32cube.ide.mcu.externaltools.gnu-tools-for-stm32.10.3-2021.10.win32_1.0.0.202111181127/tools/bin/../lib/gcc/arm-none-eabi/10.3.1/thumb/v7e-m+fp/hard/crtbegin.o
                0x000000000800bf44                PROVIDE (__init_array_end = .)
                0x000000000800bf44                . = ALIGN (0x4)

.fini_array     0x000000000800bf44        0x4
                0x000000000800bf44                . = ALIGN (0x4)
                [!provide]                        PROVIDE (__fini_array_start = .)
 *(SORT_BY_NAME(.fini_array.*))
 *(.fini_array*)
 .fini_array    0x000000000800bf44        0x4 c:/st/stm32cubeide_1.8.0/stm32cubeide/plugins/com.st.stm32cube.ide.mcu.externaltools.gnu-tools-for-stm32.10.3-2021.10.win32_1.0.0.202111181127/tools/bin/../lib/gcc/arm-none-eabi/10.3.1/thumb/v7e-m+fp/hard/crtbegin.o
                [!provide]                        PROVIDE (__fini_array_end = .)
                0x000000000800bf48                . = ALIGN (0x4)
                0x000000000800bf48                _sidata = LOADADDR (.data)

.data           0x0000000020000000       0x8c load address 0x000000000800bf48
                0x0000000020000000                . = ALIGN (0x4)
                0x0000000020000000                _sdata = .
 *(.data)
 *(.data*)
 .data.Stat     0x0000000020000000        0x1 ./Core/Src/sd_diskio.o
 *fill*         0x0000000020000001        0x3 
 .data.SystemCoreClock
                0x0000000020000004        0x4 ./Core/Src/system_stm32f7xx.o
                0x0000000020000004                SystemCoreClock
 .data.uwTickPrio
                0x0000000020000008        0x4 ./Drivers/STM32F7xx_HAL_Driver/Src/stm32f7xx_hal.o
                0x0000000020000008                uwTickPrio
 .data.uwTickFreq
                0x000000002000000c        0x1 ./Drivers/STM32F7xx_HAL_Driver/Src/stm32f7xx_hal.o
                0x000000002000000c                uwTickFreq
 *fill*         0x000000002000000d        0x3 
 .data.Font24   0x0000000020000010        0x8 ./GUI files/font24.o
                0x0000000020000010                Font24
 .data.BUTTON_PORT
                0x0000000020000018        0xc ./GUI files/stm32746g_discovery.o
                0x0000000020000018                BUTTON_PORT
 .data.sdramstatus.3
                0x0000000020000024        0x1 ./GUI files/stm32746g_discovery_sdram.o
 *fill*         0x0000000020000025        0x3 
 .data._impure_ptr
                0x0000000020000028        0x4 c:/st/stm32cubeide_1.8.0/stm32cubeide/plugins/com.st.stm32cube.ide.mcu.externaltools.gnu-tools-for-stm32.10.3-2021.10.win32_1.0.0.202111181127/tools/bin/../lib/gcc/arm-none-eabi/10.3.1/../../../../arm-none-eabi/lib/thumb/v7e-m+fp/hard\libc_nano.a(lib_a-impure.o)
                0x0000000020000028                _impure_ptr
 .data.impure_data
                0x000000002000002c       0x60 c:/st/stm32cubeide_1.8.0/stm32cubeide/plugins/com.st.stm32cube.ide.mcu.externaltools.gnu-tools-for-stm32.10.3-2021.10.win32_1.0.0.202111181127/tools/bin/../lib/gcc/arm-none-eabi/10.3.1/../../../../arm-none-eabi/lib/thumb/v7e-m+fp/hard\libc_nano.a(lib_a-impure.o)
 *(.RamFunc)
 *(.RamFunc*)
                0x000000002000008c                . = ALIGN (0x4)
                0x000000002000008c                _edata = .

.igot.plt       0x000000002000008c        0x0 load address 0x000000000800bfd4
 .igot.plt      0x000000002000008c        0x0 c:/st/stm32cubeide_1.8.0/stm32cubeide/plugins/com.st.stm32cube.ide.mcu.externaltools.gnu-tools-for-stm32.10.3-2021.10.win32_1.0.0.202111181127/tools/bin/../lib/gcc/arm-none-eabi/10.3.1/thumb/v7e-m+fp/hard/crtbegin.o
                0x000000002000008c                . = ALIGN (0x4)

.bss            0x000000002000008c      0xb84 load address 0x000000000800bfd4
                0x000000002000008c                _sbss = .
                0x000000002000008c                __bss_start__ = _sbss
 *(.bss)
 .bss           0x000000002000008c       0x1c c:/st/stm32cubeide_1.8.0/stm32cubeide/plugins/com.st.stm32cube.ide.mcu.externaltools.gnu-tools-for-stm32.10.3-2021.10.win32_1.0.0.202111181127/tools/bin/../lib/gcc/arm-none-eabi/10.3.1/thumb/v7e-m+fp/hard/crtbegin.o
 *(.bss*)
 .bss.sector    0x00000000200000a8      0x200 ./Core/Src/fatfs_storage.o
                0x00000000200000a8                sector
 .bss.fs        0x00000000200002a8      0x230 ./Core/Src/fatfs_storage.o
                0x00000000200002a8                fs
 .bss.fno       0x00000000200004d8       0x18 ./Core/Src/fatfs_storage.o
                0x00000000200004d8                fno
 .bss.dir       0x00000000200004f0       0x34 ./Core/Src/fatfs_storage.o
                0x00000000200004f0                dir
 .bss.F         0x0000000020000524      0x230 ./Core/Src/fatfs_storage.o
                0x0000000020000524                F
 .bss.BytesRead
                0x0000000020000754        0x4 ./Core/Src/fatfs_storage.o
                0x0000000020000754                BytesRead
 .bss.SD_Path   0x0000000020000758        0x4 ./Core/Src/main.o
                0x0000000020000758                SD_Path
 .bss.pDirectoryFiles
                0x000000002000075c       0x64 ./Core/Src/main.o
                0x000000002000075c                pDirectoryFiles
 .bss.ubNumberOfFiles
                0x00000000200007c0        0x1 ./Core/Src/main.o
                0x00000000200007c0                ubNumberOfFiles
 *fill*         0x00000000200007c1        0x3 
 .bss.uwBmplen  0x00000000200007c4        0x4 ./Core/Src/main.o
                0x00000000200007c4                uwBmplen
 .bss.uwInternelBuffer
                0x00000000200007c8        0x4 ./Core/Src/main.o
                0x00000000200007c8                uwInternelBuffer
 .bss.hcrc      0x00000000200007cc       0x24 ./Core/Src/main.o
                0x00000000200007cc                hcrc
 .bss.hdma2d    0x00000000200007f0       0x40 ./Core/Src/main.o
                0x00000000200007f0                hdma2d
 .bss.__sbrk_heap_end
                0x0000000020000830        0x4 ./Core/Src/sysmem.o
 .bss.uwTick    0x0000000020000834        0x4 ./Drivers/STM32F7xx_HAL_Driver/Src/stm32f7xx_hal.o
                0x0000000020000834                uwTick
 .bss.FatFs     0x0000000020000838        0x8 ./FATFS/ff.o
 .bss.Fsid      0x0000000020000840        0x2 ./FATFS/ff.o
 *fill*         0x0000000020000842        0x2 
 .bss.Files     0x0000000020000844       0x20 ./FATFS/ff.o
 .bss.disk      0x0000000020000864       0x10 ./FATFS/ff_gen_drv.o
                0x0000000020000864                disk
 .bss.hLtdcHandler
                0x0000000020000874       0xa8 ./GUI files/stm32746g_discovery_lcd.o
                0x0000000020000874                hLtdcHandler
 .bss.hDma2dHandler
                0x000000002000091c       0x40 ./GUI files/stm32746g_discovery_lcd.o
 .bss.ActiveLayer
                0x000000002000095c        0x4 ./GUI files/stm32746g_discovery_lcd.o
 .bss.DrawProp  0x0000000020000960       0x18 ./GUI files/stm32746g_discovery_lcd.o
 .bss.periph_clk_init_struct.0
                0x0000000020000978       0x84 ./GUI files/stm32746g_discovery_lcd.o
 .bss.uSdHandle
                0x00000000200009fc       0x84 ./GUI files/stm32746g_discovery_sd.o
                0x00000000200009fc                uSdHandle
 .bss.dma_rx_handle.3
                0x0000000020000a80       0x60 ./GUI files/stm32746g_discovery_sd.o
 .bss.dma_tx_handle.2
                0x0000000020000ae0       0x60 ./GUI files/stm32746g_discovery_sd.o
 .bss.sdramHandle
                0x0000000020000b40       0x34 ./GUI files/stm32746g_discovery_sdram.o
                0x0000000020000b40                sdramHandle
 .bss.Timing    0x0000000020000b74       0x1c ./GUI files/stm32746g_discovery_sdram.o
 .bss.Command   0x0000000020000b90       0x10 ./GUI files/stm32746g_discovery_sdram.o
 .bss.dma_handle.1
                0x0000000020000ba0       0x60 ./GUI files/stm32746g_discovery_sdram.o
 .bss.__malloc_free_list
                0x0000000020000c00        0x4 c:/st/stm32cubeide_1.8.0/stm32cubeide/plugins/com.st.stm32cube.ide.mcu.externaltools.gnu-tools-for-stm32.10.3-2021.10.win32_1.0.0.202111181127/tools/bin/../lib/gcc/arm-none-eabi/10.3.1/../../../../arm-none-eabi/lib/thumb/v7e-m+fp/hard\libc_nano.a(lib_a-nano-mallocr.o)
                0x0000000020000c00                __malloc_free_list
 .bss.__malloc_sbrk_start
                0x0000000020000c04        0x4 c:/st/stm32cubeide_1.8.0/stm32cubeide/plugins/com.st.stm32cube.ide.mcu.externaltools.gnu-tools-for-stm32.10.3-2021.10.win32_1.0.0.202111181127/tools/bin/../lib/gcc/arm-none-eabi/10.3.1/../../../../arm-none-eabi/lib/thumb/v7e-m+fp/hard\libc_nano.a(lib_a-nano-mallocr.o)
                0x0000000020000c04                __malloc_sbrk_start
 .bss.errno     0x0000000020000c08        0x4 c:/st/stm32cubeide_1.8.0/stm32cubeide/plugins/com.st.stm32cube.ide.mcu.externaltools.gnu-tools-for-stm32.10.3-2021.10.win32_1.0.0.202111181127/tools/bin/../lib/gcc/arm-none-eabi/10.3.1/../../../../arm-none-eabi/lib/thumb/v7e-m+fp/hard\libc_nano.a(lib_a-reent.o)
                0x0000000020000c08                errno
 .bss.__lock___malloc_recursive_mutex
                0x0000000020000c0c        0x1 c:/st/stm32cubeide_1.8.0/stm32cubeide/plugins/com.st.stm32cube.ide.mcu.externaltools.gnu-tools-for-stm32.10.3-2021.10.win32_1.0.0.202111181127/tools/bin/../lib/gcc/arm-none-eabi/10.3.1/../../../../arm-none-eabi/lib/thumb/v7e-m+fp/hard\libc_nano.a(lib_a-lock.o)
                0x0000000020000c0c                __lock___malloc_recursive_mutex
 *(COMMON)
                0x0000000020000c10                . = ALIGN (0x4)
 *fill*         0x0000000020000c0d        0x3 
                0x0000000020000c10                _ebss = .
                0x0000000020000c10                __bss_end__ = _ebss

._user_heap_stack
                0x0000000020000c10      0x600 load address 0x000000000800bfd4
                0x0000000020000c10                . = ALIGN (0x8)
                [!provide]                        PROVIDE (end = .)
                0x0000000020000c10                PROVIDE (_end = .)
                0x0000000020000e10                . = (. + _Min_Heap_Size)
 *fill*         0x0000000020000c10      0x200 
                0x0000000020001210                . = (. + _Min_Stack_Size)
 *fill*         0x0000000020000e10      0x400 
                0x0000000020001210                . = ALIGN (0x8)

/DISCARD/
 libc.a(*)
 libm.a(*)
 libgcc.a(*)

.ARM.attributes
                0x0000000000000000       0x30
 *(.ARM.attributes)
 .ARM.attributes
                0x0000000000000000       0x1e c:/st/stm32cubeide_1.8.0/stm32cubeide/plugins/com.st.stm32cube.ide.mcu.externaltools.gnu-tools-for-stm32.10.3-2021.10.win32_1.0.0.202111181127/tools/bin/../lib/gcc/arm-none-eabi/10.3.1/thumb/v7e-m+fp/hard/crti.o
 .ARM.attributes
                0x000000000000001e       0x34 c:/st/stm32cubeide_1.8.0/stm32cubeide/plugins/com.st.stm32cube.ide.mcu.externaltools.gnu-tools-for-stm32.10.3-2021.10.win32_1.0.0.202111181127/tools/bin/../lib/gcc/arm-none-eabi/10.3.1/thumb/v7e-m+fp/hard/crtbegin.o
 .ARM.attributes
                0x0000000000000052       0x34 ./Core/Src/fatfs_storage.o
 .ARM.attributes
                0x0000000000000086       0x34 ./Core/Src/main.o
 .ARM.attributes
                0x00000000000000ba       0x34 ./Core/Src/sd_diskio.o
 .ARM.attributes
                0x00000000000000ee       0x34 ./Core/Src/stm32f7xx_hal_msp.o
 .ARM.attributes
                0x0000000000000122       0x34 ./Core/Src/stm32f7xx_it.o
 .ARM.attributes
                0x0000000000000156       0x34 ./Core/Src/sysmem.o
 .ARM.attributes
                0x000000000000018a       0x34 ./Core/Src/system_stm32f7xx.o
 .ARM.attributes
                0x00000000000001be       0x21 ./Core/Startup/startup_stm32f746nghx.o
 .ARM.attributes
                0x00000000000001df       0x34 ./Drivers/STM32F7xx_HAL_Driver/Src/stm32f7xx_hal.o
 .ARM.attributes
                0x0000000000000213       0x34 ./Drivers/STM32F7xx_HAL_Driver/Src/stm32f7xx_hal_cortex.o
 .ARM.attributes
                0x0000000000000247       0x34 ./Drivers/STM32F7xx_HAL_Driver/Src/stm32f7xx_hal_crc.o
 .ARM.attributes
                0x000000000000027b       0x34 ./Drivers/STM32F7xx_HAL_Driver/Src/stm32f7xx_hal_crc_ex.o
 .ARM.attributes
                0x00000000000002af       0x34 ./Drivers/STM32F7xx_HAL_Driver/Src/stm32f7xx_hal_dma.o
 .ARM.attributes
                0x00000000000002e3       0x34 ./Drivers/STM32F7xx_HAL_Driver/Src/stm32f7xx_hal_dma2d.o
 .ARM.attributes
                0x0000000000000317       0x34 ./Drivers/STM32F7xx_HAL_Driver/Src/stm32f7xx_hal_gpio.o
 .ARM.attributes
                0x000000000000034b       0x34 ./Drivers/STM32F7xx_HAL_Driver/Src/stm32f7xx_hal_ltdc.o
 .ARM.attributes
                0x000000000000037f       0x34 ./Drivers/STM32F7xx_HAL_Driver/Src/stm32f7xx_hal_pwr_ex.o
 .ARM.attributes
                0x00000000000003b3       0x34 ./Drivers/STM32F7xx_HAL_Driver/Src/stm32f7xx_hal_rcc.o
 .ARM.attributes
                0x00000000000003e7       0x34 ./Drivers/STM32F7xx_HAL_Driver/Src/stm32f7xx_hal_rcc_ex.o
 .ARM.attributes
                0x000000000000041b       0x34 ./Drivers/STM32F7xx_HAL_Driver/Src/stm32f7xx_hal_sd.o
 .ARM.attributes
                0x000000000000044f       0x34 ./Drivers/STM32F7xx_HAL_Driver/Src/stm32f7xx_hal_sdram.o
 .ARM.attributes
                0x0000000000000483       0x34 ./Drivers/STM32F7xx_HAL_Driver/Src/stm32f7xx_ll_fmc.o
 .ARM.attributes
                0x00000000000004b7       0x34 ./Drivers/STM32F7xx_HAL_Driver/Src/stm32f7xx_ll_sdmmc.o
 .ARM.attributes
                0x00000000000004eb       0x34 ./FATFS/diskio.o
 .ARM.attributes
                0x000000000000051f       0x34 ./FATFS/ff.o
 .ARM.attributes
                0x0000000000000553       0x34 ./FATFS/ff_gen_drv.o
 .ARM.attributes
                0x0000000000000587       0x34 ./GUI files/font24.o
 .ARM.attributes
                0x00000000000005bb       0x34 ./GUI files/stm32746g_discovery.o
 .ARM.attributes
                0x00000000000005ef       0x34 ./GUI files/stm32746g_discovery_lcd.o
 .ARM.attributes
                0x0000000000000623       0x34 ./GUI files/stm32746g_discovery_sd.o
 .ARM.attributes
                0x0000000000000657       0x34 ./GUI files/stm32746g_discovery_sdram.o
 .ARM.attributes
                0x000000000000068b       0x34 c:/st/stm32cubeide_1.8.0/stm32cubeide/plugins/com.st.stm32cube.ide.mcu.externaltools.gnu-tools-for-stm32.10.3-2021.10.win32_1.0.0.202111181127/tools/bin/../lib/gcc/arm-none-eabi/10.3.1/../../../../arm-none-eabi/lib/thumb/v7e-m+fp/hard\libc_nano.a(lib_a-errno.o)
 .ARM.attributes
                0x00000000000006bf       0x34 c:/st/stm32cubeide_1.8.0/stm32cubeide/plugins/com.st.stm32cube.ide.mcu.externaltools.gnu-tools-for-stm32.10.3-2021.10.win32_1.0.0.202111181127/tools/bin/../lib/gcc/arm-none-eabi/10.3.1/../../../../arm-none-eabi/lib/thumb/v7e-m+fp/hard\libc_nano.a(lib_a-impure.o)
 .ARM.attributes
                0x00000000000006f3       0x34 c:/st/stm32cubeide_1.8.0/stm32cubeide/plugins/com.st.stm32cube.ide.mcu.externaltools.gnu-tools-for-stm32.10.3-2021.10.win32_1.0.0.202111181127/tools/bin/../lib/gcc/arm-none-eabi/10.3.1/../../../../arm-none-eabi/lib/thumb/v7e-m+fp/hard\libc_nano.a(lib_a-init.o)
 .ARM.attributes
                0x0000000000000727       0x34 c:/st/stm32cubeide_1.8.0/stm32cubeide/plugins/com.st.stm32cube.ide.mcu.externaltools.gnu-tools-for-stm32.10.3-2021.10.win32_1.0.0.202111181127/tools/bin/../lib/gcc/arm-none-eabi/10.3.1/../../../../arm-none-eabi/lib/thumb/v7e-m+fp/hard\libc_nano.a(lib_a-malloc.o)
 .ARM.attributes
                0x000000000000075b       0x34 c:/st/stm32cubeide_1.8.0/stm32cubeide/plugins/com.st.stm32cube.ide.mcu.externaltools.gnu-tools-for-stm32.10.3-2021.10.win32_1.0.0.202111181127/tools/bin/../lib/gcc/arm-none-eabi/10.3.1/../../../../arm-none-eabi/lib/thumb/v7e-m+fp/hard\libc_nano.a(lib_a-memset.o)
 .ARM.attributes
                0x000000000000078f       0x34 c:/st/stm32cubeide_1.8.0/stm32cubeide/plugins/com.st.stm32cube.ide.mcu.externaltools.gnu-tools-for-stm32.10.3-2021.10.win32_1.0.0.202111181127/tools/bin/../lib/gcc/arm-none-eabi/10.3.1/../../../../arm-none-eabi/lib/thumb/v7e-m+fp/hard\libc_nano.a(lib_a-nano-freer.o)
 .ARM.attributes
                0x00000000000007c3       0x34 c:/st/stm32cubeide_1.8.0/stm32cubeide/plugins/com.st.stm32cube.ide.mcu.externaltools.gnu-tools-for-stm32.10.3-2021.10.win32_1.0.0.202111181127/tools/bin/../lib/gcc/arm-none-eabi/10.3.1/../../../../arm-none-eabi/lib/thumb/v7e-m+fp/hard\libc_nano.a(lib_a-nano-mallocr.o)
 .ARM.attributes
                0x00000000000007f7       0x34 c:/st/stm32cubeide_1.8.0/stm32cubeide/plugins/com.st.stm32cube.ide.mcu.externaltools.gnu-tools-for-stm32.10.3-2021.10.win32_1.0.0.202111181127/tools/bin/../lib/gcc/arm-none-eabi/10.3.1/../../../../arm-none-eabi/lib/thumb/v7e-m+fp/hard\libc_nano.a(lib_a-sbrkr.o)
 .ARM.attributes
                0x000000000000082b       0x34 c:/st/stm32cubeide_1.8.0/stm32cubeide/plugins/com.st.stm32cube.ide.mcu.externaltools.gnu-tools-for-stm32.10.3-2021.10.win32_1.0.0.202111181127/tools/bin/../lib/gcc/arm-none-eabi/10.3.1/../../../../arm-none-eabi/lib/thumb/v7e-m+fp/hard\libc_nano.a(lib_a-sprintf.o)
 .ARM.attributes
                0x000000000000085f       0x34 c:/st/stm32cubeide_1.8.0/stm32cubeide/plugins/com.st.stm32cube.ide.mcu.externaltools.gnu-tools-for-stm32.10.3-2021.10.win32_1.0.0.202111181127/tools/bin/../lib/gcc/arm-none-eabi/10.3.1/../../../../arm-none-eabi/lib/thumb/v7e-m+fp/hard\libc_nano.a(lib_a-mlock.o)
 .ARM.attributes
                0x0000000000000893       0x34 c:/st/stm32cubeide_1.8.0/stm32cubeide/plugins/com.st.stm32cube.ide.mcu.externaltools.gnu-tools-for-stm32.10.3-2021.10.win32_1.0.0.202111181127/tools/bin/../lib/gcc/arm-none-eabi/10.3.1/../../../../arm-none-eabi/lib/thumb/v7e-m+fp/hard\libc_nano.a(lib_a-nano-svfprintf.o)
 .ARM.attributes
                0x00000000000008c7       0x34 c:/st/stm32cubeide_1.8.0/stm32cubeide/plugins/com.st.stm32cube.ide.mcu.externaltools.gnu-tools-for-stm32.10.3-2021.10.win32_1.0.0.202111181127/tools/bin/../lib/gcc/arm-none-eabi/10.3.1/../../../../arm-none-eabi/lib/thumb/v7e-m+fp/hard\libc_nano.a(lib_a-nano-vfprintf_i.o)
 .ARM.attributes
                0x00000000000008fb       0x34 c:/st/stm32cubeide_1.8.0/stm32cubeide/plugins/com.st.stm32cube.ide.mcu.externaltools.gnu-tools-for-stm32.10.3-2021.10.win32_1.0.0.202111181127/tools/bin/../lib/gcc/arm-none-eabi/10.3.1/../../../../arm-none-eabi/lib/thumb/v7e-m+fp/hard\libc_nano.a(lib_a-reent.o)
 .ARM.attributes
                0x000000000000092f       0x34 c:/st/stm32cubeide_1.8.0/stm32cubeide/plugins/com.st.stm32cube.ide.mcu.externaltools.gnu-tools-for-stm32.10.3-2021.10.win32_1.0.0.202111181127/tools/bin/../lib/gcc/arm-none-eabi/10.3.1/../../../../arm-none-eabi/lib/thumb/v7e-m+fp/hard\libc_nano.a(lib_a-lock.o)
 .ARM.attributes
                0x0000000000000963       0x1c c:/st/stm32cubeide_1.8.0/stm32cubeide/plugins/com.st.stm32cube.ide.mcu.externaltools.gnu-tools-for-stm32.10.3-2021.10.win32_1.0.0.202111181127/tools/bin/../lib/gcc/arm-none-eabi/10.3.1/../../../../arm-none-eabi/lib/thumb/v7e-m+fp/hard\libc_nano.a(lib_a-memchr.o)
 .ARM.attributes
                0x000000000000097f       0x34 c:/st/stm32cubeide_1.8.0/stm32cubeide/plugins/com.st.stm32cube.ide.mcu.externaltools.gnu-tools-for-stm32.10.3-2021.10.win32_1.0.0.202111181127/tools/bin/../lib/gcc/arm-none-eabi/10.3.1/../../../../arm-none-eabi/lib/thumb/v7e-m+fp/hard\libc_nano.a(lib_a-memcpy-stub.o)
 .ARM.attributes
                0x00000000000009b3       0x34 c:/st/stm32cubeide_1.8.0/stm32cubeide/plugins/com.st.stm32cube.ide.mcu.externaltools.gnu-tools-for-stm32.10.3-2021.10.win32_1.0.0.202111181127/tools/bin/../lib/gcc/arm-none-eabi/10.3.1/../../../../arm-none-eabi/lib/thumb/v7e-m+fp/hard\libc_nano.a(lib_a-memmove.o)
 .ARM.attributes
                0x00000000000009e7       0x34 c:/st/stm32cubeide_1.8.0/stm32cubeide/plugins/com.st.stm32cube.ide.mcu.externaltools.gnu-tools-for-stm32.10.3-2021.10.win32_1.0.0.202111181127/tools/bin/../lib/gcc/arm-none-eabi/10.3.1/../../../../arm-none-eabi/lib/thumb/v7e-m+fp/hard\libc_nano.a(lib_a-nano-reallocr.o)
 .ARM.attributes
                0x0000000000000a1b       0x34 c:/st/stm32cubeide_1.8.0/stm32cubeide/plugins/com.st.stm32cube.ide.mcu.externaltools.gnu-tools-for-stm32.10.3-2021.10.win32_1.0.0.202111181127/tools/bin/../lib/gcc/arm-none-eabi/10.3.1/../../../../arm-none-eabi/lib/thumb/v7e-m+fp/hard\libc_nano.a(lib_a-nano-msizer.o)
 .ARM.attributes
                0x0000000000000a4f       0x1e c:/st/stm32cubeide_1.8.0/stm32cubeide/plugins/com.st.stm32cube.ide.mcu.externaltools.gnu-tools-for-stm32.10.3-2021.10.win32_1.0.0.202111181127/tools/bin/../lib/gcc/arm-none-eabi/10.3.1/thumb/v7e-m+fp/hard\libgcc.a(_aeabi_uldivmod.o)
 .ARM.attributes
                0x0000000000000a6d       0x34 c:/st/stm32cubeide_1.8.0/stm32cubeide/plugins/com.st.stm32cube.ide.mcu.externaltools.gnu-tools-for-stm32.10.3-2021.10.win32_1.0.0.202111181127/tools/bin/../lib/gcc/arm-none-eabi/10.3.1/thumb/v7e-m+fp/hard\libgcc.a(_udivmoddi4.o)
 .ARM.attributes
                0x0000000000000aa1       0x1e c:/st/stm32cubeide_1.8.0/stm32cubeide/plugins/com.st.stm32cube.ide.mcu.externaltools.gnu-tools-for-stm32.10.3-2021.10.win32_1.0.0.202111181127/tools/bin/../lib/gcc/arm-none-eabi/10.3.1/thumb/v7e-m+fp/hard\libgcc.a(_dvmd_tls.o)
 .ARM.attributes
                0x0000000000000abf       0x1e c:/st/stm32cubeide_1.8.0/stm32cubeide/plugins/com.st.stm32cube.ide.mcu.externaltools.gnu-tools-for-stm32.10.3-2021.10.win32_1.0.0.202111181127/tools/bin/../lib/gcc/arm-none-eabi/10.3.1/thumb/v7e-m+fp/hard/crtn.o
OUTPUT(jbm.elf elf32-littlearm)
LOAD linker stubs
LOAD c:/st/stm32cubeide_1.8.0/stm32cubeide/plugins/com.st.stm32cube.ide.mcu.externaltools.gnu-tools-for-stm32.10.3-2021.10.win32_1.0.0.202111181127/tools/bin/../lib/gcc/arm-none-eabi/10.3.1/../../../../arm-none-eabi/lib/thumb/v7e-m+fp/hard\libc.a
LOAD c:/st/stm32cubeide_1.8.0/stm32cubeide/plugins/com.st.stm32cube.ide.mcu.externaltools.gnu-tools-for-stm32.10.3-2021.10.win32_1.0.0.202111181127/tools/bin/../lib/gcc/arm-none-eabi/10.3.1/../../../../arm-none-eabi/lib/thumb/v7e-m+fp/hard\libm.a
LOAD c:/st/stm32cubeide_1.8.0/stm32cubeide/plugins/com.st.stm32cube.ide.mcu.externaltools.gnu-tools-for-stm32.10.3-2021.10.win32_1.0.0.202111181127/tools/bin/../lib/gcc/arm-none-eabi/10.3.1/thumb/v7e-m+fp/hard\libgcc.a

.debug_info     0x0000000000000000    0x184b7
 .debug_info    0x0000000000000000      0x87a ./Core/Src/fatfs_storage.o
 .debug_info    0x000000000000087a     0x1824 ./Core/Src/main.o
 .debug_info    0x000000000000209e      0x4e9 ./Core/Src/sd_diskio.o
 .debug_info    0x0000000000002587      0x898 ./Core/Src/stm32f7xx_hal_msp.o
 .debug_info    0x0000000000002e1f      0x561 ./Core/Src/stm32f7xx_it.o
 .debug_info    0x0000000000003380      0x171 ./Core/Src/sysmem.o
 .debug_info    0x00000000000034f1      0x72c ./Core/Src/system_stm32f7xx.o
 .debug_info    0x0000000000003c1d       0x22 ./Core/Startup/startup_stm32f746nghx.o
 .debug_info    0x0000000000003c3f      0xa0c ./Drivers/STM32F7xx_HAL_Driver/Src/stm32f7xx_hal.o
 .debug_info    0x000000000000464b     0x105a ./Drivers/STM32F7xx_HAL_Driver/Src/stm32f7xx_hal_cortex.o
 .debug_info    0x00000000000056a5      0x57c ./Drivers/STM32F7xx_HAL_Driver/Src/stm32f7xx_hal_crc.o
 .debug_info    0x0000000000005c21      0x38f ./Drivers/STM32F7xx_HAL_Driver/Src/stm32f7xx_hal_crc_ex.o
 .debug_info    0x0000000000005fb0      0x94f ./Drivers/STM32F7xx_HAL_Driver/Src/stm32f7xx_hal_dma.o
 .debug_info    0x00000000000068ff      0xf9f ./Drivers/STM32F7xx_HAL_Driver/Src/stm32f7xx_hal_dma2d.o
 .debug_info    0x000000000000789e      0x794 ./Drivers/STM32F7xx_HAL_Driver/Src/stm32f7xx_hal_gpio.o
 .debug_info    0x0000000000008032     0x112a ./Drivers/STM32F7xx_HAL_Driver/Src/stm32f7xx_hal_ltdc.o
 .debug_info    0x000000000000915c      0x92e ./Drivers/STM32F7xx_HAL_Driver/Src/stm32f7xx_hal_pwr_ex.o
 .debug_info    0x0000000000009a8a      0x99c ./Drivers/STM32F7xx_HAL_Driver/Src/stm32f7xx_hal_rcc.o
 .debug_info    0x000000000000a426      0x764 ./Drivers/STM32F7xx_HAL_Driver/Src/stm32f7xx_hal_rcc_ex.o
 .debug_info    0x000000000000ab8a     0x1bf8 ./Drivers/STM32F7xx_HAL_Driver/Src/stm32f7xx_hal_sd.o
 .debug_info    0x000000000000c782      0xdb3 ./Drivers/STM32F7xx_HAL_Driver/Src/stm32f7xx_hal_sdram.o
 .debug_info    0x000000000000d535      0xcb6 ./Drivers/STM32F7xx_HAL_Driver/Src/stm32f7xx_ll_fmc.o
 .debug_info    0x000000000000e1eb     0x10ea ./Drivers/STM32F7xx_HAL_Driver/Src/stm32f7xx_ll_sdmmc.o
 .debug_info    0x000000000000f2d5      0x40b ./FATFS/diskio.o
 .debug_info    0x000000000000f6e0     0x2218 ./FATFS/ff.o
 .debug_info    0x00000000000118f8      0x3a2 ./FATFS/ff_gen_drv.o
 .debug_info    0x0000000000011c9a      0x127 ./GUI files/font24.o
 .debug_info    0x0000000000011dc1     0x1c5b ./GUI files/stm32746g_discovery.o
 .debug_info    0x0000000000013a1c     0x2605 ./GUI files/stm32746g_discovery_lcd.o
 .debug_info    0x0000000000016021     0x13be ./GUI files/stm32746g_discovery_sd.o
 .debug_info    0x00000000000173df     0x10d8 ./GUI files/stm32746g_discovery_sdram.o

.debug_abbrev   0x0000000000000000     0x3b31
 .debug_abbrev  0x0000000000000000      0x1d9 ./Core/Src/fatfs_storage.o
 .debug_abbrev  0x00000000000001d9      0x353 ./Core/Src/main.o
 .debug_abbrev  0x000000000000052c      0x187 ./Core/Src/sd_diskio.o
 .debug_abbrev  0x00000000000006b3      0x187 ./Core/Src/stm32f7xx_hal_msp.o
 .debug_abbrev  0x000000000000083a      0x161 ./Core/Src/stm32f7xx_it.o
 .debug_abbrev  0x000000000000099b       0xbb ./Core/Src/sysmem.o
 .debug_abbrev  0x0000000000000a56      0x136 ./Core/Src/system_stm32f7xx.o
 .debug_abbrev  0x0000000000000b8c       0x12 ./Core/Startup/startup_stm32f746nghx.o
 .debug_abbrev  0x0000000000000b9e      0x20d ./Drivers/STM32F7xx_HAL_Driver/Src/stm32f7xx_hal.o
 .debug_abbrev  0x0000000000000dab      0x316 ./Drivers/STM32F7xx_HAL_Driver/Src/stm32f7xx_hal_cortex.o
 .debug_abbrev  0x00000000000010c1      0x1d8 ./Drivers/STM32F7xx_HAL_Driver/Src/stm32f7xx_hal_crc.o
 .debug_abbrev  0x0000000000001299      0x146 ./Drivers/STM32F7xx_HAL_Driver/Src/stm32f7xx_hal_crc_ex.o
 .debug_abbrev  0x00000000000013df      0x25b ./Drivers/STM32F7xx_HAL_Driver/Src/stm32f7xx_hal_dma.o
 .debug_abbrev  0x000000000000163a      0x22e ./Drivers/STM32F7xx_HAL_Driver/Src/stm32f7xx_hal_dma2d.o
 .debug_abbrev  0x0000000000001868      0x1c4 ./Drivers/STM32F7xx_HAL_Driver/Src/stm32f7xx_hal_gpio.o
 .debug_abbrev  0x0000000000001a2c      0x233 ./Drivers/STM32F7xx_HAL_Driver/Src/stm32f7xx_hal_ltdc.o
 .debug_abbrev  0x0000000000001c5f      0x1cb ./Drivers/STM32F7xx_HAL_Driver/Src/stm32f7xx_hal_pwr_ex.o
 .debug_abbrev  0x0000000000001e2a      0x27b ./Drivers/STM32F7xx_HAL_Driver/Src/stm32f7xx_hal_rcc.o
 .debug_abbrev  0x00000000000020a5      0x1b9 ./Drivers/STM32F7xx_HAL_Driver/Src/stm32f7xx_hal_rcc_ex.o
 .debug_abbrev  0x000000000000225e      0x288 ./Drivers/STM32F7xx_HAL_Driver/Src/stm32f7xx_hal_sd.o
 .debug_abbrev  0x00000000000024e6      0x227 ./Drivers/STM32F7xx_HAL_Driver/Src/stm32f7xx_hal_sdram.o
 .debug_abbrev  0x000000000000270d      0x176 ./Drivers/STM32F7xx_HAL_Driver/Src/stm32f7xx_ll_fmc.o
 .debug_abbrev  0x0000000000002883      0x1e2 ./Drivers/STM32F7xx_HAL_Driver/Src/stm32f7xx_ll_sdmmc.o
 .debug_abbrev  0x0000000000002a65      0x178 ./FATFS/diskio.o
 .debug_abbrev  0x0000000000002bdd      0x237 ./FATFS/ff.o
 .debug_abbrev  0x0000000000002e14      0x196 ./FATFS/ff_gen_drv.o
 .debug_abbrev  0x0000000000002faa       0xb1 ./GUI files/font24.o
 .debug_abbrev  0x000000000000305b      0x2ef ./GUI files/stm32746g_discovery.o
 .debug_abbrev  0x000000000000334a      0x2e8 ./GUI files/stm32746g_discovery_lcd.o
 .debug_abbrev  0x0000000000003632      0x290 ./GUI files/stm32746g_discovery_sd.o
 .debug_abbrev  0x00000000000038c2      0x26f ./GUI files/stm32746g_discovery_sdram.o

.debug_aranges  0x0000000000000000     0x1478
 .debug_aranges
                0x0000000000000000       0x40 ./Core/Src/fatfs_storage.o
 .debug_aranges
                0x0000000000000040       0x58 ./Core/Src/main.o
 .debug_aranges
                0x0000000000000098       0x48 ./Core/Src/sd_diskio.o
 .debug_aranges
                0x00000000000000e0       0x40 ./Core/Src/stm32f7xx_hal_msp.o
 .debug_aranges
                0x0000000000000120       0x68 ./Core/Src/stm32f7xx_it.o
 .debug_aranges
                0x0000000000000188       0x20 ./Core/Src/sysmem.o
 .debug_aranges
                0x00000000000001a8       0x28 ./Core/Src/system_stm32f7xx.o
 .debug_aranges
                0x00000000000001d0       0x28 ./Core/Startup/startup_stm32f746nghx.o
 .debug_aranges
                0x00000000000001f8      0x100 ./Drivers/STM32F7xx_HAL_Driver/Src/stm32f7xx_hal.o
 .debug_aranges
                0x00000000000002f8      0x118 ./Drivers/STM32F7xx_HAL_Driver/Src/stm32f7xx_hal_cortex.o
 .debug_aranges
                0x0000000000000410       0x60 ./Drivers/STM32F7xx_HAL_Driver/Src/stm32f7xx_hal_crc.o
 .debug_aranges
                0x0000000000000470       0x30 ./Drivers/STM32F7xx_HAL_Driver/Src/stm32f7xx_hal_crc_ex.o
 .debug_aranges
                0x00000000000004a0       0x90 ./Drivers/STM32F7xx_HAL_Driver/Src/stm32f7xx_hal_dma.o
 .debug_aranges
                0x0000000000000530      0x118 ./Drivers/STM32F7xx_HAL_Driver/Src/stm32f7xx_hal_dma2d.o
 .debug_aranges
                0x0000000000000648       0x58 ./Drivers/STM32F7xx_HAL_Driver/Src/stm32f7xx_hal_gpio.o
 .debug_aranges
                0x00000000000006a0      0x158 ./Drivers/STM32F7xx_HAL_Driver/Src/stm32f7xx_hal_ltdc.o
 .debug_aranges
                0x00000000000007f8       0x80 ./Drivers/STM32F7xx_HAL_Driver/Src/stm32f7xx_hal_pwr_ex.o
 .debug_aranges
                0x0000000000000878       0x88 ./Drivers/STM32F7xx_HAL_Driver/Src/stm32f7xx_hal_rcc.o