Archive member included to satisfy reference by file (symbol)

C:/ST/STM32CubeIDE_1.16.1/STM32CubeIDE/plugins/com.st.stm32cube.ide.mcu.externaltools.gnu-tools-for-stm32.12.3.rel1.win32_1.0.200.202406191623/tools/bin/../lib/gcc/arm-none-eabi/12.3.1/../../../../arm-none-eabi/lib/thumb/v7e-m+fp/hard\libc_nano.a(libc_a-exit.o)
                              C:/ST/STM32CubeIDE_1.16.1/STM32CubeIDE/plugins/com.st.stm32cube.ide.mcu.externaltools.gnu-tools-for-stm32.12.3.rel1.win32_1.0.200.202406191623/tools/bin/../lib/gcc/arm-none-eabi/12.3.1/../../../../arm-none-eabi/lib/thumb/v7e-m+fp/hard/crt0.o (exit)
C:/ST/STM32CubeIDE_1.16.1/STM32CubeIDE/plugins/com.st.stm32cube.ide.mcu.externaltools.gnu-tools-for-stm32.12.3.rel1.win32_1.0.200.202406191623/tools/bin/../lib/gcc/arm-none-eabi/12.3.1/../../../../arm-none-eabi/lib/thumb/v7e-m+fp/hard\libc_nano.a(libc_a-malloc.o)
                              ./Middlewares/Third_Party/FatFs/src/option/syscall.o (malloc)
C:/ST/STM32CubeIDE_1.16.1/STM32CubeIDE/plugins/com.st.stm32cube.ide.mcu.externaltools.gnu-tools-for-stm32.12.3.rel1.win32_1.0.200.202406191623/tools/bin/../lib/gcc/arm-none-eabi/12.3.1/../../../../arm-none-eabi/lib/thumb/v7e-m+fp/hard\libc_nano.a(libc_a-mallocr.o)
                              C:/ST/STM32CubeIDE_1.16.1/STM32CubeIDE/plugins/com.st.stm32cube.ide.mcu.externaltools.gnu-tools-for-stm32.12.3.rel1.win32_1.0.200.202406191623/tools/bin/../lib/gcc/arm-none-eabi/12.3.1/../../../../arm-none-eabi/lib/thumb/v7e-m+fp/hard\libc_nano.a(libc_a-malloc.o) (_malloc_r)
C:/ST/STM32CubeIDE_1.16.1/STM32CubeIDE/plugins/com.st.stm32cube.ide.mcu.externaltools.gnu-tools-for-stm32.12.3.rel1.win32_1.0.200.202406191623/tools/bin/../lib/gcc/arm-none-eabi/12.3.1/../../../../arm-none-eabi/lib/thumb/v7e-m+fp/hard\libc_nano.a(libc_a-mlock.o)
                              C:/ST/STM32CubeIDE_1.16.1/STM32CubeIDE/plugins/com.st.stm32cube.ide.mcu.externaltools.gnu-tools-for-stm32.12.3.rel1.win32_1.0.200.202406191623/tools/bin/../lib/gcc/arm-none-eabi/12.3.1/../../../../arm-none-eabi/lib/thumb/v7e-m+fp/hard\libc_nano.a(libc_a-mallocr.o) (__malloc_lock)
C:/ST/STM32CubeIDE_1.16.1/STM32CubeIDE/plugins/com.st.stm32cube.ide.mcu.externaltools.gnu-tools-for-stm32.12.3.rel1.win32_1.0.200.202406191623/tools/bin/../lib/gcc/arm-none-eabi/12.3.1/../../../../arm-none-eabi/lib/thumb/v7e-m+fp/hard\libc_nano.a(libc_a-findfp.o)
                              C:/ST/STM32CubeIDE_1.16.1/STM32CubeIDE/plugins/com.st.stm32cube.ide.mcu.externaltools.gnu-tools-for-stm32.12.3.rel1.win32_1.0.200.202406191623/tools/bin/../lib/gcc/arm-none-eabi/12.3.1/../../../../arm-none-eabi/lib/thumb/v7e-m+fp/hard\libc_nano.a(libc_a-exit.o) (__stdio_exit_handler)
C:/ST/STM32CubeIDE_1.16.1/STM32CubeIDE/plugins/com.st.stm32cube.ide.mcu.externaltools.gnu-tools-for-stm32.12.3.rel1.win32_1.0.200.202406191623/tools/bin/../lib/gcc/arm-none-eabi/12.3.1/../../../../arm-none-eabi/lib/thumb/v7e-m+fp/hard\libc_nano.a(libc_a-fwalk.o)
                              C:/ST/STM32CubeIDE_1.16.1/STM32CubeIDE/plugins/com.st.stm32cube.ide.mcu.externaltools.gnu-tools-for-stm32.12.3.rel1.win32_1.0.200.202406191623/tools/bin/../lib/gcc/arm-none-eabi/12.3.1/../../../../arm-none-eabi/lib/thumb/v7e-m+fp/hard\libc_nano.a(libc_a-findfp.o) (_fwalk_sglue)
C:/ST/STM32CubeIDE_1.16.1/STM32CubeIDE/plugins/com.st.stm32cube.ide.mcu.externaltools.gnu-tools-for-stm32.12.3.rel1.win32_1.0.200.202406191623/tools/bin/../lib/gcc/arm-none-eabi/12.3.1/../../../../arm-none-eabi/lib/thumb/v7e-m+fp/hard\libc_nano.a(libc_a-sprintf.o)
                              ./Core/Src/fatfs_drv.o (sprintf)
C:/ST/STM32CubeIDE_1.16.1/STM32CubeIDE/plugins/com.st.stm32cube.ide.mcu.externaltools.gnu-tools-for-stm32.12.3.rel1.win32_1.0.200.202406191623/tools/bin/../lib/gcc/arm-none-eabi/12.3.1/../../../../arm-none-eabi/lib/thumb/v7e-m+fp/hard\libc_nano.a(libc_a-stdio.o)
                              C:/ST/STM32CubeIDE_1.16.1/STM32CubeIDE/plugins/com.st.stm32cube.ide.mcu.externaltools.gnu-tools-for-stm32.12.3.rel1.win32_1.0.200.202406191623/tools/bin/../lib/gcc/arm-none-eabi/12.3.1/../../../../arm-none-eabi/lib/thumb/v7e-m+fp/hard\libc_nano.a(libc_a-findfp.o) (__sread)
C:/ST/STM32CubeIDE_1.16.1/STM32CubeIDE/plugins/com.st.stm32cube.ide.mcu.externaltools.gnu-tools-for-stm32.12.3.rel1.win32_1.0.200.202406191623/tools/bin/../lib/gcc/arm-none-eabi/12.3.1/../../../../arm-none-eabi/lib/thumb/v7e-m+fp/hard\libc_nano.a(libc_a-memset.o)
                              C:/ST/STM32CubeIDE_1.16.1/STM32CubeIDE/plugins/com.st.stm32cube.ide.mcu.externaltools.gnu-tools-for-stm32.12.3.rel1.win32_1.0.200.202406191623/tools/bin/../lib/gcc/arm-none-eabi/12.3.1/../../../../arm-none-eabi/lib/thumb/v7e-m+fp/hard/crt0.o (memset)
C:/ST/STM32CubeIDE_1.16.1/STM32CubeIDE/plugins/com.st.stm32cube.ide.mcu.externaltools.gnu-tools-for-stm32.12.3.rel1.win32_1.0.200.202406191623/tools/bin/../lib/gcc/arm-none-eabi/12.3.1/../../../../arm-none-eabi/lib/thumb/v7e-m+fp/hard\libc_nano.a(libc_a-strstr.o)
[...]
Memory Configuration

Name             Origin             Length             Attributes
RAM              0x20000000         0x00050000         xrw
FLASH            0x08000000         0x00100000         xr
*default*        0x00000000         0xffffffff

Linker script and memory map

LOAD C:/ST/STM32CubeIDE_1.16.1/STM32CubeIDE/plugins/com.st.stm32cube.ide.mcu.externaltools.gnu-tools-for-stm32.12.3.rel1.win32_1.0.200.202406191623/tools/bin/../lib/gcc/arm-none-eabi/12.3.1/thumb/v7e-m+fp/hard/crti.o
LOAD C:/ST/STM32CubeIDE_1.16.1/STM32CubeIDE/plugins/com.st.stm32cube.ide.mcu.externaltools.gnu-tools-for-stm32.12.3.rel1.win32_1.0.200.202406191623/tools/bin/../lib/gcc/arm-none-eabi/12.3.1/thumb/v7e-m+fp/hard/crtbegin.o
LOAD C:/ST/STM32CubeIDE_1.16.1/STM32CubeIDE/plugins/com.st.stm32cube.ide.mcu.externaltools.gnu-tools-for-stm32.12.3.rel1.win32_1.0.200.202406191623/tools/bin/../lib/gcc/arm-none-eabi/12.3.1/../../../../arm-none-eabi/lib/thumb/v7e-m+fp/hard/crt0.o
LOAD ./Core/Src/display.o
LOAD ./Core/Src/fatfs_drv.o
LOAD ./Core/Src/main.o
LOAD ./Core/Src/stm32f7xx_hal_msp.o
LOAD ./Core/Src/stm32f7xx_it.o
LOAD ./Core/Src/syscalls.o
LOAD ./Core/Src/sysmem.o
LOAD ./Core/Src/system_stm32f7xx.o
LOAD ./Core/Startup/startup_stm32f746nghx.o
LOAD ./Drivers/STM32F7xx_HAL_Driver/Src/stm32f7xx_hal.o
LOAD ./Drivers/STM32F7xx_HAL_Driver/Src/stm32f7xx_hal_cortex.o
LOAD ./Drivers/STM32F7xx_HAL_Driver/Src/stm32f7xx_hal_dma.o
LOAD ./Drivers/STM32F7xx_HAL_Driver/Src/stm32f7xx_hal_dma2d.o
LOAD ./Drivers/STM32F7xx_HAL_Driver/Src/stm32f7xx_hal_dma_ex.o
LOAD ./Drivers/STM32F7xx_HAL_Driver/Src/stm32f7xx_hal_dsi.o
LOAD ./Drivers/STM32F7xx_HAL_Driver/Src/stm32f7xx_hal_exti.o
LOAD ./Drivers/STM32F7xx_HAL_Driver/Src/stm32f7xx_hal_flash.o
LOAD ./Drivers/STM32F7xx_HAL_Driver/Src/stm32f7xx_hal_flash_ex.o
LOAD ./Drivers/STM32F7xx_HAL_Driver/Src/stm32f7xx_hal_gpio.o
LOAD ./Drivers/STM32F7xx_HAL_Driver/Src/stm32f7xx_hal_i2c.o
LOAD ./Drivers/STM32F7xx_HAL_Driver/Src/stm32f7xx_hal_i2c_ex.o
LOAD ./Drivers/STM32F7xx_HAL_Driver/Src/stm32f7xx_hal_ltdc.o
LOAD ./Drivers/STM32F7xx_HAL_Driver/Src/stm32f7xx_hal_ltdc_ex.o
LOAD ./Drivers/STM32F7xx_HAL_Driver/Src/stm32f7xx_hal_pwr.o
LOAD ./Drivers/STM32F7xx_HAL_Driver/Src/stm32f7xx_hal_pwr_ex.o
LOAD ./Drivers/STM32F7xx_HAL_Driver/Src/stm32f7xx_hal_rcc.o
LOAD ./Drivers/STM32F7xx_HAL_Driver/Src/stm32f7xx_hal_rcc_ex.o
LOAD ./Drivers/STM32F7xx_HAL_Driver/Src/stm32f7xx_hal_sd.o
LOAD ./Drivers/STM32F7xx_HAL_Driver/Src/stm32f7xx_hal_sdram.o
LOAD ./Drivers/STM32F7xx_HAL_Driver/Src/stm32f7xx_hal_tim.o
LOAD ./Drivers/STM32F7xx_HAL_Driver/Src/stm32f7xx_hal_tim_ex.o
LOAD ./Drivers/STM32F7xx_HAL_Driver/Src/stm32f7xx_ll_fmc.o
LOAD ./Drivers/STM32F7xx_HAL_Driver/Src/stm32f7xx_ll_sdmmc.o
LOAD ./FATFS/App/fatfs.o
LOAD ./FATFS/Target/bsp_driver_sd.o
LOAD ./FATFS/Target/fatfs_platform.o
LOAD ./FATFS/Target/sd_diskio.o
LOAD ./Middlewares/Third_Party/FatFs/src/diskio.o
LOAD ./Middlewares/Third_Party/FatFs/src/ff.o
LOAD ./Middlewares/Third_Party/FatFs/src/ff_gen_drv.o
LOAD ./Middlewares/Third_Party/FatFs/src/option/ccsbcs.o
LOAD ./Middlewares/Third_Party/FatFs/src/option/syscall.o
START GROUP
LOAD C:/ST/STM32CubeIDE_1.16.1/STM32CubeIDE/plugins/com.st.stm32cube.ide.mcu.externaltools.gnu-tools-for-stm32.12.3.rel1.win32_1.0.200.202406191623/tools/bin/../lib/gcc/arm-none-eabi/12.3.1/../../../../arm-none-eabi/lib/thumb/v7e-m+fp/hard\libc_nano.a
LOAD C:/ST/STM32CubeIDE_1.16.1/STM32CubeIDE/plugins/com.st.stm32cube.ide.mcu.externaltools.gnu-tools-for-stm32.12.3.rel1.win32_1.0.200.202406191623/tools/bin/../lib/gcc/arm-none-eabi/12.3.1/../../../../arm-none-eabi/lib/thumb/v7e-m+fp/hard\libm.a
END GROUP
START GROUP
LOAD C:/ST/STM32CubeIDE_1.16.1/STM32CubeIDE/plugins/com.st.stm32cube.ide.mcu.externaltools.gnu-tools-for-stm32.12.3.rel1.win32_1.0.200.202406191623/tools/bin/../lib/gcc/arm-none-eabi/12.3.1/thumb/v7e-m+fp/hard\libgcc.a
LOAD C:/ST/STM32CubeIDE_1.16.1/STM32CubeIDE/plugins/com.st.stm32cube.ide.mcu.externaltools.gnu-tools-for-stm32.12.3.rel1.win32_1.0.200.202406191623/tools/bin/../lib/gcc/arm-none-eabi/12.3.1/../../../../arm-none-eabi/lib/thumb/v7e-m+fp/hard\libc_nano.a
END GROUP
START GROUP
LOAD C:/ST/STM32CubeIDE_1.16.1/STM32CubeIDE/plugins/com.st.stm32cube.ide.mcu.externaltools.gnu-tools-for-stm32.12.3.rel1.win32_1.0.200.202406191623/tools/bin/../lib/gcc/arm-none-eabi/12.3.1/thumb/v7e-m+fp/hard\libgcc.a
LOAD C:/ST/STM32CubeIDE_1.16.1/STM32CubeIDE/plugins/com.st.stm32cube.ide.mcu.externaltools.gnu-tools-for-stm32.12.3.rel1.win32_1.0.200.202406191623/tools/bin/../lib/gcc/arm-none-eabi/12.3.1/../../../../arm-none-eabi/lib/thumb/v7e-m+fp/hard\libc_nano.a
LOAD C:/ST/STM32CubeIDE_1.16.1/STM32CubeIDE/plugins/com.st.stm32cube.ide.mcu.externaltools.gnu-tools-for-stm32.12.3.rel1.win32_1.0.200.202406191623/tools/bin/../lib/gcc/arm-none-eabi/12.3.1/../../../../arm-none-eabi/lib/thumb/v7e-m+fp/hard\libnosys.a
END GROUP
START GROUP
LOAD C:/ST/STM32CubeIDE_1.16.1/STM32CubeIDE/plugins/com.st.stm32cube.ide.mcu.externaltools.gnu-tools-for-stm32.12.3.rel1.win32_1.0.200.202406191623/tools/bin/../lib/gcc/arm-none-eabi/12.3.1/thumb/v7e-m+fp/hard\libgcc.a
LOAD C:/ST/STM32CubeIDE_1.16.1/STM32CubeIDE/plugins/com.st.stm32cube.ide.mcu.externaltools.gnu-tools-for-stm32.12.3.rel1.win32_1.0.200.202406191623/tools/bin/../lib/gcc/arm-none-eabi/12.3.1/../../../../arm-none-eabi/lib/thumb/v7e-m+fp/hard\libc_nano.a
LOAD C:/ST/STM32CubeIDE_1.16.1/STM32CubeIDE/plugins/com.st.stm32cube.ide.mcu.externaltools.gnu-tools-for-stm32.12.3.rel1.win32_1.0.200.202406191623/tools/bin/../lib/gcc/arm-none-eabi/12.3.1/../../../../arm-none-eabi/lib/thumb/v7e-m+fp/hard\libnosys.a
END GROUP
LOAD C:/ST/STM32CubeIDE_1.16.1/STM32CubeIDE/plugins/com.st.stm32cube.ide.mcu.externaltools.gnu-tools-for-stm32.12.3.rel1.win32_1.0.200.202406191623/tools/bin/../lib/gcc/arm-none-eabi/12.3.1/thumb/v7e-m+fp/hard/crtend.o
LOAD C:/ST/STM32CubeIDE_1.16.1/STM32CubeIDE/plugins/com.st.stm32cube.ide.mcu.externaltools.gnu-tools-for-stm32.12.3.rel1.win32_1.0.200.202406191623/tools/bin/../lib/gcc/arm-none-eabi/12.3.1/thumb/v7e-m+fp/hard/crtn.o
                0x20050000                        _estack = (ORIGIN (RAM) + LENGTH (RAM))
                0x00000400                        _Min_Heap_Size = 0x400
                0x00000800                        _Min_Stack_Size = 0x800

.isr_vector     0x08000000      0x1c8
                0x08000000                        . = ALIGN (0x4)
 *(.isr_vector)
 .isr_vector    0x08000000      0x1c8 ./Core/Startup/startup_stm32f746nghx.o
                0x08000000                g_pfnVectors
                0x080001c8                        . = ALIGN (0x4)

.text           0x080001c8     0x919c
                0x080001c8                        . = ALIGN (0x4)
 *(.text)
 .text          0x080001c8       0x40 C:/ST/STM32CubeIDE_1.16.1/STM32CubeIDE/plugins/com.st.stm32cube.ide.mcu.externaltools.gnu-tools-for-stm32.12.3.rel1.win32_1.0.200.202406191623/tools/bin/../lib/gcc/arm-none-eabi/12.3.1/thumb/v7e-m+fp/hard/crtbegin.o
 .text          0x08000208       0x30 C:/ST/STM32CubeIDE_1.16.1/STM32CubeIDE/plugins/com.st.stm32cube.ide.mcu.externaltools.gnu-tools-for-stm32.12.3.rel1.win32_1.0.200.202406191623/tools/bin/../lib/gcc/arm-none-eabi/12.3.1/thumb/v7e-m+fp/hard\libgcc.a(_aeabi_uldivmod.o)
                0x08000208                __aeabi_uldivmod
 .text          0x08000238      0x2bc C:/ST/STM32CubeIDE_1.16.1/STM32CubeIDE/plugins/com.st.stm32cube.ide.mcu.externaltools.gnu-tools-for-stm32.12.3.rel1.win32_1.0.200.202406191623/tools/bin/../lib/gcc/arm-none-eabi/12.3.1/thumb/v7e-m+fp/hard\libgcc.a(_udivmoddi4.o)
                0x08000238                __udivmoddi4
 .text          0x080004f4        0x4 C:/ST/STM32CubeIDE_1.16.1/STM32CubeIDE/plugins/com.st.stm32cube.ide.mcu.externaltools.gnu-tools-for-stm32.12.3.rel1.win32_1.0.200.202406191623/tools/bin/../lib/gcc/arm-none-eabi/12.3.1/thumb/v7e-m+fp/hard\libgcc.a(_dvmd_tls.o)
                0x080004f4                __aeabi_idiv0
                0x080004f4                __aeabi_ldiv0
 *(.text*)
 .text.main     0x080004f8       0xb4 ./Core/Src/main.o
                0x080004f8                main
 .text.SystemClock_Config
                0x080005ac       0xd0 ./Core/Src/main.o
                0x080005ac                SystemClock_Config
 .text.MX_DMA2D_Init
                0x0800067c       0x64 ./Core/Src/main.o
 .text.MX_LTDC_Init
                0x080006e0      0x164 ./Core/Src/main.o
 .text.MX_SDMMC1_SD_Init
                0x08000844       0x40 ./Core/Src/main.o
 .text.MX_DMA_Init
                0x08000884       0x4c ./Core/Src/main.o
 .text.MX_FMC_Init
                0x080008d0       0x9c ./Core/Src/main.o
 .text.MX_GPIO_Init
                0x0800096c      0x76c ./Core/Src/main.o
 .text.Error_Handler
                0x080010d8        0xc ./Core/Src/main.o
                0x080010d8                Error_Handler
 .text.HAL_MspInit
                0x080010e4       0x48 ./Core/Src/stm32f7xx_hal_msp.o
                0x080010e4                HAL_MspInit
 .text.HAL_DMA2D_MspInit
                0x0800112c       0x40 ./Core/Src/stm32f7xx_hal_msp.o
                0x0800112c                HAL_DMA2D_MspInit
 .text.HAL_LTDC_MspInit
                0x0800116c      0x1f0 ./Core/Src/stm32f7xx_hal_msp.o
                0x0800116c                HAL_LTDC_MspInit
 .text.HAL_SD_MspInit
                0x0800135c      0x218 ./Core/Src/stm32f7xx_hal_msp.o
                0x0800135c                HAL_SD_MspInit
 .text.HAL_FMC_MspInit
                0x08001574      0x120 ./Core/Src/stm32f7xx_hal_msp.o
 .text.HAL_SDRAM_MspInit
                0x08001694       0x14 ./Core/Src/stm32f7xx_hal_msp.o
                0x08001694                HAL_SDRAM_MspInit
 .text.NMI_Handler
                0x080016a8        0x8 ./Core/Src/stm32f7xx_it.o
                0x080016a8                NMI_Handler
 .text.HardFault_Handler
                0x080016b0        0x8 ./Core/Src/stm32f7xx_it.o
                0x080016b0                HardFault_Handler
 .text.MemManage_Handler
                0x080016b8        0x8 ./Core/Src/stm32f7xx_it.o
                0x080016b8                MemManage_Handler
 .text.BusFault_Handler
                0x080016c0        0x8 ./Core/Src/stm32f7xx_it.o
                0x080016c0                BusFault_Handler
 .text.UsageFault_Handler
                0x080016c8        0x8 ./Core/Src/stm32f7xx_it.o
                0x080016c8                UsageFault_Handler
 .text.SVC_Handler
                0x080016d0        0xe ./Core/Src/stm32f7xx_it.o
                0x080016d0                SVC_Handler
 .text.DebugMon_Handler
                0x080016de        0xe ./Core/Src/stm32f7xx_it.o
                0x080016de                DebugMon_Handler
 .text.PendSV_Handler
                0x080016ec        0xe ./Core/Src/stm32f7xx_it.o
                0x080016ec                PendSV_Handler
 .text.SysTick_Handler
                0x080016fa        0xc ./Core/Src/stm32f7xx_it.o
                0x080016fa                SysTick_Handler
 *fill*         0x08001706        0x2 
 .text.SDMMC1_IRQHandler
                0x08001708       0x14 ./Core/Src/stm32f7xx_it.o
                0x08001708                SDMMC1_IRQHandler
 .text.DMA2_Stream3_IRQHandler
                0x0800171c       0x14 ./Core/Src/stm32f7xx_it.o
                0x0800171c                DMA2_Stream3_IRQHandler
 .text.DMA2_Stream6_IRQHandler
                0x08001730       0x14 ./Core/Src/stm32f7xx_it.o
                0x08001730                DMA2_Stream6_IRQHandler
 .text._sbrk    0x08001744       0x6c ./Core/Src/sysmem.o
                0x08001744                _sbrk
 .text.SystemInit
                0x080017b0       0x24 ./Core/Src/system_stm32f7xx.o
                0x080017b0                SystemInit
 .text.Reset_Handler
                0x080017d4       0x50 ./Core/Startup/startup_stm32f746nghx.o
                0x080017d4                Reset_Handler
 .text.Default_Handler
                0x08001824        0x2 ./Core/Startup/startup_stm32f746nghx.o
                0x08001824                RTC_Alarm_IRQHandler
                0x08001824                EXTI2_IRQHandler
                0x08001824                TIM8_CC_IRQHandler
                0x08001824                UART8_IRQHandler
                0x08001824                SPI4_IRQHandler
                0x08001824                TIM1_CC_IRQHandler
                0x08001824                DMA2_Stream5_IRQHandler
                0x08001824                DMA1_Stream5_IRQHandler
                0x08001824                PVD_IRQHandler
                0x08001824                TAMP_STAMP_IRQHandler
                0x08001824                CAN2_RX1_IRQHandler
                0x08001824                EXTI3_IRQHandler
                0x08001824                TIM8_TRG_COM_TIM14_IRQHandler
                0x08001824                TIM1_UP_TIM10_IRQHandler
                0x08001824                TIM8_UP_TIM13_IRQHandler
                0x08001824                I2C3_ER_IRQHandler
                0x08001824                EXTI0_IRQHandler
                0x08001824                I2C2_EV_IRQHandler
                0x08001824                DMA1_Stream2_IRQHandler
                0x08001824                CAN1_RX0_IRQHandler
                0x08001824                FPU_IRQHandler
                0x08001824                OTG_HS_WKUP_IRQHandler
                0x08001824                LTDC_ER_IRQHandler
                0x08001824                CAN2_SCE_IRQHandler
                0x08001824                DMA2_Stream2_IRQHandler
                0x08001824                SPI1_IRQHandler
                0x08001824                TIM6_DAC_IRQHandler
                0x08001824                TIM1_BRK_TIM9_IRQHandler
                0x08001824                DCMI_IRQHandler
                0x08001824                CAN2_RX0_IRQHandler
                0x08001824                SAI2_IRQHandler
                0x08001824                USART6_IRQHandler
                0x08001824                USART3_IRQHandler
                0x08001824                CAN1_RX1_IRQHandler
                0x08001824                UART5_IRQHandler
                0x08001824                DMA2_Stream0_IRQHandler
                0x08001824                TIM4_IRQHandler
                0x08001824                QUADSPI_IRQHandler
                0x08001824                I2C1_EV_IRQHandler
                0x08001824                DMA1_Stream6_IRQHandler
                0x08001824                DMA1_Stream1_IRQHandler
                0x08001824                UART4_IRQHandler
                0x08001824                TIM3_IRQHandler
                0x08001824                RCC_IRQHandler
                0x08001824                TIM8_BRK_TIM12_IRQHandler
                0x08001824                Default_Handler
                0x08001824                CEC_IRQHandler
                0x08001824                EXTI15_10_IRQHandler
                0x08001824                ADC_IRQHandler
                0x08001824                DMA1_Stream7_IRQHandler
                0x08001824                SPI5_IRQHandler
                0x08001824                TIM7_IRQHandler
                0x08001824                CAN2_TX_IRQHandler
                0x08001824                TIM5_IRQHandler
                0x08001824                DMA2_Stream7_IRQHandler
                0x08001824                I2C3_EV_IRQHandler
                0x08001824                EXTI9_5_IRQHandler
                0x08001824                RTC_WKUP_IRQHandler
                0x08001824                LTDC_IRQHandler
                0x08001824                ETH_WKUP_IRQHandler
                0x08001824                SPDIF_RX_IRQHandler
                0x08001824                SPI2_IRQHandler
                0x08001824                OTG_HS_EP1_IN_IRQHandler
                0x08001824                DMA1_Stream0_IRQHandler
                0x08001824                CAN1_TX_IRQHandler
                0x08001824                EXTI4_IRQHandler
                0x08001824                RNG_IRQHandler
                0x08001824                ETH_IRQHandler
                0x08001824                OTG_HS_EP1_OUT_IRQHandler
                0x08001824                WWDG_IRQHandler
                0x08001824                SPI6_IRQHandler
                0x08001824                I2C4_EV_IRQHandler
                0x08001824                TIM2_IRQHandler
                0x08001824                OTG_FS_WKUP_IRQHandler
                0x08001824                TIM1_TRG_COM_TIM11_IRQHandler
                0x08001824                OTG_HS_IRQHandler
                0x08001824                DMA2D_IRQHandler
                0x08001824                EXTI1_IRQHandler
                0x08001824                UART7_IRQHandler
                0x08001824                USART2_IRQHandler
                0x08001824                I2C2_ER_IRQHandler
                0x08001824                DMA2_Stream1_IRQHandler
                0x08001824                CAN1_SCE_IRQHandler
                0x08001824                FLASH_IRQHandler
                0x08001824                DMA2_Stream4_IRQHandler
                0x08001824                USART1_IRQHandler
                0x08001824                OTG_FS_IRQHandler
                0x08001824                SPI3_IRQHandler
                0x08001824                DMA1_Stream4_IRQHandler
                0x08001824                I2C1_ER_IRQHandler
                0x08001824                FMC_IRQHandler
                0x08001824                LPTIM1_IRQHandler
                0x08001824                I2C4_ER_IRQHandler
                0x08001824                SAI1_IRQHandler
                0x08001824                DMA1_Stream3_IRQHandler
 .text.HAL_Init
                0x08001826       0x1a ./Drivers/STM32F7xx_HAL_Driver/Src/stm32f7xx_hal.o
                0x08001826                HAL_Init
 .text.HAL_InitTick
                0x08001840       0x60 ./Drivers/STM32F7xx_HAL_Driver/Src/stm32f7xx_hal.o
                0x08001840                HAL_InitTick
 .text.HAL_IncTick
                0x080018a0       0x28 ./Drivers/STM32F7xx_HAL_Driver/Src/stm32f7xx_hal.o
                0x080018a0                HAL_IncTick
 .text.HAL_GetTick
                0x080018c8       0x18 ./Drivers/STM32F7xx_HAL_Driver/Src/stm32f7xx_hal.o
                0x080018c8                HAL_GetTick
 .text.HAL_Delay
                0x080018e0       0x48 ./Drivers/STM32F7xx_HAL_Driver/Src/stm32f7xx_hal.o
                0x080018e0                HAL_Delay
 .text.__NVIC_SetPriorityGrouping
                0x08001928       0x48 ./Drivers/STM32F7xx_HAL_Driver/Src/stm32f7xx_hal_cortex.o
 .text.__NVIC_GetPriorityGrouping
                0x08001970       0x1c ./Drivers/STM32F7xx_HAL_Driver/Src/stm32f7xx_hal_cortex.o
 .text.__NVIC_EnableIRQ
                0x0800198c       0x3c ./Drivers/STM32F7xx_HAL_Driver/Src/stm32f7xx_hal_cortex.o
 .text.__NVIC_SetPriority
                0x080019c8       0x54 ./Drivers/STM32F7xx_HAL_Driver/Src/stm32f7xx_hal_cortex.o
 .text.NVIC_EncodePriority
                0x08001a1c       0x66 ./Drivers/STM32F7xx_HAL_Driver/Src/stm32f7xx_hal_cortex.o
 *fill*         0x08001a82        0x2 
 .text.SysTick_Config
                0x08001a84       0x44 ./Drivers/STM32F7xx_HAL_Driver/Src/stm32f7xx_hal_cortex.o
 .text.HAL_NVIC_SetPriorityGrouping
                0x08001ac8       0x16 ./Drivers/STM32F7xx_HAL_Driver/Src/stm32f7xx_hal_cortex.o
                0x08001ac8                HAL_NVIC_SetPriorityGrouping
 .text.HAL_NVIC_SetPriority
                0x08001ade       0x38 ./Drivers/STM32F7xx_HAL_Driver/Src/stm32f7xx_hal_cortex.o
                0x08001ade                HAL_NVIC_SetPriority
 .text.HAL_NVIC_EnableIRQ
                0x08001b16       0x1c ./Drivers/STM32F7xx_HAL_Driver/Src/stm32f7xx_hal_cortex.o
                0x08001b16                HAL_NVIC_EnableIRQ
 .text.HAL_SYSTICK_Config
                0x08001b32       0x18 ./Drivers/STM32F7xx_HAL_Driver/Src/stm32f7xx_hal_cortex.o
                0x08001b32                HAL_SYSTICK_Config
 *fill*         0x08001b4a        0x2 
 .text.HAL_DMA_Init
                0x08001b4c      0x15c ./Drivers/STM32F7xx_HAL_Driver/Src/stm32f7xx_hal_dma.o
                0x08001b4c                HAL_DMA_Init
 .text.HAL_DMA_Start_IT
                0x08001ca8       0xc0 ./Drivers/STM32F7xx_HAL_Driver/Src/stm32f7xx_hal_dma.o
                0x08001ca8                HAL_DMA_Start_IT
 .text.HAL_DMA_Abort_IT
                0x08001d68       0x44 ./Drivers/STM32F7xx_HAL_Driver/Src/stm32f7xx_hal_dma.o
                0x08001d68                HAL_DMA_Abort_IT
 .text.HAL_DMA_IRQHandler
                0x08001dac      0x314 ./Drivers/STM32F7xx_HAL_Driver/Src/stm32f7xx_hal_dma.o
                0x08001dac                HAL_DMA_IRQHandler
 .text.HAL_DMA_GetError
                0x080020c0       0x18 ./Drivers/STM32F7xx_HAL_Driver/Src/stm32f7xx_hal_dma.o
                0x080020c0                HAL_DMA_GetError
 .text.DMA_SetConfig
                0x080020d8       0x5c ./Drivers/STM32F7xx_HAL_Driver/Src/stm32f7xx_hal_dma.o
 .text.DMA_CalcBaseAndBitshift
                0x08002134       0x6c ./Drivers/STM32F7xx_HAL_Driver/Src/stm32f7xx_hal_dma.o
 .text.DMA_CheckFifoParam
                0x080021a0       0xf8 ./Drivers/STM32F7xx_HAL_Driver/Src/stm32f7xx_hal_dma.o
 .text.HAL_DMA2D_Init
                0x08002298       0x94 ./Drivers/STM32F7xx_HAL_Driver/Src/stm32f7xx_hal_dma2d.o
                0x08002298                HAL_DMA2D_Init
 .text.HAL_DMA2D_ConfigLayer
                0x0800232c      0x124 ./Drivers/STM32F7xx_HAL_Driver/Src/stm32f7xx_hal_dma2d.o
                0x0800232c                HAL_DMA2D_ConfigLayer
 .text.HAL_GPIO_Init
                0x08002450      0x358 ./Drivers/STM32F7xx_HAL_Driver/Src/stm32f7xx_hal_gpio.o
                0x08002450                HAL_GPIO_Init
 .text.HAL_GPIO_ReadPin
                0x080027a8       0x30 ./Drivers/STM32F7xx_HAL_Driver/Src/stm32f7xx_hal_gpio.o
                0x080027a8                HAL_GPIO_ReadPin
 .text.HAL_GPIO_WritePin
                0x080027d8       0x32 ./Drivers/STM32F7xx_HAL_Driver/Src/stm32f7xx_hal_gpio.o
                0x080027d8                HAL_GPIO_WritePin
 *fill*         0x0800280a        0x2 
 .text.HAL_LTDC_Init
                0x0800280c      0x1a0 ./Drivers/STM32F7xx_HAL_Driver/Src/stm32f7xx_hal_ltdc.o
                0x0800280c                HAL_LTDC_Init
 .text.HAL_LTDC_ConfigLayer
                0x080029ac       0x7c ./Drivers/STM32F7xx_HAL_Driver/Src/stm32f7xx_hal_ltdc.o
                0x080029ac                HAL_LTDC_ConfigLayer
 .text.LTDC_SetConfig
                0x08002a28      0x334 ./Drivers/STM32F7xx_HAL_Driver/Src/stm32f7xx_hal_ltdc.o
 .text.HAL_RCC_OscConfig
                0x08002d5c      0x548 ./Drivers/STM32F7xx_HAL_Driver/Src/stm32f7xx_hal_rcc.o
                0x08002d5c                HAL_RCC_OscConfig
 .text.HAL_RCC_ClockConfig
                0x080032a4      0x1d8 ./Drivers/STM32F7xx_HAL_Driver/Src/stm32f7xx_hal_rcc.o
                0x080032a4                HAL_RCC_ClockConfig
 .text.HAL_RCC_GetSysClockFreq
                0x0800347c      0x18c ./Drivers/STM32F7xx_HAL_Driver/Src/stm32f7xx_hal_rcc.o
                0x0800347c                HAL_RCC_GetSysClockFreq
 .text.HAL_RCCEx_PeriphCLKConfig
                0x08003608      0x7e0 ./Drivers/STM32F7xx_HAL_Driver/Src/stm32f7xx_hal_rcc_ex.o
                0x08003608                HAL_RCCEx_PeriphCLKConfig
 .text.HAL_SD_Init
                0x08003de8       0x60 ./Drivers/STM32F7xx_HAL_Driver/Src/stm32f7xx_hal_sd.o
                0x08003de8                HAL_SD_Init
 .text.HAL_SD_InitCard
                0x08003e48      0x110 ./Drivers/STM32F7xx_HAL_Driver/Src/stm32f7xx_hal_sd.o
                0x08003e48                HAL_SD_InitCard
 .text.HAL_SD_ReadBlocks_DMA
                0x08003f58      0x1c4 ./Drivers/STM32F7xx_HAL_Driver/Src/stm32f7xx_hal_sd.o
                0x08003f58                HAL_SD_ReadBlocks_DMA
 .text.HAL_SD_WriteBlocks_DMA
                0x0800411c      0x1cc ./Drivers/STM32F7xx_HAL_Driver/Src/stm32f7xx_hal_sd.o
                0x0800411c                HAL_SD_WriteBlocks_DMA
 .text.HAL_SD_IRQHandler
                0x080042e8      0x2ec ./Drivers/STM32F7xx_HAL_Driver/Src/stm32f7xx_hal_sd.o
                0x080042e8                HAL_SD_IRQHandler
 .text.HAL_SD_ErrorCallback
                0x080045d4       0x14 ./Drivers/STM32F7xx_HAL_Driver/Src/stm32f7xx_hal_sd.o
                0x080045d4                HAL_SD_ErrorCallback
 .text.HAL_SD_GetCardCSD
                0x080045e8      0x348 ./Drivers/STM32F7xx_HAL_Driver/Src/stm32f7xx_hal_sd.o
                0x080045e8                HAL_SD_GetCardCSD
 .text.HAL_SD_GetCardInfo
                0x08004930       0x58 ./Drivers/STM32F7xx_HAL_Driver/Src/stm32f7xx_hal_sd.o
                0x08004930                HAL_SD_GetCardInfo
 .text.HAL_SD_GetCardState
                0x08004988       0x40 ./Drivers/STM32F7xx_HAL_Driver/Src/stm32f7xx_hal_sd.o
                0x08004988                HAL_SD_GetCardState
 .text.SD_DMATransmitCplt
                0x080049c8       0x2a ./Drivers/STM32F7xx_HAL_Driver/Src/stm32f7xx_hal_sd.o
 .text.SD_DMAReceiveCplt
                0x080049f2       0x70 ./Drivers/STM32F7xx_HAL_Driver/Src/stm32f7xx_hal_sd.o
 *fill*         0x08004a62        0x2 
 .text.SD_DMAError
                0x08004a64       0xa4 ./Drivers/STM32F7xx_HAL_Driver/Src/stm32f7xx_hal_sd.o
 .text.SD_DMATxAbort
                0x08004b08       0x6e ./Drivers/STM32F7xx_HAL_Driver/Src/stm32f7xx_hal_sd.o
 .text.SD_DMARxAbort
                0x08004b76       0x6e ./Drivers/STM32F7xx_HAL_Driver/Src/stm32f7xx_hal_sd.o
 .text.SD_InitCard
                0x08004be4      0x19c ./Drivers/STM32F7xx_HAL_Driver/Src/stm32f7xx_hal_sd.o
 .text.SD_PowerON
                0x08004d80      0x11c ./Drivers/STM32F7xx_HAL_Driver/Src/stm32f7xx_hal_sd.o
 .text.SD_SendStatus
                0x08004e9c       0x50 ./Drivers/STM32F7xx_HAL_Driver/Src/stm32f7xx_hal_sd.o
 .text.SD_Read_IT
                0x08004eec       0xa2 ./Drivers/STM32F7xx_HAL_Driver/Src/stm32f7xx_hal_sd.o
 .text.SD_Write_IT
                0x08004f8e       0xaa ./Drivers/STM32F7xx_HAL_Driver/Src/stm32f7xx_hal_sd.o
 .text.HAL_SDRAM_Init
                0x08005038       0x68 ./Drivers/STM32F7xx_HAL_Driver/Src/stm32f7xx_hal_sdram.o
                0x08005038                HAL_SDRAM_Init
 .text.FMC_SDRAM_Init
                0x080050a0       0xb8 ./Drivers/STM32F7xx_HAL_Driver/Src/stm32f7xx_ll_fmc.o
                0x080050a0                FMC_SDRAM_Init
 .text.FMC_SDRAM_Timing_Init
                0x08005158       0xd4 ./Drivers/STM32F7xx_HAL_Driver/Src/stm32f7xx_ll_fmc.o
                0x08005158                FMC_SDRAM_Timing_Init
 .text.SDMMC_Init
                0x0800522c       0x58 ./Drivers/STM32F7xx_HAL_Driver/Src/stm32f7xx_ll_sdmmc.o
                0x0800522c                SDMMC_Init
 .text.SDMMC_ReadFIFO
                0x08005284       0x1a ./Drivers/STM32F7xx_HAL_Driver/Src/stm32f7xx_ll_sdmmc.o
                0x08005284                SDMMC_ReadFIFO
 .text.SDMMC_WriteFIFO
                0x0800529e       0x22 ./Drivers/STM32F7xx_HAL_Driver/Src/stm32f7xx_ll_sdmmc.o
                0x0800529e                SDMMC_WriteFIFO
 .text.SDMMC_PowerState_ON
                0x080052c0       0x1c ./Drivers/STM32F7xx_HAL_Driver/Src/stm32f7xx_ll_sdmmc.o
                0x080052c0                SDMMC_PowerState_ON
 .text.SDMMC_GetPowerState
                0x080052dc       0x1c ./Drivers/STM32F7xx_HAL_Driver/Src/stm32f7xx_ll_sdmmc.o
                0x080052dc                SDMMC_GetPowerState
 .text.SDMMC_SendCommand
                0x080052f8       0x54 ./Drivers/STM32F7xx_HAL_Driver/Src/stm32f7xx_ll_sdmmc.o
                0x080052f8                SDMMC_SendCommand
 .text.SDMMC_GetCommandResponse
                0x0800534c       0x1a ./Drivers/STM32F7xx_HAL_Driver/Src/stm32f7xx_ll_sdmmc.o
                0x0800534c                SDMMC_GetCommandResponse
 .text.SDMMC_GetResponse
                0x08005366       0x26 ./Drivers/STM32F7xx_HAL_Driver/Src/stm32f7xx_ll_sdmmc.o
                0x08005366                SDMMC_GetResponse
 .text.SDMMC_ConfigData
                0x0800538c       0x58 ./Drivers/STM32F7xx_HAL_Driver/Src/stm32f7xx_ll_sdmmc.o
                0x0800538c                SDMMC_ConfigData
 .text.SDMMC_CmdBlockLength
                0x080053e4       0x44 ./Drivers/STM32F7xx_HAL_Driver/Src/stm32f7xx_ll_sdmmc.o
                0x080053e4                SDMMC_CmdBlockLength
 .text.SDMMC_CmdReadSingleBlock
                0x08005428       0x44 ./Drivers/STM32F7xx_HAL_Driver/Src/stm32f7xx_ll_sdmmc.o
                0x08005428                SDMMC_CmdReadSingleBlock
 .text.SDMMC_CmdReadMultiBlock
                0x0800546c       0x44 ./Drivers/STM32F7xx_HAL_Driver/Src/stm32f7xx_ll_sdmmc.o
                0x0800546c                SDMMC_CmdReadMultiBlock
 .text.SDMMC_CmdWriteSingleBlock
                0x080054b0       0x44 ./Drivers/STM32F7xx_HAL_Driver/Src/stm32f7xx_ll_sdmmc.o
                0x080054b0                SDMMC_CmdWriteSingleBlock
 .text.SDMMC_CmdWriteMultiBlock
                0x080054f4       0x44 ./Drivers/STM32F7xx_HAL_Driver/Src/stm32f7xx_ll_sdmmc.o
                0x080054f4                SDMMC_CmdWriteMultiBlock
 .text.SDMMC_CmdStopTransfer
                0x08005538       0x44 ./Drivers/STM32F7xx_HAL_Driver/Src/stm32f7xx_ll_sdmmc.o
                0x08005538                SDMMC_CmdStopTransfer
 .text.SDMMC_CmdSelDesel
                0x0800557c       0x46 ./Drivers/STM32F7xx_HAL_Driver/Src/stm32f7xx_ll_sdmmc.o
                0x0800557c                SDMMC_CmdSelDesel
 .text.SDMMC_CmdGoIdleState
                0x080055c2       0x3c ./Drivers/STM32F7xx_HAL_Driver/Src/stm32f7xx_ll_sdmmc.o
                0x080055c2                SDMMC_CmdGoIdleState
 .text.SDMMC_CmdOperCond
                0x080055fe       0x3e ./Drivers/STM32F7xx_HAL_Driver/Src/stm32f7xx_ll_sdmmc.o
                0x080055fe                SDMMC_CmdOperCond
 .text.SDMMC_CmdAppCommand
                0x0800563c       0x44 ./Drivers/STM32F7xx_HAL_Driver/Src/stm32f7xx_ll_sdmmc.o
                0x0800563c                SDMMC_CmdAppCommand
 .text.SDMMC_CmdAppOperCommand
                0x08005680       0x48 ./Drivers/STM32F7xx_HAL_Driver/Src/stm32f7xx_ll_sdmmc.o
                0x08005680                SDMMC_CmdAppOperCommand
 .text.SDMMC_CmdSendCID
                0x080056c8       0x3c ./Drivers/STM32F7xx_HAL_Driver/Src/stm32f7xx_ll_sdmmc.o
                0x080056c8                SDMMC_CmdSendCID
 .text.SDMMC_CmdSendCSD
                0x08005704       0x3e ./Drivers/STM32F7xx_HAL_Driver/Src/stm32f7xx_ll_sdmmc.o
                0x08005704                SDMMC_CmdSendCSD
 .text.SDMMC_CmdSetRelAdd
                0x08005742       0x42 ./Drivers/STM32F7xx_HAL_Driver/Src/stm32f7xx_ll_sdmmc.o
                0x08005742                SDMMC_CmdSetRelAdd
 .text.SDMMC_CmdSendStatus
                0x08005784       0x44 ./Drivers/STM32F7xx_HAL_Driver/Src/stm32f7xx_ll_sdmmc.o
                0x08005784                SDMMC_CmdSendStatus
 .text.SDMMC_GetCmdResp1
                0x080057c8      0x1dc ./Drivers/STM32F7xx_HAL_Driver/Src/stm32f7xx_ll_sdmmc.o
                0x080057c8                SDMMC_GetCmdResp1
 .text.SDMMC_GetCmdResp2
                0x080059a4       0x90 ./Drivers/STM32F7xx_HAL_Driver/Src/stm32f7xx_ll_sdmmc.o
                0x080059a4                SDMMC_GetCmdResp2
 .text.SDMMC_GetCmdResp3
                0x08005a34       0x7c ./Drivers/STM32F7xx_HAL_Driver/Src/stm32f7xx_ll_sdmmc.o
                0x08005a34                SDMMC_GetCmdResp3
 .text.SDMMC_GetCmdResp6
                0x08005ab0       0xec ./Drivers/STM32F7xx_HAL_Driver/Src/stm32f7xx_ll_sdmmc.o
                0x08005ab0                SDMMC_GetCmdResp6
 .text.SDMMC_GetCmdResp7
                0x08005b9c       0x9c ./Drivers/STM32F7xx_HAL_Driver/Src/stm32f7xx_ll_sdmmc.o
                0x08005b9c                SDMMC_GetCmdResp7
 .text.SDMMC_GetCmdError
                0x08005c38       0x58 ./Drivers/STM32F7xx_HAL_Driver/Src/stm32f7xx_ll_sdmmc.o
 .text.MX_FATFS_Init
                0x08005c90       0x24 ./FATFS/App/fatfs.o
                0x08005c90                MX_FATFS_Init
 .text.get_fattime
                0x08005cb4       0x10 ./FATFS/App/fatfs.o
                0x08005cb4                get_fattime
 .text.BSP_SD_Init
                0x08005cc4       0x30 ./FATFS/Target/bsp_driver_sd.o
                0x08005cc4                BSP_SD_Init
 .text.BSP_SD_ReadBlocks_DMA
                0x08005cf4       0x34 ./FATFS/Target/bsp_driver_sd.o
                0x08005cf4                BSP_SD_ReadBlocks_DMA
 .text.BSP_SD_WriteBlocks_DMA
                0x08005d28       0x34 ./FATFS/Target/bsp_driver_sd.o
                0x08005d28                BSP_SD_WriteBlocks_DMA
 .text.BSP_SD_GetCardState
                0x08005d5c       0x20 ./FATFS/Target/bsp_driver_sd.o
                0x08005d5c                BSP_SD_GetCardState
 .text.BSP_SD_GetCardInfo
                0x08005d7c       0x1c ./FATFS/Target/bsp_driver_sd.o
                0x08005d7c                BSP_SD_GetCardInfo
 .text.HAL_SD_AbortCallback
                0x08005d98       0x14 ./FATFS/Target/bsp_driver_sd.o
                0x08005d98                HAL_SD_AbortCallback
 .text.HAL_SD_TxCpltCallback
                0x08005dac       0x14 ./FATFS/Target/bsp_driver_sd.o
                0x08005dac                HAL_SD_TxCpltCallback
 .text.HAL_SD_RxCpltCallback
                0x08005dc0       0x14 ./FATFS/Target/bsp_driver_sd.o
                0x08005dc0                HAL_SD_RxCpltCallback
 .text.BSP_SD_AbortCallback
                0x08005dd4        0xe ./FATFS/Target/bsp_driver_sd.o
                0x08005dd4                BSP_SD_AbortCallback
 .text.BSP_SD_IsDetected
                0x08005de2       0x24 ./FATFS/Target/bsp_driver_sd.o
                0x08005de2                BSP_SD_IsDetected
 *fill*         0x08005e06        0x2 
 .text.BSP_PlatformIsDetected
                0x08005e08       0x2c ./FATFS/Target/fatfs_platform.o
                0x08005e08                BSP_PlatformIsDetected
 .text.SD_CheckStatusWithTimeout
                0x08005e34       0x3a ./FATFS/Target/sd_diskio.o
 *fill*         0x08005e6e        0x2 
 .text.SD_CheckStatus
                0x08005e70       0x3c ./FATFS/Target/sd_diskio.o
 .text.SD_initialize
                0x08005eac       0x38 ./FATFS/Target/sd_diskio.o
                0x08005eac                SD_initialize
 .text.SD_status
                0x08005ee4       0x1c ./FATFS/Target/sd_diskio.o
                0x08005ee4                SD_status
 .text.SD_read  0x08005f00       0xac ./FATFS/Target/sd_diskio.o
                0x08005f00                SD_read
 .text.SD_write
                0x08005fac       0xac ./FATFS/Target/sd_diskio.o
                0x08005fac                SD_write
 .text.SD_ioctl
                0x08006058       0xb0 ./FATFS/Target/sd_diskio.o
                0x08006058                SD_ioctl
 .text.BSP_SD_WriteCpltCallback
                0x08006108       0x18 ./FATFS/Target/sd_diskio.o
                0x08006108                BSP_SD_WriteCpltCallback
 .text.BSP_SD_ReadCpltCallback
                0x08006120       0x18 ./FATFS/Target/sd_diskio.o
                0x08006120                BSP_SD_ReadCpltCallback
 .text.disk_status
                0x08006138       0x34 ./Middlewares/Third_Party/FatFs/src/diskio.o
                0x08006138                disk_status
 .text.disk_initialize
                0x0800616c       0x4c ./Middlewares/Third_Party/FatFs/src/diskio.o
                0x0800616c                disk_initialize
 .text.disk_read
                0x080061b8       0x40 ./Middlewares/Third_Party/FatFs/src/diskio.o
                0x080061b8                disk_read
 .text.disk_write
                0x080061f8       0x40 ./Middlewares/Third_Party/FatFs/src/diskio.o
                0x080061f8                disk_write
 .text.disk_ioctl
                0x08006238       0x3c ./Middlewares/Third_Party/FatFs/src/diskio.o
                0x08006238                disk_ioctl
 .text.ld_word  0x08006274       0x30 ./Middlewares/Third_Party/FatFs/src/ff.o
 .text.ld_dword
                0x080062a4       0x46 ./Middlewares/Third_Party/FatFs/src/ff.o
 .text.st_word  0x080062ea       0x36 ./Middlewares/Third_Party/FatFs/src/ff.o
 .text.st_dword
                0x08006320       0x58 ./Middlewares/Third_Party/FatFs/src/ff.o
 .text.mem_cpy  0x08006378       0x42 ./Middlewares/Third_Party/FatFs/src/ff.o
 .text.mem_set  0x080063ba       0x36 ./Middlewares/Third_Party/FatFs/src/ff.o
 .text.mem_cmp  0x080063f0       0x4e ./Middlewares/Third_Party/FatFs/src/ff.o
 .text.chk_chr  0x0800643e       0x36 ./Middlewares/Third_Party/FatFs/src/ff.o
 .text.chk_lock
                0x08006474       0xb8 ./Middlewares/Third_Party/FatFs/src/ff.o
 .text.enq_lock
                0x0800652c       0x44 ./Middlewares/Third_Party/FatFs/src/ff.o
 .text.inc_lock
                0x08006570      0x11c ./Middlewares/Third_Party/FatFs/src/ff.o
 .text.dec_lock
                0x0800668c       0x78 ./Middlewares/Third_Party/FatFs/src/ff.o
 .text.clear_lock
                0x08006704       0x48 ./Middlewares/Third_Party/FatFs/src/ff.o
 .text.sync_window
                0x0800674c       0x88 ./Middlewares/Third_Party/FatFs/src/ff.o
 .text.move_window
                0x080067d4       0x5a ./Middlewares/Third_Party/FatFs/src/ff.o
 *fill*         0x0800682e        0x2 
 .text.sync_fs  0x08006830       0xdc ./Middlewares/Third_Party/FatFs/src/ff.o
 .text.clust2sect
                0x0800690c       0x3e ./Middlewares/Third_Party/FatFs/src/ff.o
 .text.get_fat  0x0800694a      0x14e ./Middlewares/Third_Party/FatFs/src/ff.o
 .text.put_fat  0x08006a98      0x1d4 ./Middlewares/Third_Party/FatFs/src/ff.o
 .text.remove_chain
                0x08006c6c       0xca ./Middlewares/Third_Party/FatFs/src/ff.o
 .text.create_chain
                0x08006d36      0x130 ./Middlewares/Third_Party/FatFs/src/ff.o
 .text.clmt_clust
                0x08006e66       0x68 ./Middlewares/Third_Party/FatFs/src/ff.o
 .text.dir_sdi  0x08006ece       0xf6 ./Middlewares/Third_Party/FatFs/src/ff.o
 .text.dir_next
                0x08006fc4      0x18a ./Middlewares/Third_Party/FatFs/src/ff.o
 .text.dir_alloc
                0x0800714e       0x8e ./Middlewares/Third_Party/FatFs/src/ff.o
 .text.ld_clust
                0x080071dc       0x3e ./Middlewares/Third_Party/FatFs/src/ff.o
 .text.st_clust
                0x0800721a       0x40 ./Middlewares/Third_Party/FatFs/src/ff.o
 *fill*         0x0800725a        0x2 
 .text.cmp_lfn  0x0800725c       0xe0 ./Middlewares/Third_Party/FatFs/src/ff.o
 .text.put_lfn  0x0800733c       0xd0 ./Middlewares/Third_Party/FatFs/src/ff.o
 .text.gen_numname
                0x0800740c      0x11c ./Middlewares/Third_Party/FatFs/src/ff.o
 .text.sum_sfn  0x08007528       0x42 ./Middlewares/Third_Party/FatFs/src/ff.o
 .text.dir_find
                0x0800756a      0x180 ./Middlewares/Third_Party/FatFs/src/ff.o
 *fill*         0x080076ea        0x2 
 .text.dir_register
                0x080076ec      0x1f0 ./Middlewares/Third_Party/FatFs/src/ff.o
 .text.create_name
                0x080078dc      0x370 ./Middlewares/Third_Party/FatFs/src/ff.o
 .text.follow_path
                0x08007c4c       0xe2 ./Middlewares/Third_Party/FatFs/src/ff.o
 .text.get_ldnumber
                0x08007d2e       0x88 ./Middlewares/Third_Party/FatFs/src/ff.o
 *fill*         0x08007db6        0x2 
 .text.check_fs
                0x08007db8       0xac ./Middlewares/Third_Party/FatFs/src/ff.o
 .text.find_volume
                0x08007e64      0x498 ./Middlewares/Third_Party/FatFs/src/ff.o
 .text.validate
                0x080082fc       0x6a ./Middlewares/Third_Party/FatFs/src/ff.o
 *fill*         0x08008366        0x2 
 .text.f_mount  0x08008368       0x8c ./Middlewares/Third_Party/FatFs/src/ff.o
                0x08008368                f_mount
 .text.f_open   0x080083f4      0x394 ./Middlewares/Third_Party/FatFs/src/ff.o
                0x080083f4                f_open
 .text.f_read   0x08008788      0x27e ./Middlewares/Third_Party/FatFs/src/ff.o
                0x08008788                f_read
 .text.f_write  0x08008a06      0x2ea ./Middlewares/Third_Party/FatFs/src/ff.o
                0x08008a06                f_write
 .text.f_sync   0x08008cf0       0xfc ./Middlewares/Third_Party/FatFs/src/ff.o
                0x08008cf0                f_sync
 .text.f_close  0x08008dec       0x54 ./Middlewares/Third_Party/FatFs/src/ff.o
                0x08008dec                f_close
 .text.FATFS_LinkDriverEx
                0x08008e40       0x98 ./Middlewares/Third_Party/FatFs/src/ff_gen_drv.o
                0x08008e40                FATFS_LinkDriverEx
 .text.FATFS_LinkDriver
                0x08008ed8       0x1e ./Middlewares/Third_Party/FatFs/src/ff_gen_drv.o
                0x08008ed8                FATFS_LinkDriver
 *fill*         0x08008ef6        0x2 
 .text.ff_convert
                0x08008ef8       0x78 ./Middlewares/Third_Party/FatFs/src/option/ccsbcs.o
                0x08008ef8                ff_convert
 .text.ff_wtoupper
                0x08008f70      0x114 ./Middlewares/Third_Party/FatFs/src/option/ccsbcs.o
                0x08008f70                ff_wtoupper
 .text.ff_memalloc
                0x08009084       0x18 ./Middlewares/Third_Party/FatFs/src/option/syscall.o
                0x08009084                ff_memalloc
 .text.ff_memfree
                0x0800909c       0x16 ./Middlewares/Third_Party/FatFs/src/option/syscall.o
                0x0800909c                ff_memfree
 *fill*         0x080090b2        0x2 
 .text.malloc   0x080090b4       0x10 C:/ST/STM32CubeIDE_1.16.1/STM32CubeIDE/plugins/com.st.stm32cube.ide.mcu.externaltools.gnu-tools-for-stm32.12.3.rel1.win32_1.0.200.202406191623/tools/bin/../lib/gcc/arm-none-eabi/12.3.1/../../../../arm-none-eabi/lib/thumb/v7e-m+fp/hard\libc_nano.a(libc_a-malloc.o)
                0x080090b4                malloc
 .text.free     0x080090c4       0x10 C:/ST/STM32CubeIDE_1.16.1/STM32CubeIDE/plugins/com.st.stm32cube.ide.mcu.externaltools.gnu-tools-for-stm32.12.3.rel1.win32_1.0.200.202406191623/tools/bin/../lib/gcc/arm-none-eabi/12.3.1/../../../../arm-none-eabi/lib/thumb/v7e-m+fp/hard\libc_nano.a(libc_a-malloc.o)
                0x080090c4                free
 .text.sbrk_aligned
                0x080090d4       0x44 C:/ST/STM32CubeIDE_1.16.1/STM32CubeIDE/plugins/com.st.stm32cube.ide.mcu.externaltools.gnu-tools-for-stm32.12.3.rel1.win32_1.0.200.202406191623/tools/bin/../lib/gcc/arm-none-eabi/12.3.1/../../../../arm-none-eabi/lib/thumb/v7e-m+fp/hard\libc_nano.a(libc_a-mallocr.o)
 .text._malloc_r
                0x08009118      0x100 C:/ST/STM32CubeIDE_1.16.1/STM32CubeIDE/plugins/com.st.stm32cube.ide.mcu.externaltools.gnu-tools-for-stm32.12.3.rel1.win32_1.0.200.202406191623/tools/bin/../lib/gcc/arm-none-eabi/12.3.1/../../../../arm-none-eabi/lib/thumb/v7e-m+fp/hard\libc_nano.a(libc_a-mallocr.o)
                0x08009118                _malloc_r
 .text.__malloc_lock
                0x08009218        0xc C:/ST/STM32CubeIDE_1.16.1/STM32CubeIDE/plugins/com.st.stm32cube.ide.mcu.externaltools.gnu-tools-for-stm32.12.3.rel1.win32_1.0.200.202406191623/tools/bin/../lib/gcc/arm-none-eabi/12.3.1/../../../../arm-none-eabi/lib/thumb/v7e-m+fp/hard\libc_nano.a(libc_a-mlock.o)
                0x08009218                __malloc_lock
 .text.__malloc_unlock
                0x08009224        0xc C:/ST/STM32CubeIDE_1.16.1/STM32CubeIDE/plugins/com.st.stm32cube.ide.mcu.externaltools.gnu-tools-for-stm32.12.3.rel1.win32_1.0.200.202406191623/tools/bin/../lib/gcc/arm-none-eabi/12.3.1/../../../../arm-none-eabi/lib/thumb/v7e-m+fp/hard\libc_nano.a(libc_a-mlock.o)
                0x08009224                __malloc_unlock
 .text.memset   0x08009230       0x10 C:/ST/STM32CubeIDE_1.16.1/STM32CubeIDE/plugins/com.st.stm32cube.ide.mcu.externaltools.gnu-tools-for-stm32.12.3.rel1.win32_1.0.200.202406191623/tools/bin/../lib/gcc/arm-none-eabi/12.3.1/../../../../arm-none-eabi/lib/thumb/v7e-m+fp/hard\libc_nano.a(libc_a-memset.o)
                0x08009230                memset
 .text._sbrk_r  0x08009240       0x20 C:/ST/STM32CubeIDE_1.16.1/STM32CubeIDE/plugins/com.st.stm32cube.ide.mcu.externaltools.gnu-tools-for-stm32.12.3.rel1.win32_1.0.200.202406191623/tools/bin/../lib/gcc/arm-none-eabi/12.3.1/../../../../arm-none-eabi/lib/thumb/v7e-m+fp/hard\libc_nano.a(libc_a-sbrkr.o)
                0x08009240                _sbrk_r
 .text.__errno  0x08009260        0xc C:/ST/STM32CubeIDE_1.16.1/STM32CubeIDE/plugins/com.st.stm32cube.ide.mcu.externaltools.gnu-tools-for-stm32.12.3.rel1.win32_1.0.200.202406191623/tools/bin/../lib/gcc/arm-none-eabi/12.3.1/../../../../arm-none-eabi/lib/thumb/v7e-m+fp/hard\libc_nano.a(libc_a-errno.o)
                0x08009260                __errno
 .text.__libc_init_array
                0x0800926c       0x48 C:/ST/STM32CubeIDE_1.16.1/STM32CubeIDE/plugins/com.st.stm32cube.ide.mcu.externaltools.gnu-tools-for-stm32.12.3.rel1.win32_1.0.200.202406191623/tools/bin/../lib/gcc/arm-none-eabi/12.3.1/../../../../arm-none-eabi/lib/thumb/v7e-m+fp/hard\libc_nano.a(libc_a-init.o)
                0x0800926c                __libc_init_array
 .text.__retarget_lock_acquire_recursive
                0x080092b4        0x2 C:/ST/STM32CubeIDE_1.16.1/STM32CubeIDE/plugins/com.st.stm32cube.ide.mcu.externaltools.gnu-tools-for-stm32.12.3.rel1.win32_1.0.200.202406191623/tools/bin/../lib/gcc/arm-none-eabi/12.3.1/../../../../arm-none-eabi/lib/thumb/v7e-m+fp/hard\libc_nano.a(libc_a-lock.o)
                0x080092b4                __retarget_lock_acquire_recursive
 .text.__retarget_lock_release_recursive
                0x080092b6        0x2 C:/ST/STM32CubeIDE_1.16.1/STM32CubeIDE/plugins/com.st.stm32cube.ide.mcu.externaltools.gnu-tools-for-stm32.12.3.rel1.win32_1.0.200.202406191623/tools/bin/../lib/gcc/arm-none-eabi/12.3.1/../../../../arm-none-eabi/lib/thumb/v7e-m+fp/hard\libc_nano.a(libc_a-lock.o)
                0x080092b6                __retarget_lock_release_recursive
 .text._free_r  0x080092b8       0x94 C:/ST/STM32CubeIDE_1.16.1/STM32CubeIDE/plugins/com.st.stm32cube.ide.mcu.externaltools.gnu-tools-for-stm32.12.3.rel1.win32_1.0.200.202406191623/tools/bin/../lib/gcc/arm-none-eabi/12.3.1/../../../../arm-none-eabi/lib/thumb/v7e-m+fp/hard\libc_nano.a(libc_a-freer.o)
                0x080092b8                _free_r
 *(.glue_7)
 .glue_7        0x0800934c        0x0 linker stubs
 *(.glue_7t)
 .glue_7t       0x0800934c        0x0 linker stubs
 *(.eh_frame)
 .eh_frame      0x0800934c        0x0 C:/ST/STM32CubeIDE_1.16.1/STM32CubeIDE/plugins/com.st.stm32cube.ide.mcu.externaltools.gnu-tools-for-stm32.12.3.rel1.win32_1.0.200.202406191623/tools/bin/../lib/gcc/arm-none-eabi/12.3.1/thumb/v7e-m+fp/hard/crtbegin.o
 *(.init)
 .init          0x0800934c        0x4 C:/ST/STM32CubeIDE_1.16.1/STM32CubeIDE/plugins/com.st.stm32cube.ide.mcu.externaltools.gnu-tools-for-stm32.12.3.rel1.win32_1.0.200.202406191623/tools/bin/../lib/gcc/arm-none-eabi/12.3.1/thumb/v7e-m+fp/hard/crti.o
                0x0800934c                _init
 .init          0x08009350        0x8 C:/ST/STM32CubeIDE_1.16.1/STM32CubeIDE/plugins/com.st.stm32cube.ide.mcu.externaltools.gnu-tools-for-stm32.12.3.rel1.win32_1.0.200.202406191623/tools/bin/../lib/gcc/arm-none-eabi/12.3.1/thumb/v7e-m+fp/hard/crtn.o
 *(.fini)
 .fini          0x08009358        0x4 C:/ST/STM32CubeIDE_1.16.1/STM32CubeIDE/plugins/com.st.stm32cube.ide.mcu.externaltools.gnu-tools-for-stm32.12.3.rel1.win32_1.0.200.202406191623/tools/bin/../lib/gcc/arm-none-eabi/12.3.1/thumb/v7e-m+fp/hard/crti.o
                0x08009358                _fini
 .fini          0x0800935c        0x8 C:/ST/STM32CubeIDE_1.16.1/STM32CubeIDE/plugins/com.st.stm32cube.ide.mcu.externaltools.gnu-tools-for-stm32.12.3.rel1.win32_1.0.200.202406191623/tools/bin/../lib/gcc/arm-none-eabi/12.3.1/thumb/v7e-m+fp/hard/crtn.o
                0x08009364                        . = ALIGN (0x4)
                0x08009364                        _etext = .

.vfp11_veneer   0x08009364        0x0
 .vfp11_veneer  0x08009364        0x0 linker stubs

.v4_bx          0x08009364        0x0
 .v4_bx         0x08009364        0x0 linker stubs

.iplt           0x08009364        0x0
 .iplt          0x08009364        0x0 C:/ST/STM32CubeIDE_1.16.1/STM32CubeIDE/plugins/com.st.stm32cube.ide.mcu.externaltools.gnu-tools-for-stm32.12.3.rel1.win32_1.0.200.202406191623/tools/bin/../lib/gcc/arm-none-eabi/12.3.1/thumb/v7e-m+fp/hard/crtbegin.o

.rodata         0x08009364      0x4d0
                0x08009364                        . = ALIGN (0x4)
 *(.rodata)
 .rodata        0x08009364       0x1b ./Core/Src/main.o
 *fill*         0x0800937f        0x1 
 .rodata        0x08009380       0x48 ./Middlewares/Third_Party/FatFs/src/ff.o
 *(.rodata*)
 .rodata.AHBPrescTable
                0x080093c8       0x10 ./Core/Src/system_stm32f7xx.o
                0x080093c8                AHBPrescTable
 .rodata.flagBitshiftOffset.0
                0x080093d8        0x8 ./Drivers/STM32F7xx_HAL_Driver/Src/stm32f7xx_hal_dma.o
 .rodata.SD_Driver
                0x080093e0       0x14 ./FATFS/Target/sd_diskio.o
                0x080093e0                SD_Driver
 .rodata.ExCvt  0x080093f4       0x80 ./Middlewares/Third_Party/FatFs/src/ff.o
 .rodata.LfnOfs
                0x08009474        0xd ./Middlewares/Third_Party/FatFs/src/ff.o
 *fill*         0x08009481        0x3 
 .rodata.Tbl    0x08009484      0x100 ./Middlewares/Third_Party/FatFs/src/option/ccsbcs.o
 .rodata.cvt1.1
                0x08009584      0x1f2 ./Middlewares/Third_Party/FatFs/src/option/ccsbcs.o
 *fill*         0x08009776        0x2 
 .rodata.cvt2.0
                0x08009778       0xbc ./Middlewares/Third_Party/FatFs/src/option/ccsbcs.o
                0x08009834                        . = ALIGN (0x4)

.ARM.extab      0x08009834        0x0
                0x08009834                        . = ALIGN (0x4)
 *(.ARM.extab* .gnu.linkonce.armextab.*)
                0x08009834                        . = ALIGN (0x4)

.ARM            0x08009834        0x8
                0x08009834                        . = ALIGN (0x4)
                0x08009834                        __exidx_start = .
 *(.ARM.exidx*)
 .ARM.exidx     0x08009834        0x8 C:/ST/STM32CubeIDE_1.16.1/STM32CubeIDE/plugins/com.st.stm32cube.ide.mcu.externaltools.gnu-tools-for-stm32.12.3.rel1.win32_1.0.200.202406191623/tools/bin/../lib/gcc/arm-none-eabi/12.3.1/thumb/v7e-m+fp/hard\libgcc.a(_udivmoddi4.o)
                0x0800983c                        __exidx_end = .
                0x0800983c                        . = ALIGN (0x4)

.preinit_array  0x0800983c        0x0
                0x0800983c                        . = ALIGN (0x4)
                0x0800983c                        PROVIDE (__preinit_array_start = .)
 *(.preinit_array*)
                0x0800983c                        PROVIDE (__preinit_array_end = .)
                0x0800983c                        . = ALIGN (0x4)

.init_array     0x0800983c        0x4
                0x0800983c                        . = ALIGN (0x4)
                0x0800983c                        PROVIDE (__init_array_start = .)
 *(SORT_BY_NAME(.init_array.*))
 *(.init_array*)
 .init_array    0x0800983c        0x4 C:/ST/STM32CubeIDE_1.16.1/STM32CubeIDE/plugins/com.st.stm32cube.ide.mcu.externaltools.gnu-tools-for-stm32.12.3.rel1.win32_1.0.200.202406191623/tools/bin/../lib/gcc/arm-none-eabi/12.3.1/thumb/v7e-m+fp/hard/crtbegin.o
                0x08009840                        PROVIDE (__init_array_end = .)
                0x08009840                        . = ALIGN (0x4)

.fini_array     0x08009840        0x4
                0x08009840                        . = ALIGN (0x4)
                [!provide]                        PROVIDE (__fini_array_start = .)
 *(SORT_BY_NAME(.fini_array.*))
 *(.fini_array*)
 .fini_array    0x08009840        0x4 C:/ST/STM32CubeIDE_1.16.1/STM32CubeIDE/plugins/com.st.stm32cube.ide.mcu.externaltools.gnu-tools-for-stm32.12.3.rel1.win32_1.0.200.202406191623/tools/bin/../lib/gcc/arm-none-eabi/12.3.1/thumb/v7e-m+fp/hard/crtbegin.o
                [!provide]                        PROVIDE (__fini_array_end = .)
                0x08009844                        . = ALIGN (0x4)
                0x08009844                        _sidata = LOADADDR (.data)

.rel.dyn        0x08009844        0x0
 .rel.iplt      0x08009844        0x0 C:/ST/STM32CubeIDE_1.16.1/STM32CubeIDE/plugins/com.st.stm32cube.ide.mcu.externaltools.gnu-tools-for-stm32.12.3.rel1.win32_1.0.200.202406191623/tools/bin/../lib/gcc/arm-none-eabi/12.3.1/thumb/v7e-m+fp/hard/crtbegin.o

.data           0x20000000       0x5c load address 0x08009844
                0x20000000                        . = ALIGN (0x4)
                0x20000000                        _sdata = .
 *(.data)
 *(.data*)
 .data.SystemCoreClock
                0x20000000        0x4 ./Core/Src/system_stm32f7xx.o
                0x20000000                SystemCoreClock
 .data.uwTickPrio
                0x20000004        0x4 ./Drivers/STM32F7xx_HAL_Driver/Src/stm32f7xx_hal.o
                0x20000004                uwTickPrio
 .data.uwTickFreq
                0x20000008        0x1 ./Drivers/STM32F7xx_HAL_Driver/Src/stm32f7xx_hal.o
                0x20000008                uwTickFreq
 .data.Stat     0x20000009        0x1 ./FATFS/Target/sd_diskio.o
 *fill*         0x2000000a        0x2 
 .data._impure_ptr
                0x2000000c        0x4 C:/ST/STM32CubeIDE_1.16.1/STM32CubeIDE/plugins/com.st.stm32cube.ide.mcu.externaltools.gnu-tools-for-stm32.12.3.rel1.win32_1.0.200.202406191623/tools/bin/../lib/gcc/arm-none-eabi/12.3.1/../../../../arm-none-eabi/lib/thumb/v7e-m+fp/hard\libc_nano.a(libc_a-impure.o)
                0x2000000c                _impure_ptr
 .data._impure_data
                0x20000010       0x4c C:/ST/STM32CubeIDE_1.16.1/STM32CubeIDE/plugins/com.st.stm32cube.ide.mcu.externaltools.gnu-tools-for-stm32.12.3.rel1.win32_1.0.200.202406191623/tools/bin/../lib/gcc/arm-none-eabi/12.3.1/../../../../arm-none-eabi/lib/thumb/v7e-m+fp/hard\libc_nano.a(libc_a-impure.o)
                0x20000010                _impure_data
 *(.RamFunc)
 *(.RamFunc*)
                0x2000005c                        . = ALIGN (0x4)
                0x2000005c                        _edata = .

.igot.plt       0x2000005c        0x0 load address 0x080098a0
 .igot.plt      0x2000005c        0x0 C:/ST/STM32CubeIDE_1.16.1/STM32CubeIDE/plugins/com.st.stm32cube.ide.mcu.externaltools.gnu-tools-for-stm32.12.3.rel1.win32_1.0.200.202406191623/tools/bin/../lib/gcc/arm-none-eabi/12.3.1/thumb/v7e-m+fp/hard/crtbegin.o
                0x2000005c                        . = ALIGN (0x4)

.bss            0x2000005c      0x878 load address 0x080098a0
                0x2000005c                        _sbss = .
                0x2000005c                        __bss_start__ = _sbss
 *(.bss)
 .bss           0x2000005c       0x1c C:/ST/STM32CubeIDE_1.16.1/STM32CubeIDE/plugins/com.st.stm32cube.ide.mcu.externaltools.gnu-tools-for-stm32.12.3.rel1.win32_1.0.200.202406191623/tools/bin/../lib/gcc/arm-none-eabi/12.3.1/thumb/v7e-m+fp/hard/crtbegin.o
 *(.bss*)
 .bss.hdma2d    0x20000078       0x40 ./Core/Src/main.o
                0x20000078                hdma2d
 .bss.hltdc     0x200000b8       0xa8 ./Core/Src/main.o
                0x200000b8                hltdc
 .bss.hsd1      0x20000160       0x84 ./Core/Src/main.o
                0x20000160                hsd1
 .bss.hdma_sdmmc1_rx
                0x200001e4       0x60 ./Core/Src/main.o
                0x200001e4                hdma_sdmmc1_rx
 .bss.hdma_sdmmc1_tx
                0x20000244       0x60 ./Core/Src/main.o
                0x20000244                hdma_sdmmc1_tx
 .bss.hsdram1   0x200002a4       0x34 ./Core/Src/main.o
                0x200002a4                hsdram1
 .bss.FMC_Initialized
                0x200002d8        0x4 ./Core/Src/stm32f7xx_hal_msp.o
 .bss.__sbrk_heap_end
                0x200002dc        0x4 ./Core/Src/sysmem.o
 .bss.uwTick    0x200002e0        0x4 ./Drivers/STM32F7xx_HAL_Driver/Src/stm32f7xx_hal.o
                0x200002e0                uwTick
 .bss.retSD     0x200002e4        0x1 ./FATFS/App/fatfs.o
                0x200002e4                retSD
 *fill*         0x200002e5        0x3 
 .bss.SDPath    0x200002e8        0x4 ./FATFS/App/fatfs.o
                0x200002e8                SDPath
 .bss.SDFatFS   0x200002ec      0x234 ./FATFS/App/fatfs.o
                0x200002ec                SDFatFS
 .bss.SDFile    0x20000520      0x230 ./FATFS/App/fatfs.o
                0x20000520                SDFile
 .bss.WriteStatus
                0x20000750        0x4 ./FATFS/Target/sd_diskio.o
 .bss.ReadStatus
                0x20000754        0x4 ./FATFS/Target/sd_diskio.o
 .bss.FatFs     0x20000758        0x4 ./Middlewares/Third_Party/FatFs/src/ff.o
 .bss.Fsid      0x2000075c        0x2 ./Middlewares/Third_Party/FatFs/src/ff.o
 *fill*         0x2000075e        0x2 
 .bss.Files     0x20000760       0x20 ./Middlewares/Third_Party/FatFs/src/ff.o
 .bss.disk      0x20000780        0xc ./Middlewares/Third_Party/FatFs/src/ff_gen_drv.o
                0x20000780                disk
 .bss.__malloc_sbrk_start
                0x2000078c        0x4 C:/ST/STM32CubeIDE_1.16.1/STM32CubeIDE/plugins/com.st.stm32cube.ide.mcu.externaltools.gnu-tools-for-stm32.12.3.rel1.win32_1.0.200.202406191623/tools/bin/../lib/gcc/arm-none-eabi/12.3.1/../../../../arm-none-eabi/lib/thumb/v7e-m+fp/hard\libc_nano.a(libc_a-mallocr.o)
                0x2000078c                __malloc_sbrk_start
 .bss.__malloc_free_list
                0x20000790        0x4 C:/ST/STM32CubeIDE_1.16.1/STM32CubeIDE/plugins/com.st.stm32cube.ide.mcu.externaltools.gnu-tools-for-stm32.12.3.rel1.win32_1.0.200.202406191623/tools/bin/../lib/gcc/arm-none-eabi/12.3.1/../../../../arm-none-eabi/lib/thumb/v7e-m+fp/hard\libc_nano.a(libc_a-mallocr.o)
                0x20000790                __malloc_free_list
 .bss.__sf      0x20000794      0x138 C:/ST/STM32CubeIDE_1.16.1/STM32CubeIDE/plugins/com.st.stm32cube.ide.mcu.externaltools.gnu-tools-for-stm32.12.3.rel1.win32_1.0.200.202406191623/tools/bin/../lib/gcc/arm-none-eabi/12.3.1/../../../../arm-none-eabi/lib/thumb/v7e-m+fp/hard\libc_nano.a(libc_a-findfp.o)
                0x20000794                __sf
 .bss.errno     0x200008cc        0x4 C:/ST/STM32CubeIDE_1.16.1/STM32CubeIDE/plugins/com.st.stm32cube.ide.mcu.externaltools.gnu-tools-for-stm32.12.3.rel1.win32_1.0.200.202406191623/tools/bin/../lib/gcc/arm-none-eabi/12.3.1/../../../../arm-none-eabi/lib/thumb/v7e-m+fp/hard\libc_nano.a(libc_a-reent.o)
                0x200008cc                errno
 .bss.__lock___malloc_recursive_mutex
                0x200008d0        0x1 C:/ST/STM32CubeIDE_1.16.1/STM32CubeIDE/plugins/com.st.stm32cube.ide.mcu.externaltools.gnu-tools-for-stm32.12.3.rel1.win32_1.0.200.202406191623/tools/bin/../lib/gcc/arm-none-eabi/12.3.1/../../../../arm-none-eabi/lib/thumb/v7e-m+fp/hard\libc_nano.a(libc_a-lock.o)
                0x200008d0                __lock___malloc_recursive_mutex
 *(COMMON)
                0x200008d4                        . = ALIGN (0x4)
 *fill*         0x200008d1        0x3 
                0x200008d4                        _ebss = .
                0x200008d4                        __bss_end__ = _ebss

._user_heap_stack
                0x200008d4      0xc04 load address 0x080098a0
                0x200008d8                        . = ALIGN (0x8)
 *fill*         0x200008d4        0x4 
                [!provide]                        PROVIDE (end = .)
                0x200008d8                        PROVIDE (_end = .)
                0x20000cd8                        . = (. + _Min_Heap_Size)
 *fill*         0x200008d8      0x400 
                0x200014d8                        . = (. + _Min_Stack_Size)
 *fill*         0x20000cd8      0x800 
                0x200014d8                        . = ALIGN (0x8)

/DISCARD/
 libc.a(*)
 libm.a(*)
 libgcc.a(*)

.ARM.attributes
                0x00000000       0x30
 *(.ARM.attributes)
 .ARM.attributes
                0x00000000       0x22 C:/ST/STM32CubeIDE_1.16.1/STM32CubeIDE/plugins/com.st.stm32cube.ide.mcu.externaltools.gnu-tools-for-stm32.12.3.rel1.win32_1.0.200.202406191623/tools/bin/../lib/gcc/arm-none-eabi/12.3.1/thumb/v7e-m+fp/hard/crti.o
 .ARM.attributes
                0x00000022       0x34 C:/ST/STM32CubeIDE_1.16.1/STM32CubeIDE/plugins/com.st.stm32cube.ide.mcu.externaltools.gnu-tools-for-stm32.12.3.rel1.win32_1.0.200.202406191623/tools/bin/../lib/gcc/arm-none-eabi/12.3.1/thumb/v7e-m+fp/hard/crtbegin.o
 .ARM.attributes
                0x00000056       0x34 ./Core/Src/main.o
 .ARM.attributes
                0x0000008a       0x34 ./Core/Src/stm32f7xx_hal_msp.o
 .ARM.attributes
                0x000000be       0x34 ./Core/Src/stm32f7xx_it.o
 .ARM.attributes
                0x000000f2       0x34 ./Core/Src/sysmem.o
 .ARM.attributes
                0x00000126       0x34 ./Core/Src/system_stm32f7xx.o
 .ARM.attributes
                0x0000015a       0x21 ./Core/Startup/startup_stm32f746nghx.o
 .ARM.attributes
                0x0000017b       0x34 ./Drivers/STM32F7xx_HAL_Driver/Src/stm32f7xx_hal.o
 .ARM.attributes
                0x000001af       0x34 ./Drivers/STM32F7xx_HAL_Driver/Src/stm32f7xx_hal_cortex.o
 .ARM.attributes
                0x000001e3       0x34 ./Drivers/STM32F7xx_HAL_Driver/Src/stm32f7xx_hal_dma.o
 .ARM.attributes
                0x00000217       0x34 ./Drivers/STM32F7xx_HAL_Driver/Src/stm32f7xx_hal_dma2d.o
 .ARM.attributes
                0x0000024b       0x34 ./Drivers/STM32F7xx_HAL_Driver/Src/stm32f7xx_hal_gpio.o
 .ARM.attributes
                0x0000027f       0x34 ./Drivers/STM32F7xx_HAL_Driver/Src/stm32f7xx_hal_ltdc.o
 .ARM.attributes
                0x000002b3       0x34 ./Drivers/STM32F7xx_HAL_Driver/Src/stm32f7xx_hal_rcc.o
 .ARM.attributes
                0x000002e7       0x34 ./Drivers/STM32F7xx_HAL_Driver/Src/stm32f7xx_hal_rcc_ex.o
 .ARM.attributes
                0x0000031b       0x34 ./Drivers/STM32F7xx_HAL_Driver/Src/stm32f7xx_hal_sd.o
 .ARM.attributes
                0x0000034f       0x34 ./Drivers/STM32F7xx_HAL_Driver/Src/stm32f7xx_hal_sdram.o
 .ARM.attributes
                0x00000383       0x34 ./Drivers/STM32F7xx_HAL_Driver/Src/stm32f7xx_ll_fmc.o
 .ARM.attributes
                0x000003b7       0x34 ./Drivers/STM32F7xx_HAL_Driver/Src/stm32f7xx_ll_sdmmc.o
 .ARM.attributes
                0x000003eb       0x34 ./FATFS/App/fatfs.o
 .ARM.attributes
                0x0000041f       0x34 ./FATFS/Target/bsp_driver_sd.o
 .ARM.attributes
                0x00000453       0x34 ./FATFS/Target/fatfs_platform.o
 .ARM.attributes
                0x00000487       0x34 ./FATFS/Target/sd_diskio.o
 .ARM.attributes
                0x000004bb       0x34 ./Middlewares/Third_Party/FatFs/src/diskio.o
 .ARM.attributes
                0x000004ef       0x34 ./Middlewares/Third_Party/FatFs/src/ff.o
 .ARM.attributes
                0x00000523       0x34 ./Middlewares/Third_Party/FatFs/src/ff_gen_drv.o
 .ARM.attributes
                0x00000557       0x34 ./Middlewares/Third_Party/FatFs/src/option/ccsbcs.o
 .ARM.attributes
                0x0000058b       0x34 ./Middlewares/Third_Party/FatFs/src/option/syscall.o
 .ARM.attributes
                0x000005bf       0x34 C:/ST/STM32CubeIDE_1.16.1/STM32CubeIDE/plugins/com.st.stm32cube.ide.mcu.externaltools.gnu-tools-for-stm32.12.3.rel1.win32_1.0.200.202406191623/tools/bin/../lib/gcc/arm-none-eabi/12.3.1/../../../../arm-none-eabi/lib/thumb/v7e-m+fp/hard\libc_nano.a(libc_a-malloc.o)
 .ARM.attributes
                0x000005f3       0x34 C:/ST/STM32CubeIDE_1.16.1/STM32CubeIDE/plugins/com.st.stm32cube.ide.mcu.externaltools.gnu-tools-for-stm32.12.3.rel1.win32_1.0.200.202406191623/tools/bin/../lib/gcc/arm-none-eabi/12.3.1/../../../../arm-none-eabi/lib/thumb/v7e-m+fp/hard\libc_nano.a(libc_a-mallocr.o)
 .ARM.attributes
                0x00000627       0x34 C:/ST/STM32CubeIDE_1.16.1/STM32CubeIDE/plugins/com.st.stm32cube.ide.mcu.externaltools.gnu-tools-for-stm32.12.3.rel1.win32_1.0.200.202406191623/tools/bin/../lib/gcc/arm-none-eabi/12.3.1/../../../../arm-none-eabi/lib/thumb/v7e-m+fp/hard\libc_nano.a(libc_a-mlock.o)
 .ARM.attributes
                0x0000065b       0x34 C:/ST/STM32CubeIDE_1.16.1/STM32CubeIDE/plugins/com.st.stm32cube.ide.mcu.externaltools.gnu-tools-for-stm32.12.3.rel1.win32_1.0.200.202406191623/tools/bin/../lib/gcc/arm-none-eabi/12.3.1/../../../../arm-none-eabi/lib/thumb/v7e-m+fp/hard\libc_nano.a(libc_a-findfp.o)
 .ARM.attributes
                0x0000068f       0x34 C:/ST/STM32CubeIDE_1.16.1/STM32CubeIDE/plugins/com.st.stm32cube.ide.mcu.externaltools.gnu-tools-for-stm32.12.3.rel1.win32_1.0.200.202406191623/tools/bin/../lib/gcc/arm-none-eabi/12.3.1/../../../../arm-none-eabi/lib/thumb/v7e-m+fp/hard\libc_nano.a(libc_a-memset.o)
 .ARM.attributes
                0x000006c3       0x34 C:/ST/STM32CubeIDE_1.16.1/STM32CubeIDE/plugins/com.st.stm32cube.ide.mcu.externaltools.gnu-tools-for-stm32.12.3.rel1.win32_1.0.200.202406191623/tools/bin/../lib/gcc/arm-none-eabi/12.3.1/../../../../arm-none-eabi/lib/thumb/v7e-m+fp/hard\libc_nano.a(libc_a-reent.o)
 .ARM.attributes
                0x000006f7       0x34 C:/ST/STM32CubeIDE_1.16.1/STM32CubeIDE/plugins/com.st.stm32cube.ide.mcu.externaltools.gnu-tools-for-stm32.12.3.rel1.win32_1.0.200.202406191623/tools/bin/../lib/gcc/arm-none-eabi/12.3.1/../../../../arm-none-eabi/lib/thumb/v7e-m+fp/hard\libc_nano.a(libc_a-impure.o)
 .ARM.attributes
                0x0000072b       0x34 C:/ST/STM32CubeIDE_1.16.1/STM32CubeIDE/plugins/com.st.stm32cube.ide.mcu.externaltools.gnu-tools-for-stm32.12.3.rel1.win32_1.0.200.202406191623/tools/bin/../lib/gcc/arm-none-eabi/12.3.1/../../../../arm-none-eabi/lib/thumb/v7e-m+fp/hard\libc_nano.a(libc_a-sbrkr.o)
 .ARM.attributes
                0x0000075f       0x34 C:/ST/STM32CubeIDE_1.16.1/STM32CubeIDE/plugins/com.st.stm32cube.ide.mcu.externaltools.gnu-tools-for-stm32.12.3.rel1.win32_1.0.200.202406191623/tools/bin/../lib/gcc/arm-none-eabi/12.3.1/../../../../arm-none-eabi/lib/thumb/v7e-m+fp/hard\libc_nano.a(libc_a-errno.o)
 .ARM.attributes
                0x00000793       0x34 C:/ST/STM32CubeIDE_1.16.1/STM32CubeIDE/plugins/com.st.stm32cube.ide.mcu.externaltools.gnu-tools-for-stm32.12.3.rel1.win32_1.0.200.202406191623/tools/bin/../lib/gcc/arm-none-eabi/12.3.1/../../../../arm-none-eabi/lib/thumb/v7e-m+fp/hard\libc_nano.a(libc_a-init.o)
 .ARM.attributes
                0x000007c7       0x34 C:/ST/STM32CubeIDE_1.16.1/STM32CubeIDE/plugins/com.st.stm32cube.ide.mcu.externaltools.gnu-tools-for-stm32.12.3.rel1.win32_1.0.200.202406191623/tools/bin/../lib/gcc/arm-none-eabi/12.3.1/../../../../arm-none-eabi/lib/thumb/v7e-m+fp/hard\libc_nano.a(libc_a-lock.o)
 .ARM.attributes
                0x000007fb       0x34 C:/ST/STM32CubeIDE_1.16.1/STM32CubeIDE/plugins/com.st.stm32cube.ide.mcu.externaltools.gnu-tools-for-stm32.12.3.rel1.win32_1.0.200.202406191623/tools/bin/../lib/gcc/arm-none-eabi/12.3.1/../../../../arm-none-eabi/lib/thumb/v7e-m+fp/hard\libc_nano.a(libc_a-freer.o)
 .ARM.attributes
                0x0000082f       0x22 C:/ST/STM32CubeIDE_1.16.1/STM32CubeIDE/plugins/com.st.stm32cube.ide.mcu.externaltools.gnu-tools-for-stm32.12.3.rel1.win32_1.0.200.202406191623/tools/bin/../lib/gcc/arm-none-eabi/12.3.1/thumb/v7e-m+fp/hard\libgcc.a(_aeabi_uldivmod.o)
 .ARM.attributes
                0x00000851       0x34 C:/ST/STM32CubeIDE_1.16.1/STM32CubeIDE/plugins/com.st.stm32cube.ide.mcu.externaltools.gnu-tools-for-stm32.12.3.rel1.win32_1.0.200.202406191623/tools/bin/../lib/gcc/arm-none-eabi/12.3.1/thumb/v7e-m+fp/hard\libgcc.a(_udivmoddi4.o)
 .ARM.attributes
                0x00000885       0x22 C:/ST/STM32CubeIDE_1.16.1/STM32CubeIDE/plugins/com.st.stm32cube.ide.mcu.externaltools.gnu-tools-for-stm32.12.3.rel1.win32_1.0.200.202406191623/tools/bin/../lib/gcc/arm-none-eabi/12.3.1/thumb/v7e-m+fp/hard\libgcc.a(_dvmd_tls.o)
 .ARM.attributes
                0x000008a7       0x22 C:/ST/STM32CubeIDE_1.16.1/STM32CubeIDE/plugins/com.st.stm32cube.ide.mcu.externaltools.gnu-tools-for-stm32.12.3.rel1.win32_1.0.200.202406191623/tools/bin/../lib/gcc/arm-none-eabi/12.3.1/thumb/v7e-m+fp/hard/crtn.o
OUTPUT(SdImageDisplay.elf elf32-littlearm)
LOAD linker stubs
LOAD C:/ST/STM32CubeIDE_1.16.1/STM32CubeIDE/plugins/com.st.stm32cube.ide.mcu.externaltools.gnu-tools-for-stm32.12.3.rel1.win32_1.0.200.202406191623/tools/bin/../lib/gcc/arm-none-eabi/12.3.1/../../../../arm-none-eabi/lib/thumb/v7e-m+fp/hard\libc.a
LOAD C:/ST/STM32CubeIDE_1.16.1/STM32CubeIDE/plugins/com.st.stm32cube.ide.mcu.externaltools.gnu-tools-for-stm32.12.3.rel1.win32_1.0.200.202406191623/tools/bin/../lib/gcc/arm-none-eabi/12.3.1/../../../../arm-none-eabi/lib/thumb/v7e-m+fp/hard\libm.a
LOAD C:/ST/STM32CubeIDE_1.16.1/STM32CubeIDE/plugins/com.st.stm32cube.ide.mcu.externaltools.gnu-tools-for-stm32.12.3.rel1.win32_1.0.200.202406191623/tools/bin/../lib/gcc/arm-none-eabi/12.3.1/thumb/v7e-m+fp/hard\libgcc.a

.debug_info     0x00000000    0x12efa
 .debug_info    0x00000000     0x1f43 ./Core/Src/main.o
 .debug_info    0x00001f43     0x1a57 ./Core/Src/stm32f7xx_hal_msp.o
 .debug_info    0x0000399a      0x767 ./Core/Src/stm32f7xx_it.o
 .debug_info    0x00004101      0x168 ./Core/Src/sysmem.o
 .debug_info    0x00004269      0x6ed ./Core/Src/system_stm32f7xx.o
 .debug_info    0x00004956       0x30 ./Core/Startup/startup_stm32f746nghx.o
 .debug_info    0x00004986      0x9d8 ./Drivers/STM32F7xx_HAL_Driver/Src/stm32f7xx_hal.o
 .debug_info    0x0000535e      0xf7e ./Drivers/STM32F7xx_HAL_Driver/Src/stm32f7xx_hal_cortex.o
 .debug_info    0x000062dc      0x8e7 ./Drivers/STM32F7xx_HAL_Driver/Src/stm32f7xx_hal_dma.o
 .debug_info    0x00006bc3      0xe7a ./Drivers/STM32F7xx_HAL_Driver/Src/stm32f7xx_hal_dma2d.o
 .debug_info    0x00007a3d      0x6e7 ./Drivers/STM32F7xx_HAL_Driver/Src/stm32f7xx_hal_gpio.o
 .debug_info    0x00008124     0x1022 ./Drivers/STM32F7xx_HAL_Driver/Src/stm32f7xx_hal_ltdc.o
 .debug_info    0x00009146      0x8dc ./Drivers/STM32F7xx_HAL_Driver/Src/stm32f7xx_hal_rcc.o
 .debug_info    0x00009a22      0x6bd ./Drivers/STM32F7xx_HAL_Driver/Src/stm32f7xx_hal_rcc_ex.o
 .debug_info    0x0000a0df     0x1bd8 ./Drivers/STM32F7xx_HAL_Driver/Src/stm32f7xx_hal_sd.o
 .debug_info    0x0000bcb7      0xeb4 ./Drivers/STM32F7xx_HAL_Driver/Src/stm32f7xx_hal_sdram.o
 .debug_info    0x0000cb6b      0xb9d ./Drivers/STM32F7xx_HAL_Driver/Src/stm32f7xx_ll_fmc.o
 .debug_info    0x0000d708     0x10b0 ./Drivers/STM32F7xx_HAL_Driver/Src/stm32f7xx_ll_sdmmc.o
 .debug_info    0x0000e7b8      0x4fb ./FATFS/App/fatfs.o
 .debug_info    0x0000ecb3      0xa9d ./FATFS/Target/bsp_driver_sd.o
 .debug_info    0x0000f750      0x1cc ./FATFS/Target/fatfs_platform.o
 .debug_info    0x0000f91c      0x569 ./FATFS/Target/sd_diskio.o
 .debug_info    0x0000fe85      0x3df ./Middlewares/Third_Party/FatFs/src/diskio.o
 .debug_info    0x00010264     0x2653 ./Middlewares/Third_Party/FatFs/src/ff.o
 .debug_info    0x000128b7      0x37f ./Middlewares/Third_Party/FatFs/src/ff_gen_drv.o
 .debug_info    0x00012c36      0x1b9 ./Middlewares/Third_Party/FatFs/src/option/ccsbcs.o
 .debug_info    0x00012def      0x10b ./Middlewares/Third_Party/FatFs/src/option/syscall.o

.debug_abbrev   0x00000000     0x32a9
 .debug_abbrev  0x00000000      0x345 ./Core/Src/main.o
 .debug_abbrev  0x00000345      0x2c9 ./Core/Src/stm32f7xx_hal_msp.o
 .debug_abbrev  0x0000060e      0x19a ./Core/Src/stm32f7xx_it.o
 .debug_abbrev  0x000007a8       0xbc ./Core/Src/sysmem.o
 .debug_abbrev  0x00000864      0x13b ./Core/Src/system_stm32f7xx.o
 .debug_abbrev  0x0000099f       0x24 ./Core/Startup/startup_stm32f746nghx.o
 .debug_abbrev  0x000009c3      0x213 ./Drivers/STM32F7xx_HAL_Driver/Src/stm32f7xx_hal.o
 .debug_abbrev  0x00000bd6      0x31e ./Drivers/STM32F7xx_HAL_Driver/Src/stm32f7xx_hal_cortex.o
 .debug_abbrev  0x00000ef4      0x264 ./Drivers/STM32F7xx_HAL_Driver/Src/stm32f7xx_hal_dma.o
 .debug_abbrev  0x00001158      0x23e ./Drivers/STM32F7xx_HAL_Driver/Src/stm32f7xx_hal_dma2d.o
 .debug_abbrev  0x00001396      0x1d4 ./Drivers/STM32F7xx_HAL_Driver/Src/stm32f7xx_hal_gpio.o
 .debug_abbrev  0x0000156a      0x233 ./Drivers/STM32F7xx_HAL_Driver/Src/stm32f7xx_hal_ltdc.o
 .debug_abbrev  0x0000179d      0x288 ./Drivers/STM32F7xx_HAL_Driver/Src/stm32f7xx_hal_rcc.o
 .debug_abbrev  0x00001a25      0x1c9 ./Drivers/STM32F7xx_HAL_Driver/Src/stm32f7xx_hal_rcc_ex.o
 .debug_abbrev  0x00001bee      0x299 ./Drivers/STM32F7xx_HAL_Driver/Src/stm32f7xx_hal_sd.o
 .debug_abbrev  0x00001e87      0x240 ./Drivers/STM32F7xx_HAL_Driver/Src/stm32f7xx_hal_sdram.o
 .debug_abbrev  0x000020c7      0x1ac ./Drivers/STM32F7xx_HAL_Driver/Src/stm32f7xx_ll_fmc.o
 .debug_abbrev  0x00002273      0x1d8 ./Drivers/STM32F7xx_HAL_Driver/Src/stm32f7xx_ll_sdmmc.o
 .debug_abbrev  0x0000244b      0x15e ./FATFS/App/fatfs.o
 .debug_abbrev  0x000025a9      0x274 ./FATFS/Target/bsp_driver_sd.o
 .debug_abbrev  0x0000281d      0x107 ./FATFS/Target/fatfs_platform.o
 .debug_abbrev  0x00002924      0x22b ./FATFS/Target/sd_diskio.o
 .debug_abbrev  0x00002b4f      0x181 ./Middlewares/Third_Party/FatFs/src/diskio.o
 .debug_abbrev  0x00002cd0      0x29f ./Middlewares/Third_Party/FatFs/src/ff.o
 .debug_abbrev  0x00002f6f      0x19f ./Middlewares/Third_Party/FatFs/src/ff_gen_drv.o
 .debug_abbrev  0x0000310e       0xde ./Middlewares/Third_Party/FatFs/src/option/ccsbcs.o
 .debug_abbrev  0x000031ec       0xbd ./Middlewares/Third_Party/FatFs/src/option/syscall.o

.debug_aranges  0x00000000     0x10f8
 .debug_aranges
                0x00000000       0x60 ./Core/Src/main.o
 .debug_aranges
                0x00000060       0x70 ./Core/Src/stm32f7xx_hal_msp.o
 .debug_aranges
                0x000000d0       0x78 ./Core/Src/stm32f7xx_it.o
 .debug_aranges
                0x00000148       0x20 ./Core/Src/sysmem.o
 .debug_aranges
                0x00000168       0x28 ./Core/Src/system_stm32f7xx.o
 .debug_aranges
                0x00000190       0x28 ./Core/Startup/startup_stm32f746nghx.o
 .debug_aranges
                0x000001b8      0x100 ./Drivers/STM32F7xx_HAL_Driver/Src/stm32f7xx_hal.o
 .debug_aranges
                0x000002b8      0x128 ./Drivers/STM32F7xx_HAL_Driver/Src/stm32f7xx_hal_cortex.o
 .debug_aranges
                0x000003e0       0x90 ./Drivers/STM32F7xx_HAL_Driver/Src/stm32f7xx_hal_dma.o
 .debug_aranges
                0x00000470      0x118 ./Drivers/STM32F7xx_HAL_Driver/Src/stm32f7xx_hal_dma2d.o
 .debug_aranges
                0x00000588       0x58 ./Drivers/STM32F7xx_HAL_Driver/Src/stm32f7xx_hal_gpio.o
 .debug_aranges
                0x000005e0      0x158 ./Drivers/STM32F7xx_HAL_Driver/Src/stm32f7xx_hal_ltdc.o
 .debug_aranges
                0x00000738       0x88 ./Drivers/STM32F7xx_HAL_Driver/Src/stm32f7xx_hal_rcc.o
 .debug_aranges
                0x000007c0       0x50 ./Drivers/STM32F7xx_HAL_Driver/Src/stm32f7xx_hal_rcc_ex.o
 .debug_aranges
                0x00000810      0x168 ./Drivers/STM32F7xx_HAL_Driver/Src/stm32f7xx_hal_sd.o
 .debug_aranges
                0x00000978       0xe8 ./Drivers/STM32F7xx_HAL_Driver/Src/stm32f7xx_hal_sdram.o
 .debug_aranges
                0x00000a60       0xc8 ./Drivers/STM32F7xx_HAL_Driver/Src/stm32f7xx_ll_fmc.o
 .debug_aranges
                0x00000b28      0x188 ./Drivers/STM32F7xx_HAL_Driver/Src/stm32f7xx_ll_sdmmc.o
 .debug_aranges
                0x00000cb0       0x28 ./FATFS/App/fatfs.o
 .debug_aranges
                0x00000cd8       0x98 ./FATFS/Target/bsp_driver_sd.o
 .debug_aranges
                0x00000d70       0x20 ./FATFS/Target/fatfs_platform.o
 .debug_aranges
                0x00000d90       0x60 ./FATFS/Target/sd_diskio.o
 .debug_aranges
                0x00000df0       0x48 ./Middlewares/Third_Party/FatFs/src/diskio.o
 .debug_aranges
                0x00000e38      0x230 ./Middlewares/Third_Party/FatFs/src/ff.o
 .debug_aranges
                0x00001068       0x40 ./Middlewares/Third_Party/FatFs/src/ff_gen_drv.o
 .debug_aranges
                0x000010a8       0x28 ./Middlewares/Third_Party/FatFs/src/option/ccsbcs.o
 .debug_aranges
                0x000010d0       0x28 ./Middlewares/Third_Party/FatFs/src/option/syscall.o

.debug_rnglists
                0x00000000      0xcc5
 .debug_rnglists
                0x00000000       0x48 ./Core/Src/main.o
 .debug_rnglists
                0x00000048       0x52 ./Core/Src/stm32f7xx_hal_msp.o
 .debug_rnglists
                0x0000009a       0x55 ./Core/Src/stm32f7xx_it.o
 .debug_rnglists
                0x000000ef       0x13 ./Core/Src/sysmem.o
 .debug_rnglists
                0x00000102       0x1a ./Core/Src/system_stm32f7xx.o
 .debug_rnglists
                0x0000011c       0x19 ./Core/Startup/startup_stm32f746nghx.o
 .debug_rnglists
                0x00000135       0xbb ./Drivers/STM32F7xx_HAL_Driver/Src/stm32f7xx_hal.o
 .debug_rnglists
                0x000001f0       0xda ./Drivers/STM32F7xx_HAL_Driver/Src/stm32f7xx_hal_cortex.o
 .debug_rnglists
                0x000002ca       0x70 ./Drivers/STM32F7xx_HAL_Driver/Src/stm32f7xx_hal_dma.o
 .debug_rnglists
                0x0000033a       0xdc ./Drivers/STM32F7xx_HAL_Driver/Src/stm32f7xx_hal_dma2d.o
 .debug_rnglists
                0x00000416       0x3f ./Drivers/STM32F7xx_HAL_Driver/Src/stm32f7xx_hal_gpio.o
 .debug_rnglists
                0x00000455      0x10a ./Drivers/STM32F7xx_HAL_Driver/Src/stm32f7xx_hal_ltdc.o
 .debug_rnglists
                0x0000055f       0x67 ./Drivers/STM32F7xx_HAL_Driver/Src/stm32f7xx_hal_rcc.o
 .debug_rnglists
                0x000005c6       0x3c ./Drivers/STM32F7xx_HAL_Driver/Src/stm32f7xx_hal_rcc_ex.o
 .debug_rnglists
                0x00000602      0x121 ./Drivers/STM32F7xx_HAL_Driver/Src/stm32f7xx_hal_sd.o
 .debug_rnglists
                0x00000723       0xb1 ./Drivers/STM32F7xx_HAL_Driver/Src/stm32f7xx_hal_sdram.o
 .debug_rnglists
                0x000007d4       0x95 ./Drivers/STM32F7xx_HAL_Driver/Src/stm32f7xx_ll_fmc.o
 .debug_rnglists
                0x00000869      0x125 ./Drivers/STM32F7xx_HAL_Driver/Src/stm32f7xx_ll_sdmmc.o
 .debug_rnglists
                0x0000098e       0x19 ./FATFS/App/fatfs.o
 .debug_rnglists
                0x000009a7       0x6d ./FATFS/Target/bsp_driver_sd.o
 .debug_rnglists
                0x00000a14       0x13 ./FATFS/Target/fatfs_platform.o
 .debug_rnglists
                0x00000a27       0x46 ./FATFS/Target/sd_diskio.o
 .debug_rnglists
                0x00000a6d       0x31 ./Middlewares/Third_Party/FatFs/src/diskio.o
 .debug_rnglists
                0x00000a9e      0x1c8 ./Middlewares/Third_Party/FatFs/src/ff.o
 .debug_rnglists
                0x00000c66       0x2c ./Middlewares/Third_Party/FatFs/src/ff_gen_drv.o
 .debug_rnglists
                0x00000c92       0x1a ./Middlewares/Third_Party/FatFs/src/option/ccsbcs.o
 .debug_rnglists
                0x00000cac       0x19 ./Middlewares/Third_Party/FatFs/src/option/syscall.o

.debug_macro    0x00000000     0x46df
 .debug_macro   0x00000000      0x35e ./Core/Src/main.o
 .debug_macro   0x0000035e      0x221 ./Core/Src/stm32f7xx_hal_msp.o
 .debug_macro   0x0000057f      0x22b ./Core/Src/stm32f7xx_it.o
 .debug_macro   0x000007aa       0xff ./Core/Src/sysmem.o
 .debug_macro   0x000008a9      0x23c ./Core/Src/sysmem.o
 .debug_macro   0x00000ae5      0x212 ./Core/Src/system_stm32f7xx.o
 .debug_macro   0x00000cf7      0x236 ./Drivers/STM32F7xx_HAL_Driver/Src/stm32f7xx_hal.o
 .debug_macro   0x00000f2d      0x212 ./Drivers/STM32F7xx_HAL_Driver/Src/stm32f7xx_hal_cortex.o
 .debug_macro   0x0000113f      0x218 ./Drivers/STM32F7xx_HAL_Driver/Src/stm32f7xx_hal_dma.o
 .debug_macro   0x00001357      0x221 ./Drivers/STM32F7xx_HAL_Driver/Src/stm32f7xx_hal_dma2d.o
 .debug_macro   0x00001578      0x218 ./Drivers/STM32F7xx_HAL_Driver/Src/stm32f7xx_hal_gpio.o
 .debug_macro   0x00001790      0x21a ./Drivers/STM32F7xx_HAL_Driver/Src/stm32f7xx_hal_ltdc.o
 .debug_macro   0x000019aa      0x236 ./Drivers/STM32F7xx_HAL_Driver/Src/stm32f7xx_hal_rcc.o
 .debug_macro   0x00001be0      0x212 ./Drivers/STM32F7xx_HAL_Driver/Src/stm32f7xx_hal_rcc_ex.o
 .debug_macro   0x00001df2      0x213 ./Drivers/STM32F7xx_HAL_Driver/Src/stm32f7xx_hal_sd.o
 .debug_macro   0x00002005      0x212 ./Drivers/STM32F7xx_HAL_Driver/Src/stm32f7xx_hal_sdram.o
 .debug_macro   0x00002217      0x23c ./Drivers/STM32F7xx_HAL_Driver/Src/stm32f7xx_ll_fmc.o
 .debug_macro   0x00002453      0x213 ./Drivers/STM32F7xx_HAL_Driver/Src/stm32f7xx_ll_sdmmc.o
 .debug_macro   0x00002666      0x35e ./FATFS/App/fatfs.o
 .debug_macro   0x000029c4      0x22a ./FATFS/Target/bsp_driver_sd.o
 .debug_macro   0x00002bee      0x21b ./FATFS/Target/fatfs_platform.o
 .debug_macro   0x00002e09      0x391 ./FATFS/Target/sd_diskio.o
 .debug_macro   0x0000319a       0x16 ./FATFS/Target/sd_diskio.o
 .debug_macro   0x000031b0       0x7c ./FATFS/Target/sd_diskio.o
 .debug_macro   0x0000322c      0x34b ./Middlewares/Third_Party/FatFs/src/diskio.o
 .debug_macro   0x00003577      0x759 ./Middlewares/Third_Party/FatFs/src/ff.o
 .debug_macro   0x00003cd0       0x58 ./Middlewares/Third_Party/FatFs/src/ff.o
 .debug_macro   0x00003d28      0x34b ./Middlewares/Third_Party/FatFs/src/ff_gen_drv.o
 .debug_macro   0x00004073      0x339 ./Middlewares/Third_Party/FatFs/src/option/ccsbcs.o
 .debug_macro   0x000043ac      0x333 ./Middlewares/Third_Party/FatFs/src/option/syscall.o

.debug_line     0x00000000    0x1857a
 .debug_line    0x00000000      0xeb7 ./Core/Src/main.o
 .debug_line    0x00000eb7      0xa72 ./Core/Src/stm32f7xx_hal_msp.o
 .debug_line    0x00001929      0x8c9 ./Core/Src/stm32f7xx_it.o
 .debug_line    0x000021f2      0x583 ./Core/Src/sysmem.o
 .debug_line    0x00002775      0x841 ./Core/Src/system_stm32f7xx.o
 .debug_line    0x00002fb6       0x7a ./Core/Startup/startup_stm32f746nghx.o
 .debug_line    0x00003030      0xae1 ./Drivers/STM32F7xx_HAL_Driver/Src/stm32f7xx_hal.o
 .debug_line    0x00003b11      0xd83 ./Drivers/STM32F7xx_HAL_Driver/Src/stm32f7xx_hal_cortex.o
 .debug_line    0x00004894     0x1030 ./Drivers/STM32F7xx_HAL_Driver/Src/stm32f7xx_hal_dma.o
 .debug_line    0x000058c4     0x128b ./Drivers/STM32F7xx_HAL_Driver/Src/stm32f7xx_hal_dma2d.o
 .debug_line    0x00006b4f      0xc67 ./Drivers/STM32F7xx_HAL_Driver/Src/stm32f7xx_hal_gpio.o
 .debug_line    0x000077b6     0x1863 ./Drivers/STM32F7xx_HAL_Driver/Src/stm32f7xx_hal_ltdc.o
 .debug_line    0x00009019      0xf10 ./Drivers/STM32F7xx_HAL_Driver/Src/stm32f7xx_hal_rcc.o
 .debug_line    0x00009f29      0xec6 ./Drivers/STM32F7xx_HAL_Driver/Src/stm32f7xx_hal_rcc_ex.o
 .debug_line    0x0000adef     0x1f97 ./Drivers/STM32F7xx_HAL_Driver/Src/stm32f7xx_hal_sd.o
 .debug_line    0x0000cd86      0xea9 ./Drivers/STM32F7xx_HAL_Driver/Src/stm32f7xx_hal_sdram.o
 .debug_line    0x0000dc2f      0xb3d ./Drivers/STM32F7xx_HAL_Driver/Src/stm32f7xx_ll_fmc.o
 .debug_line    0x0000e76c     0x103b ./Drivers/STM32F7xx_HAL_Driver/Src/stm32f7xx_ll_sdmmc.o
 .debug_line    0x0000f7a7      0x9d4 ./FATFS/App/fatfs.o
 .debug_line    0x0001017b      0x98d ./FATFS/Target/bsp_driver_sd.o
 .debug_line    0x00010b08      0x7d4 ./FATFS/Target/fatfs_platform.o
 .debug_line    0x000112dc      0xbe5 ./FATFS/Target/sd_diskio.o
 .debug_line    0x00011ec1      0xa45 ./Middlewares/Third_Party/FatFs/src/diskio.o
 .debug_line    0x00012906     0x3da4 ./Middlewares/Third_Party/FatFs/src/ff.o
 .debug_line    0x000166aa      0xa63 ./Middlewares/Third_Party/FatFs/src/ff_gen_drv.o
 .debug_line    0x0001710d      0xaa5 ./Middlewares/Third_Party/FatFs/src/option/ccsbcs.o
 .debug_line    0x00017bb2      0x9c8 ./Middlewares/Third_Party/FatFs/src/option/syscall.o

.debug_str      0x00000000    0xf0918
 .debug_str     0x00000000    0xeb976 ./Core/Src/main.o
                              0xec1c1 (size before relaxing)
 .debug_str     0x000eb976      0x3a6 ./Core/Src/stm32f7xx_hal_msp.o
                              0xe86b3 (size before relaxing)
 .debug_str     0x000ebd1c      0x11e ./Core/Src/stm32f7xx_it.o
                              0xe76b4 (size before relaxing)
 .debug_str     0x000ebe3a      0x4dc ./Core/Src/sysmem.o
                               0x60db (size before relaxing)
 .debug_str     0x000ec316      0x1a4 ./Core/Src/system_stm32f7xx.o
                              0xe5382 (size before relaxing)
 .debug_str     0x000ec4ba       0x44 ./Core/Startup/startup_stm32f746nghx.o
                                 0x8c (size before relaxing)
 .debug_str     0x000ec4fe      0x416 ./Drivers/STM32F7xx_HAL_Driver/Src/stm32f7xx_hal.o
                              0xe5ceb (size before relaxing)
 .debug_str     0x000ec914      0x354 ./Drivers/STM32F7xx_HAL_Driver/Src/stm32f7xx_hal_cortex.o
                              0xe5d08 (size before relaxing)
 .debug_str     0x000ecc68      0x2fa ./Drivers/STM32F7xx_HAL_Driver/Src/stm32f7xx_hal_dma.o
                              0xe56c1 (size before relaxing)
 .debug_str     0x000ecf62      0x381 ./Drivers/STM32F7xx_HAL_Driver/Src/stm32f7xx_hal_dma2d.o
                              0xe5895 (size before relaxing)
 .debug_str     0x000ed2e3      0x10a ./Drivers/STM32F7xx_HAL_Driver/Src/stm32f7xx_hal_gpio.o
                              0xe5440 (size before relaxing)
 .debug_str     0x000ed3ed      0x486 ./Drivers/STM32F7xx_HAL_Driver/Src/stm32f7xx_hal_ltdc.o
                              0xe5913 (size before relaxing)
 .debug_str     0x000ed873      0x252 ./Drivers/STM32F7xx_HAL_Driver/Src/stm32f7xx_hal_rcc.o
                              0xe56e4 (size before relaxing)
 .debug_str     0x000edac5      0x14f ./Drivers/STM32F7xx_HAL_Driver/Src/stm32f7xx_hal_rcc_ex.o
                              0xe561c (size before relaxing)
 .debug_str     0x000edc14      0x911 ./Drivers/STM32F7xx_HAL_Driver/Src/stm32f7xx_hal_sd.o
                              0xe6011 (size before relaxing)
 .debug_str     0x000ee525      0x3cd ./Drivers/STM32F7xx_HAL_Driver/Src/stm32f7xx_hal_sdram.o
                              0xe59cf (size before relaxing)
 .debug_str     0x000ee8f2      0x764 ./Drivers/STM32F7xx_HAL_Driver/Src/stm32f7xx_ll_fmc.o
                              0xe5b93 (size before relaxing)
 .debug_str     0x000ef056      0x22f ./Drivers/STM32F7xx_HAL_Driver/Src/stm32f7xx_ll_sdmmc.o
                              0xe5736 (size before relaxing)
 .debug_str     0x000ef285       0xd1 ./FATFS/App/fatfs.o
                              0xeabdb (size before relaxing)
 .debug_str     0x000ef356      0x16b ./FATFS/Target/bsp_driver_sd.o
                              0xe5978 (size before relaxing)
 .debug_str     0x000ef4c1       0x21 ./FATFS/Target/fatfs_platform.o
                              0xe51f3 (size before relaxing)
 .debug_str     0x000ef4e2      0x148 ./FATFS/Target/sd_diskio.o
                              0xead0b (size before relaxing)
 .debug_str     0x000ef62a       0x57 ./Middlewares/Third_Party/FatFs/src/diskio.o
                              0xeaae9 (size before relaxing)
 .debug_str     0x000ef681     0x117a ./Middlewares/Third_Party/FatFs/src/ff.o
                              0xebe7c (size before relaxing)
 .debug_str     0x000f07fb       0x91 ./Middlewares/Third_Party/FatFs/src/ff_gen_drv.o
                              0xeab3a (size before relaxing)
 .debug_str     0x000f088c       0x49 ./Middlewares/Third_Party/FatFs/src/option/ccsbcs.o
                              0xea8be (size before relaxing)
 .debug_str     0x000f08d5       0x43 ./Middlewares/Third_Party/FatFs/src/option/syscall.o
                              0xea8c5 (size before relaxing)

.comment        0x00000000       0x43
 .comment       0x00000000       0x43 ./Core/Src/main.o
                                 0x44 (size before relaxing)
 .comment       0x00000043       0x44 ./Core/Src/stm32f7xx_hal_msp.o
 .comment       0x00000043       0x44 ./Core/Src/stm32f7xx_it.o
 .comment       0x00000043       0x44 ./Core/Src/sysmem.o
 .comment       0x00000043       0x44 ./Core/Src/system_stm32f7xx.o
 .comment       0x00000043       0x44 ./Drivers/STM32F7xx_HAL_Driver/Src/stm32f7xx_hal.o
 .comment       0x00000043       0x44 ./Drivers/STM32F7xx_HAL_Driver/Src/stm32f7xx_hal_cortex.o
 .comment       0x00000043       0x44 ./Drivers/STM32F7xx_HAL_Driver/Src/stm32f7xx_hal_dma.o
 .comment       0x00000043       0x44 ./Drivers/STM32F7xx_HAL_Driver/Src/stm32f7xx_hal_dma2d.o
 .comment       0x00000043       0x44 ./Drivers/STM32F7xx_HAL_Driver/Src/stm32f7xx_hal_gpio.o
 .comment       0x00000043       0x44 ./Drivers/STM32F7xx_HAL_Driver/Src/stm32f7xx_hal_ltdc.o
 .comment       0x00000043       0x44 ./Drivers/STM32F7xx_HAL_Driver/Src/stm32f7xx_hal_rcc.o
 .comment       0x00000043       0x44 ./Drivers/STM32F7xx_HAL_Driver/Src/stm32f7xx_hal_rcc_ex.o
 .comment       0x00000043       0x44 ./Drivers/STM32F7xx_HAL_Driver/Src/stm32f7xx_hal_sd.o
 .comment       0x00000043       0x44 ./Drivers/STM32F7xx_HAL_Driver/Src/stm32f7xx_hal_sdram.o
 .comment       0x00000043       0x44 ./Drivers/STM32F7xx_HAL_Driver/Src/stm32f7xx_ll_fmc.o
 .comment       0x00000043       0x44 ./Drivers/STM32F7xx_HAL_Driver/Src/stm32f7xx_ll_sdmmc.o
 .comment       0x00000043       0x44 ./FATFS/App/fatfs.o
 .comment       0x00000043       0x44 ./FATFS/Target/bsp_driver_sd.o
 .comment       0x00000043       0x44 ./FATFS/Target/fatfs_platform.o
 .comment       0x00000043       0x44 ./FATFS/Target/sd_diskio.o
 .comment       0x00000043       0x44 ./Middlewares/Third_Party/FatFs/src/diskio.o
 .comment       0x00000043       0x44 ./Middlewares/Third_Party/FatFs/src/ff.o
 .comment       0x00000043       0x44 ./Middlewares/Third_Party/FatFs/src/ff_gen_drv.o
 .comment       0x00000043       0x44 ./Middlewares/Third_Party/FatFs/src/option/ccsbcs.o
 .comment       0x00000043       0x44 ./Middlewares/Third_Party/FatFs/src/option/syscall.o

.debug_frame    0x00000000     0x4818
 .debug_frame   0x00000000      0x13c ./Core/Src/main.o
 .debug_frame   0x0000013c      0x1a8 ./Core/Src/stm32f7xx_hal_msp.o
 .debug_frame   0x000002e4      0x158 ./Core/Src/stm32f7xx_it.o
 .debug_frame   0x0000043c       0x34 ./Core/Src/sysmem.o
 .debug_frame   0x00000470       0x58 ./Core/Src/system_stm32f7xx.o
 .debug_frame   0x000004c8      0x3b4 ./Drivers/STM32F7xx_HAL_Driver/Src/stm32f7xx_hal.o
 .debug_frame   0x0000087c      0x4e8 ./Drivers/STM32F7xx_HAL_Driver/Src/stm32f7xx_hal_cortex.o
 .debug_frame   0x00000d64      0x250 ./Drivers/STM32F7xx_HAL_Driver/Src/stm32f7xx_hal_dma.o
 .debug_frame   0x00000fb4      0x4e0 ./Drivers/STM32F7xx_HAL_Driver/Src/stm32f7xx_hal_dma2d.o
 .debug_frame   0x00001494      0x14c ./Drivers/STM32F7xx_HAL_Driver/Src/stm32f7xx_hal_gpio.o
 .debug_frame   0x000015e0      0x61c ./Drivers/STM32F7xx_HAL_Driver/Src/stm32f7xx_hal_ltdc.o
 .debug_frame   0x00001bfc      0x1f8 ./Drivers/STM32F7xx_HAL_Driver/Src/stm32f7xx_hal_rcc.o
 .debug_frame   0x00001df4      0x118 ./Drivers/STM32F7xx_HAL_Driver/Src/stm32f7xx_hal_rcc_ex.o
 .debug_frame   0x00001f0c      0x650 ./Drivers/STM32F7xx_HAL_Driver/Src/stm32f7xx_hal_sd.o
 .debug_frame   0x0000255c      0x3e8 ./Drivers/STM32F7xx_HAL_Driver/Src/stm32f7xx_hal_sdram.o
 .debug_frame   0x00002944      0x37c ./Drivers/STM32F7xx_HAL_Driver/Src/stm32f7xx_ll_fmc.o
 .debug_frame   0x00002cc0      0x6d0 ./Drivers/STM32F7xx_HAL_Driver/Src/stm32f7xx_ll_sdmmc.o
 .debug_frame   0x00003390       0x4c ./FATFS/App/fatfs.o
 .debug_frame   0x000033dc      0x238 ./FATFS/Target/bsp_driver_sd.o
 .debug_frame   0x00003614       0x34 ./FATFS/Target/fatfs_platform.o
 .debug_frame   0x00003648      0x14c ./FATFS/Target/sd_diskio.o
 .debug_frame   0x00003794       0xec ./Middlewares/Third_Party/FatFs/src/diskio.o
 .debug_frame   0x00003880      0xa0c ./Middlewares/Third_Party/FatFs/src/ff.o
 .debug_frame   0x0000428c       0xc8 ./Middlewares/Third_Party/FatFs/src/ff_gen_drv.o
 .debug_frame   0x00004354       0x60 ./Middlewares/Third_Party/FatFs/src/option/ccsbcs.o
 .debug_frame   0x000043b4       0x58 ./Middlewares/Third_Party/FatFs/src/option/syscall.o
 .debug_frame   0x0000440c       0x30 C:/ST/STM32CubeIDE_1.16.1/STM32CubeIDE/plugins/com.st.stm32cube.ide.mcu.externaltools.gnu-tools-for-stm32.12.3.rel1.win32_1.0.200.202406191623/tools/bin/../lib/gcc/arm-none-eabi/12.3.1/../../../../arm-none-eabi/lib/thumb/v7e-m+fp/hard\libc_nano.a(libc_a-malloc.o)
 .debug_frame   0x0000443c       0x50 C:/ST/STM32CubeIDE_1.16.1/STM32CubeIDE/plugins/com.st.stm32cube.ide.mcu.externaltools.gnu-tools-for-stm32.12.3.rel1.win32_1.0.200.202406191623/tools/bin/../lib/gcc/arm-none-eabi/12.3.1/../../../../arm-none-eabi/lib/thumb/v7e-m+fp/hard\libc_nano.a(libc_a-mallocr.o)
 .debug_frame   0x0000448c       0x30 C:/ST/STM32CubeIDE_1.16.1/STM32CubeIDE/plugins/com.st.stm32cube.ide.mcu.externaltools.gnu-tools-for-stm32.12.3.rel1.win32_1.0.200.202406191623/tools/bin/../lib/gcc/arm-none-eabi/12.3.1/../../../../arm-none-eabi/lib/thumb/v7e-m+fp/hard\libc_nano.a(libc_a-mlock.o)
 .debug_frame   0x000044bc      0x144 C:/ST/STM32CubeIDE_1.16.1/STM32CubeIDE/plugins/com.st.stm32cube.ide.mcu.externaltools.gnu-tools-for-stm32.12.3.rel1.win32_1.0.200.202406191623/tools/bin/../lib/gcc/arm-none-eabi/12.3.1/../../../../arm-none-eabi/lib/thumb/v7e-m+fp/hard\libc_nano.a(libc_a-findfp.o)
 .debug_frame   0x00004600       0x20 C:/ST/STM32CubeIDE_1.16.1/STM32CubeIDE/plugins/com.st.stm32cube.ide.mcu.externaltools.gnu-tools-for-stm32.12.3.rel1.win32_1.0.200.202406191623/tools/bin/../lib/gcc/arm-none-eabi/12.3.1/../../../../arm-none-eabi/lib/thumb/v7e-m+fp/hard\libc_nano.a(libc_a-memset.o)
 .debug_frame   0x00004620       0x38 C:/ST/STM32CubeIDE_1.16.1/STM32CubeIDE/plugins/com.st.stm32cube.ide.mcu.externaltools.gnu-tools-for-stm32.12.3.rel1.win32_1.0.200.202406191623/tools/bin/../lib/gcc/arm-none-eabi/12.3.1/../../../../arm-none-eabi/lib/thumb/v7e-m+fp/hard\libc_nano.a(libc_a-reent.o)
 .debug_frame   0x00004658       0x2c C:/ST/STM32CubeIDE_1.16.1/STM32CubeIDE/plugins/com.st.stm32cube.ide.mcu.externaltools.gnu-tools-for-stm32.12.3.rel1.win32_1.0.200.202406191623/tools/bin/../lib/gcc/arm-none-eabi/12.3.1/../../../../arm-none-eabi/lib/thumb/v7e-m+fp/hard\libc_nano.a(libc_a-sbrkr.o)
 .debug_frame   0x00004684       0x20 C:/ST/STM32CubeIDE_1.16.1/STM32CubeIDE/plugins/com.st.stm32cube.ide.mcu.externaltools.gnu-tools-for-stm32.12.3.rel1.win32_1.0.200.202406191623/tools/bin/../lib/gcc/arm-none-eabi/12.3.1/../../../../arm-none-eabi/lib/thumb/v7e-m+fp/hard\libc_nano.a(libc_a-errno.o)
 .debug_frame   0x000046a4       0x2c C:/ST/STM32CubeIDE_1.16.1/STM32CubeIDE/plugins/com.st.stm32cube.ide.mcu.externaltools.gnu-tools-for-stm32.12.3.rel1.win32_1.0.200.202406191623/tools/bin/../lib/gcc/arm-none-eabi/12.3.1/../../../../arm-none-eabi/lib/thumb/v7e-m+fp/hard\libc_nano.a(libc_a-init.o)