../Core/Src/main.c:74:6:MPU_Config	24	static
../Core/Src/main.c:102:5:main	32	static
../Core/Src/main.c:215:6:SystemClock_Config	88	static
../Core/Src/main.c:262:13:MX_DMA2D_Init	8	static
../Core/Src/main.c:299:13:MX_LTDC_Init	112	static
../Core/Src/main.c:381:13:MX_SDMMC1_SD_Init	4	static
../Core/Src/main.c:406:13:MX_DMA_Init	16	static
../Core/Src/main.c:423:13:MX_FMC_Init	40	static
../Core/Src/main.c:474:13:MX_GPIO_Init	72	static
../Core/Src/main.c:877:6:Error_Handler	4	static,ignoring_inline_asm
