../Core/Src/main.c:76:6:MPU_Init	24	static
../Core/Src/main.c:103:5:main	48	dynamic
../Core/Src/main.c:186:6:SystemClock_Config	88	static
../Core/Src/main.c:233:13:MX_DMA2D_Init	8	static
../Core/Src/main.c:270:13:MX_LTDC_Init	112	static
../Core/Src/main.c:352:13:MX_SDMMC1_SD_Init	4	static
../Core/Src/main.c:378:13:MX_DMA_Init	16	static
../Core/Src/main.c:395:13:MX_FMC_Init	40	static
../Core/Src/main.c:446:13:MX_GPIO_Init	72	static
../Core/Src/main.c:849:6:Error_Handler	4	static,ignoring_inline_asm
