../Core/Src/stm32f7xx_hal_msp.c:67:6:HAL_MspInit	16	static
../Core/Src/stm32f7xx_hal_msp.c:90:6:HAL_DMA2D_MspInit	24	static
../Core/Src/stm32f7xx_hal_msp.c:116:6:HAL_DMA2D_MspDeInit	16	static
../Core/Src/stm32f7xx_hal_msp.c:141:6:HAL_LTDC_MspInit	192	static
../Core/Src/stm32f7xx_hal_msp.c:256:6:HAL_LTDC_MspDeInit	16	static
../Core/Src/stm32f7xx_hal_msp.c:323:6:HAL_SD_MspInit	184	static
../Core/Src/stm32f7xx_hal_msp.c:431:6:HAL_SD_MspDeInit	16	static
../Core/Src/stm32f7xx_hal_msp.c:469:13:HAL_FMC_MspInit	32	static
../Core/Src/stm32f7xx_hal_msp.c:578:6:HAL_SDRAM_MspInit	16	static
../Core/Src/stm32f7xx_hal_msp.c:590:13:HAL_FMC_MspDeInit	8	static
../Core/Src/stm32f7xx_hal_msp.c:666:6:HAL_SDRAM_MspDeInit	16	static
