20:33:00 **** Incremental Build of configuration Debug for project SdImageDisplay ****
make -j8 all 
arm-none-eabi-gcc "../Core/Src/fatfs_drv.c" -mcpu=cortex-m7 -std=gnu11 -g3 -DDEBUG -DUSE_HAL_DRIVER -DSTM32F746xx -c -I../Core/Inc -I../Drivers/STM32F7xx_HAL_Driver/Inc -I../Drivers/STM32F7xx_HAL_Driver/Inc/Legacy -I../Drivers/CMSIS/Device/ST/STM32F7xx/Include -I../Drivers/CMSIS/Include -I../FATFS/Target -I../FATFS/App -I../Middlewares/Third_Party/FatFs/src -O0 -ffunction-sections -fdata-sections -Wall -fstack-usage -fcyclomatic-complexity -MMD -MP -MF"Core/Src/fatfs_drv.d" -MT"Core/Src/fatfs_drv.o" --specs=nano.specs -mfpu=fpv5-sp-d16 -mfloat-abi=hard -mthumb -o "Core/Src/fatfs_drv.o"
arm-none-eabi-gcc "../Core/Src/main.c" -mcpu=cortex-m7 -std=gnu11 -g3 -DDEBUG -DUSE_HAL_DRIVER -DSTM32F746xx -c -I../Core/Inc -I../Drivers/STM32F7xx_HAL_Driver/Inc -I../Drivers/STM32F7xx_HAL_Driver/Inc/Legacy -I../Drivers/CMSIS/Device/ST/STM32F7xx/Include -I../Drivers/CMSIS/Include -I../FATFS/Target -I../FATFS/App -I../Middlewares/Third_Party/FatFs/src -O0 -ffunction-sections -fdata-sections -Wall -fstack-usage -fcyclomatic-complexity -MMD -MP -MF"Core/Src/main.d" -MT"Core/Src/main.o" --specs=nano.specs -mfpu=fpv5-sp-d16 -mfloat-abi=hard -mthumb -o "Core/Src/main.o"
arm-none-eabi-gcc -o "SdImageDisplay.elf" @"objects.list"   -mcpu=cortex-m7 -T"C:\Users\diego\Desktop\unizar\informatica-s7\bk121\SdImageDisplay\STM32F746NGHX_FLASH.ld" --specs=nosys.specs -Wl,-Map="SdImageDisplay.map" -Wl,--gc-sections -static --specs=nano.specs -mfpu=fpv5-sp-d16 -mfloat-abi=hard -mthumb -Wl,--start-group -lc -lm -Wl,--end-group
Finished building target: SdImageDisplay.elf
 
arm-none-eabi-size  SdImageDisplay.elf 
arm-none-eabi-objdump -h -S SdImageDisplay.elf  > "SdImageDisplay.list"
   text	   data	    bss	    dec	    hex	filename
  40180	     92	   5244	  45516	   b1cc	SdImageDisplay.elf
Finished building: default.size.stdout
 
Finished building: SdImageDisplay.list
 
20:33:13 **** Incremental Build of configuration Debug for project SdImageDisplay ****
make -j8 all 
arm-none-eabi-size  SdImageDisplay.elf 
   text	   data	    bss	    dec	    hex	filename
  40180	     92	   5244	  45516	   b1cc	SdImageDisplay.elf
Finished building: default.size.stdout
 
